223.236.110.211 - - [24/Jun/2021:12:10:52 +0530] "POST /chromium-lms/index.php?r=user/user/jxFetchActivationData HTTP/1.1" 200 429 "http://d.stratbeans.com/chromium-lms/index.php?r=report/paperScore/index&assessmentType=1&id=97" "Mozilla/5.0 (Macintosh; Intel Mac OS X 10_15_7) AppleWebKit/537.36 (KHTML, like Gecko) Chrome/91.0.4472.114 Safari/537.36"
223.236.110.211 - - [24/Jun/2021:12:10:52 +0530] "POST /chromium-lms/index.php?r=report/paperScore/jxfetchreportgriddata HTTP/1.1" 200 657 "http://d.stratbeans.com/chromium-lms/index.php?r=report/paperScore/index&assessmentType=1&id=97" "Mozilla/5.0 (Macintosh; Intel Mac OS X 10_15_7) AppleWebKit/537.36 (KHTML, like Gecko) Chrome/91.0.4472.114 Safari/537.36"
223.236.110.211 - - [24/Jun/2021:12:10:52 +0530] "POST /chromium-lms/index.php?r=report/paperScore/jxfetchreportgriddata HTTP/1.1" 200 658 "http://d.stratbeans.com/chromium-lms/index.php?r=report/paperScore/index&assessmentType=1&id=97" "Mozilla/5.0 (Macintosh; Intel Mac OS X 10_15_7) AppleWebKit/537.36 (KHTML, like Gecko) Chrome/91.0.4472.114 Safari/537.36"
223.236.110.211 - - [24/Jun/2021:12:10:52 +0530] "POST /chromium-lms/index.php?r=user/user/jxfetchroles HTTP/1.1" 200 470 "http://d.stratbeans.com/chromium-lms/index.php?r=report/paperScore/index&assessmentType=1&id=97" "Mozilla/5.0 (Macintosh; Intel Mac OS X 10_15_7) AppleWebKit/537.36 (KHTML, like Gecko) Chrome/91.0.4472.114 Safari/537.36"
223.236.110.211 - - [24/Jun/2021:12:10:52 +0530] "POST /chromium-lms/index.php?r=user/user/jxfetchDependentField HTTP/1.1" 200 434 "http://d.stratbeans.com/chromium-lms/index.php?r=report/paperScore/index&assessmentType=1&id=97" "Mozilla/5.0 (Macintosh; Intel Mac OS X 10_15_7) AppleWebKit/537.36 (KHTML, like Gecko) Chrome/91.0.4472.114 Safari/537.36"
223.236.110.211 - - [24/Jun/2021:12:10:52 +0530] "POST /chromium-lms/index.php?r=report/paperScore/jxfetchchartdata HTTP/1.1" 200 627 "http://d.stratbeans.com/chromium-lms/index.php?r=report/paperScore/index&assessmentType=1&id=97" "Mozilla/5.0 (Macintosh; Intel Mac OS X 10_15_7) AppleWebKit/537.36 (KHTML, like Gecko) Chrome/91.0.4472.114 Safari/537.36"
223.236.110.211 - - [24/Jun/2021:12:10:52 +0530] "POST /chromium-lms/index.php?r=notification/notification/jxgetunseennotificationcount HTTP/1.1" 200 422 "http://d.stratbeans.com/chromium-lms/index.php?r=report/paperScore/index&assessmentType=1&id=97" "Mozilla/5.0 (Macintosh; Intel Mac OS X 10_15_7) AppleWebKit/537.36 (KHTML, like Gecko) Chrome/91.0.4472.114 Safari/537.36"
223.236.110.211 - - [24/Jun/2021:12:10:52 +0530] "POST /chromium-lms/index.php?r=report/paperScore/jxfetchbargraphdata HTTP/1.1" 200 462 "http://d.stratbeans.com/chromium-lms/index.php?r=report/paperScore/index&assessmentType=1&id=97" "Mozilla/5.0 (Macintosh; Intel Mac OS X 10_15_7) AppleWebKit/537.36 (KHTML, like Gecko) Chrome/91.0.4472.114 Safari/537.36"
49.206.10.51 - - [24/Jun/2021:12:10:52 +0530] "POST /tvsUAT/index.php?r=user/user/jxGetDependentDropdownDataForCustomField HTTP/1.1" 200 428 "http://d.stratbeans.com/tvsUAT/index.php?r=user/user" "Mozilla/5.0 (Windows NT 10.0; Win64; x64) AppleWebKit/537.36 (KHTML, like Gecko) Chrome/91.0.4472.114 Safari/537.36"
223.236.110.211 - - [24/Jun/2021:12:10:53 +0530] "GET /chromium-lms/index.php?r=report/allPaperScore HTTP/1.1" 200 8647 "http://d.stratbeans.com/chromium-lms/index.php?r=report/paperScore/index&assessmentType=1&id=97" "Mozilla/5.0 (Macintosh; Intel Mac OS X 10_15_7) AppleWebKit/537.36 (KHTML, like Gecko) Chrome/91.0.4472.114 Safari/537.36"
223.236.110.211 - - [24/Jun/2021:12:10:54 +0530] "POST /chromium-lms/index.php?r=user/user/jxFetchActivationData HTTP/1.1" 200 429 "http://d.stratbeans.com/chromium-lms/index.php?r=report/allPaperScore" "Mozilla/5.0 (Macintosh; Intel Mac OS X 10_15_7) AppleWebKit/537.36 (KHTML, like Gecko) Chrome/91.0.4472.114 Safari/537.36"
223.236.110.211 - - [24/Jun/2021:12:10:54 +0530] "POST /chromium-lms/index.php?r=notification/notification/jxgetunseennotificationcount HTTP/1.1" 200 422 "http://d.stratbeans.com/chromium-lms/index.php?r=report/allPaperScore" "Mozilla/5.0 (Macintosh; Intel Mac OS X 10_15_7) AppleWebKit/537.36 (KHTML, like Gecko) Chrome/91.0.4472.114 Safari/537.36"
223.236.110.211 - - [24/Jun/2021:12:10:57 +0530] "POST /chromium-lms/index.php?r=report/allPaperScore/jxfetchreportgriddata HTTP/1.1" 200 1203 "http://d.stratbeans.com/chromium-lms/index.php?r=report/allPaperScore" "Mozilla/5.0 (Macintosh; Intel Mac OS X 10_15_7) AppleWebKit/537.36 (KHTML, like Gecko) Chrome/91.0.4472.114 Safari/537.36"
::1 - - [24/Jun/2021:12:11:00 +0530] "OPTIONS * HTTP/1.0" 200 110 "-" "Apache/2.4.46 (Ubuntu) (internal dummy connection)"
::1 - - [24/Jun/2021:12:11:05 +0530] "OPTIONS * HTTP/1.0" 200 110 "-" "Apache/2.4.46 (Ubuntu) (internal dummy connection)"
223.236.110.211 - - [24/Jun/2021:12:11:17 +0530] "POST /chromium-lms/index.php?r=report/allPaperScore/jxfetchreportgriddata HTTP/1.1" 200 1129 "http://d.stratbeans.com/chromium-lms/index.php?r=report/allPaperScore" "Mozilla/5.0 (Macintosh; Intel Mac OS X 10_15_7) AppleWebKit/537.36 (KHTML, like Gecko) Chrome/91.0.4472.114 Safari/537.36"
49.206.10.51 - - [24/Jun/2021:12:11:21 +0530] "POST /tvsUAT/index.php?r=notification/notification/jxgetunseennotificationcount HTTP/1.1" 200 425 "http://d.stratbeans.com/tvsUAT/index.php?r=user/user" "Mozilla/5.0 (Windows NT 10.0; Win64; x64) AppleWebKit/537.36 (KHTML, like Gecko) Chrome/91.0.4472.114 Safari/537.36"
223.236.110.211 - - [24/Jun/2021:12:11:28 +0530] "POST /chromium-lms/index.php?r=report/allPaperScore/jxfetchreportgriddata HTTP/1.1" 200 1129 "http://d.stratbeans.com/chromium-lms/index.php?r=report/allPaperScore" "Mozilla/5.0 (Macintosh; Intel Mac OS X 10_15_7) AppleWebKit/537.36 (KHTML, like Gecko) Chrome/91.0.4472.114 Safari/537.36"
223.236.110.211 - - [24/Jun/2021:12:11:30 +0530] "POST /chromium-lms/index.php?r=report/allPaperScore/jxfetchreportgriddata HTTP/1.1" 200 1230 "http://d.stratbeans.com/chromium-lms/index.php?r=report/allPaperScore" "Mozilla/5.0 (Macintosh; Intel Mac OS X 10_15_7) AppleWebKit/537.36 (KHTML, like Gecko) Chrome/91.0.4472.114 Safari/537.36"
223.236.110.211 - - [24/Jun/2021:12:11:37 +0530] "POST /chromium-lms/index.php?r=report/allPaperScore/jxfetchreportgriddata HTTP/1.1" 200 1268 "http://d.stratbeans.com/chromium-lms/index.php?r=report/allPaperScore" "Mozilla/5.0 (Macintosh; Intel Mac OS X 10_15_7) AppleWebKit/537.36 (KHTML, like Gecko) Chrome/91.0.4472.114 Safari/537.36"
223.236.110.211 - - [24/Jun/2021:12:11:40 +0530] "POST /chromium-lms/index.php?r=report/allPaperScore/jxfetchreportgriddata HTTP/1.1" 200 1128 "http://d.stratbeans.com/chromium-lms/index.php?r=report/allPaperScore" "Mozilla/5.0 (Macintosh; Intel Mac OS X 10_15_7) AppleWebKit/537.36 (KHTML, like Gecko) Chrome/91.0.4472.114 Safari/537.36"
223.236.110.211 - - [24/Jun/2021:12:11:47 +0530] "GET /chromium-lms/index.php?r=report/paperScore/unattempted&assessmentType=1&id=9 HTTP/1.1" 200 11683 "http://d.stratbeans.com/chromium-lms/index.php?r=report/allPaperScore" "Mozilla/5.0 (Macintosh; Intel Mac OS X 10_15_7) AppleWebKit/537.36 (KHTML, like Gecko) Chrome/91.0.4472.114 Safari/537.36"
223.236.110.211 - - [24/Jun/2021:12:11:48 +0530] "POST /chromium-lms/index.php?r=user/user/jxFetchActivationData HTTP/1.1" 200 429 "http://d.stratbeans.com/chromium-lms/index.php?r=report/paperScore/unattempted&assessmentType=1&id=9" "Mozilla/5.0 (Macintosh; Intel Mac OS X 10_15_7) AppleWebKit/537.36 (KHTML, like Gecko) Chrome/91.0.4472.114 Safari/537.36"
223.236.110.211 - - [24/Jun/2021:12:11:48 +0530] "POST /chromium-lms/index.php?r=report/paperScore/jxfetchunattemptedreportgriddata HTTP/1.1" 500 27110 "http://d.stratbeans.com/chromium-lms/index.php?r=report/paperScore/unattempted&assessmentType=1&id=9" "Mozilla/5.0 (Macintosh; Intel Mac OS X 10_15_7) AppleWebKit/537.36 (KHTML, like Gecko) Chrome/91.0.4472.114 Safari/537.36"
223.236.110.211 - - [24/Jun/2021:12:11:48 +0530] "POST /chromium-lms/index.php?r=user/user/jxfetchroles HTTP/1.1" 200 470 "http://d.stratbeans.com/chromium-lms/index.php?r=report/paperScore/unattempted&assessmentType=1&id=9" "Mozilla/5.0 (Macintosh; Intel Mac OS X 10_15_7) AppleWebKit/537.36 (KHTML, like Gecko) Chrome/91.0.4472.114 Safari/537.36"
223.236.110.211 - - [24/Jun/2021:12:11:48 +0530] "POST /chromium-lms/index.php?r=user/user/jxfetchDependentField HTTP/1.1" 200 434 "http://d.stratbeans.com/chromium-lms/index.php?r=report/paperScore/unattempted&assessmentType=1&id=9" "Mozilla/5.0 (Macintosh; Intel Mac OS X 10_15_7) AppleWebKit/537.36 (KHTML, like Gecko) Chrome/91.0.4472.114 Safari/537.36"
223.236.110.211 - - [24/Jun/2021:12:11:48 +0530] "POST /chromium-lms/index.php?r=notification/notification/jxgetunseennotificationcount HTTP/1.1" 200 422 "http://d.stratbeans.com/chromium-lms/index.php?r=report/paperScore/unattempted&assessmentType=1&id=9" "Mozilla/5.0 (Macintosh; Intel Mac OS X 10_15_7) AppleWebKit/537.36 (KHTML, like Gecko) Chrome/91.0.4472.114 Safari/537.36"
223.236.110.211 - - [24/Jun/2021:12:11:54 +0530] "POST /chromium-lms/index.php?r=report/paperScore/jxfetchunattemptedreportgriddata HTTP/1.1" 500 27110 "http://d.stratbeans.com/chromium-lms/index.php?r=report/paperScore/unattempted&assessmentType=1&id=9" "Mozilla/5.0 (Macintosh; Intel Mac OS X 10_15_7) AppleWebKit/537.36 (KHTML, like Gecko) Chrome/91.0.4472.114 Safari/537.36"
223.236.110.211 - - [24/Jun/2021:12:11:56 +0530] "POST /chromium-lms/index.php?r=report/paperScore/jxfetchunattemptedreportgriddata HTTP/1.1" 500 27110 "http://d.stratbeans.com/chromium-lms/index.php?r=report/paperScore/unattempted&assessmentType=1&id=9" "Mozilla/5.0 (Macintosh; Intel Mac OS X 10_15_7) AppleWebKit/537.36 (KHTML, like Gecko) Chrome/91.0.4472.114 Safari/537.36"
223.236.110.211 - - [24/Jun/2021:12:11:58 +0530] "POST /chromium-lms/index.php?r=report/paperScore/jxfetchunattemptedreportgriddata HTTP/1.1" 500 27110 "http://d.stratbeans.com/chromium-lms/index.php?r=report/paperScore/unattempted&assessmentType=1&id=9" "Mozilla/5.0 (Macintosh; Intel Mac OS X 10_15_7) AppleWebKit/537.36 (KHTML, like Gecko) Chrome/91.0.4472.114 Safari/537.36"
223.236.110.211 - - [24/Jun/2021:12:12:06 +0530] "GET /chromium-lms/index.php?r=report/allPaperScore HTTP/1.1" 200 8648 "http://d.stratbeans.com/chromium-lms/index.php?r=report/paperScore/unattempted&assessmentType=1&id=9" "Mozilla/5.0 (Macintosh; Intel Mac OS X 10_15_7) AppleWebKit/537.36 (KHTML, like Gecko) Chrome/91.0.4472.114 Safari/537.36"
223.236.110.211 - - [24/Jun/2021:12:12:07 +0530] "POST /chromium-lms/index.php?r=user/user/jxFetchActivationData HTTP/1.1" 200 429 "http://d.stratbeans.com/chromium-lms/index.php?r=report/allPaperScore" "Mozilla/5.0 (Macintosh; Intel Mac OS X 10_15_7) AppleWebKit/537.36 (KHTML, like Gecko) Chrome/91.0.4472.114 Safari/537.36"
223.236.110.211 - - [24/Jun/2021:12:12:07 +0530] "POST /chromium-lms/index.php?r=notification/notification/jxgetunseennotificationcount HTTP/1.1" 200 422 "http://d.stratbeans.com/chromium-lms/index.php?r=report/allPaperScore" "Mozilla/5.0 (Macintosh; Intel Mac OS X 10_15_7) AppleWebKit/537.36 (KHTML, like Gecko) Chrome/91.0.4472.114 Safari/537.36"
49.206.10.51 - - [24/Jun/2021:12:12:11 +0530] "POST /tvsUAT/index.php?r=user/user/jxGetDependentDropdownDataForCustomField HTTP/1.1" 200 429 "http://d.stratbeans.com/tvsUAT/index.php?r=user/user" "Mozilla/5.0 (Windows NT 10.0; Win64; x64) AppleWebKit/537.36 (KHTML, like Gecko) Chrome/91.0.4472.114 Safari/537.36"
223.236.110.211 - - [24/Jun/2021:12:12:12 +0530] "POST /chromium-lms/index.php?r=report/allPaperScore/jxfetchreportgriddata HTTP/1.1" 200 1203 "http://d.stratbeans.com/chromium-lms/index.php?r=report/allPaperScore" "Mozilla/5.0 (Macintosh; Intel Mac OS X 10_15_7) AppleWebKit/537.36 (KHTML, like Gecko) Chrome/91.0.4472.114 Safari/537.36"
223.236.110.211 - - [24/Jun/2021:12:12:14 +0530] "POST /chromium-lms/index.php?r=report/allPaperScore/jxfetchreportgriddata HTTP/1.1" 200 1128 "http://d.stratbeans.com/chromium-lms/index.php?r=report/allPaperScore" "Mozilla/5.0 (Macintosh; Intel Mac OS X 10_15_7) AppleWebKit/537.36 (KHTML, like Gecko) Chrome/91.0.4472.114 Safari/537.36"
49.206.10.51 - - [24/Jun/2021:12:12:15 +0530] "POST /tvsUAT/index.php?r=user/user/jxGetDependentDropdownDataForCustomField HTTP/1.1" 200 428 "http://d.stratbeans.com/tvsUAT/index.php?r=user/user" "Mozilla/5.0 (Windows NT 10.0; Win64; x64) AppleWebKit/537.36 (KHTML, like Gecko) Chrome/91.0.4472.114 Safari/537.36"
223.236.110.211 - - [24/Jun/2021:12:12:25 +0530] "GET /chromium-lms/index.php?r=report/paperScore/unattempted&assessmentType=1&id=23 HTTP/1.1" 200 11685 "http://d.stratbeans.com/chromium-lms/index.php?r=report/allPaperScore" "Mozilla/5.0 (Macintosh; Intel Mac OS X 10_15_7) AppleWebKit/537.36 (KHTML, like Gecko) Chrome/91.0.4472.114 Safari/537.36"
223.236.110.211 - - [24/Jun/2021:12:12:26 +0530] "POST /chromium-lms/index.php?r=user/user/jxFetchActivationData HTTP/1.1" 200 429 "http://d.stratbeans.com/chromium-lms/index.php?r=report/paperScore/unattempted&assessmentType=1&id=23" "Mozilla/5.0 (Macintosh; Intel Mac OS X 10_15_7) AppleWebKit/537.36 (KHTML, like Gecko) Chrome/91.0.4472.114 Safari/537.36"
223.236.110.211 - - [24/Jun/2021:12:12:26 +0530] "POST /chromium-lms/index.php?r=report/paperScore/jxfetchunattemptedreportgriddata HTTP/1.1" 500 27111 "http://d.stratbeans.com/chromium-lms/index.php?r=report/paperScore/unattempted&assessmentType=1&id=23" "Mozilla/5.0 (Macintosh; Intel Mac OS X 10_15_7) AppleWebKit/537.36 (KHTML, like Gecko) Chrome/91.0.4472.114 Safari/537.36"
223.236.110.211 - - [24/Jun/2021:12:12:26 +0530] "POST /chromium-lms/index.php?r=user/user/jxfetchDependentField HTTP/1.1" 200 434 "http://d.stratbeans.com/chromium-lms/index.php?r=report/paperScore/unattempted&assessmentType=1&id=23" "Mozilla/5.0 (Macintosh; Intel Mac OS X 10_15_7) AppleWebKit/537.36 (KHTML, like Gecko) Chrome/91.0.4472.114 Safari/537.36"
223.236.110.211 - - [24/Jun/2021:12:12:26 +0530] "POST /chromium-lms/index.php?r=user/user/jxfetchroles HTTP/1.1" 200 470 "http://d.stratbeans.com/chromium-lms/index.php?r=report/paperScore/unattempted&assessmentType=1&id=23" "Mozilla/5.0 (Macintosh; Intel Mac OS X 10_15_7) AppleWebKit/537.36 (KHTML, like Gecko) Chrome/91.0.4472.114 Safari/537.36"
223.236.110.211 - - [24/Jun/2021:12:12:26 +0530] "POST /chromium-lms/index.php?r=notification/notification/jxgetunseennotificationcount HTTP/1.1" 200 422 "http://d.stratbeans.com/chromium-lms/index.php?r=report/paperScore/unattempted&assessmentType=1&id=23" "Mozilla/5.0 (Macintosh; Intel Mac OS X 10_15_7) AppleWebKit/537.36 (KHTML, like Gecko) Chrome/91.0.4472.114 Safari/537.36"
223.236.110.211 - - [24/Jun/2021:12:12:31 +0530] "POST /chromium-lms/index.php?r=report/paperScore/jxfetchunattemptedreportgriddata HTTP/1.1" 500 27111 "http://d.stratbeans.com/chromium-lms/index.php?r=report/paperScore/unattempted&assessmentType=1&id=23" "Mozilla/5.0 (Macintosh; Intel Mac OS X 10_15_7) AppleWebKit/537.36 (KHTML, like Gecko) Chrome/91.0.4472.114 Safari/537.36"
223.236.110.211 - - [24/Jun/2021:12:12:33 +0530] "POST /chromium-lms/index.php?r=report/paperScore/jxfetchunattemptedreportgriddata HTTP/1.1" 500 27111 "http://d.stratbeans.com/chromium-lms/index.php?r=report/paperScore/unattempted&assessmentType=1&id=23" "Mozilla/5.0 (Macintosh; Intel Mac OS X 10_15_7) AppleWebKit/537.36 (KHTML, like Gecko) Chrome/91.0.4472.114 Safari/537.36"
223.236.110.211 - - [24/Jun/2021:12:12:36 +0530] "GET /chromium-lms/index.php?r=dashboard/dashboard HTTP/1.1" 302 389 "http://d.stratbeans.com/chromium-lms/index.php?r=report/paperScore/unattempted&assessmentType=1&id=23" "Mozilla/5.0 (Macintosh; Intel Mac OS X 10_15_7) AppleWebKit/537.36 (KHTML, like Gecko) Chrome/91.0.4472.114 Safari/537.36"
223.236.110.211 - - [24/Jun/2021:12:12:36 +0530] "GET /chromium-lms/index.php?r=chromium_dashboard/dashboard HTTP/1.1" 200 14139 "http://d.stratbeans.com/chromium-lms/index.php?r=report/paperScore/unattempted&assessmentType=1&id=23" "Mozilla/5.0 (Macintosh; Intel Mac OS X 10_15_7) AppleWebKit/537.36 (KHTML, like Gecko) Chrome/91.0.4472.114 Safari/537.36"
223.236.110.211 - - [24/Jun/2021:12:12:42 +0530] "GET /chromium-lms/index.php?r=report/MyCertificateReport HTTP/1.1" 200 7030 "http://d.stratbeans.com/chromium-lms/index.php?r=chromium_dashboard/dashboard" "Mozilla/5.0 (Macintosh; Intel Mac OS X 10_15_7) AppleWebKit/537.36 (KHTML, like Gecko) Chrome/91.0.4472.114 Safari/537.36"
223.236.110.211 - - [24/Jun/2021:12:12:43 +0530] "POST /chromium-lms/index.php?r=report/myCertificateReport/jxfetchgriddata HTTP/1.1" 200 577 "http://d.stratbeans.com/chromium-lms/index.php?r=report/MyCertificateReport" "Mozilla/5.0 (Macintosh; Intel Mac OS X 10_15_7) AppleWebKit/537.36 (KHTML, like Gecko) Chrome/91.0.4472.114 Safari/537.36"
223.236.110.211 - - [24/Jun/2021:12:12:43 +0530] "POST /chromium-lms/index.php?r=user/user/jxFetchActivationData HTTP/1.1" 200 429 "http://d.stratbeans.com/chromium-lms/index.php?r=report/MyCertificateReport" "Mozilla/5.0 (Macintosh; Intel Mac OS X 10_15_7) AppleWebKit/537.36 (KHTML, like Gecko) Chrome/91.0.4472.114 Safari/537.36"
223.236.110.211 - - [24/Jun/2021:12:12:43 +0530] "POST /chromium-lms/index.php?r=notification/notification/jxgetunseennotificationcount HTTP/1.1" 200 422 "http://d.stratbeans.com/chromium-lms/index.php?r=report/MyCertificateReport" "Mozilla/5.0 (Macintosh; Intel Mac OS X 10_15_7) AppleWebKit/537.36 (KHTML, like Gecko) Chrome/91.0.4472.114 Safari/537.36"
49.206.10.51 - - [24/Jun/2021:12:12:46 +0530] "POST /tvsUAT/index.php?r=user/user/jxGetDependentDropdownDataForCustomField HTTP/1.1" 200 429 "http://d.stratbeans.com/tvsUAT/index.php?r=user/user" "Mozilla/5.0 (Windows NT 10.0; Win64; x64) AppleWebKit/537.36 (KHTML, like Gecko) Chrome/91.0.4472.114 Safari/537.36"
223.236.110.211 - - [24/Jun/2021:12:12:49 +0530] "POST /chromium-lms/index.php?r=report/MyCertificateReport/DownloadData HTTP/1.1" 200 517 "http://d.stratbeans.com/chromium-lms/index.php?r=report/MyCertificateReport" "Mozilla/5.0 (Macintosh; Intel Mac OS X 10_15_7) AppleWebKit/537.36 (KHTML, like Gecko) Chrome/91.0.4472.114 Safari/537.36"
49.206.10.51 - - [24/Jun/2021:12:12:51 +0530] "POST /tvsUAT/index.php?r=user/user/jxGetDependentDropdownDataForCustomField HTTP/1.1" 200 429 "http://d.stratbeans.com/tvsUAT/index.php?r=user/user" "Mozilla/5.0 (Windows NT 10.0; Win64; x64) AppleWebKit/537.36 (KHTML, like Gecko) Chrome/91.0.4472.114 Safari/537.36"
49.206.10.51 - - [24/Jun/2021:12:13:00 +0530] "POST /tvsUAT/index.php?r=user/user/jxcreateedituser HTTP/1.1" 200 465 "http://d.stratbeans.com/tvsUAT/index.php?r=user/user" "Mozilla/5.0 (Windows NT 10.0; Win64; x64) AppleWebKit/537.36 (KHTML, like Gecko) Chrome/91.0.4472.114 Safari/537.36"
49.206.10.51 - - [24/Jun/2021:12:13:21 +0530] "POST /tvsUAT/index.php?r=user/user/jxcreateedituser HTTP/1.1" 200 463 "http://d.stratbeans.com/tvsUAT/index.php?r=user/user" "Mozilla/5.0 (Windows NT 10.0; Win64; x64) AppleWebKit/537.36 (KHTML, like Gecko) Chrome/91.0.4472.114 Safari/537.36"
49.206.10.51 - - [24/Jun/2021:12:13:21 +0530] "POST /tvsUAT/index.php?r=user/user/jxfetchgriddata HTTP/1.1" 200 1681 "http://d.stratbeans.com/tvsUAT/index.php?r=user/user" "Mozilla/5.0 (Windows NT 10.0; Win64; x64) AppleWebKit/537.36 (KHTML, like Gecko) Chrome/91.0.4472.114 Safari/537.36"
223.236.110.211 - - [24/Jun/2021:12:13:33 +0530] "GET /chromium-lms/index.php?r=questionbank/questionBank HTTP/1.1" 200 9945 "http://d.stratbeans.com/chromium-lms/index.php?r=report/MyCertificateReport" "Mozilla/5.0 (Macintosh; Intel Mac OS X 10_15_7) AppleWebKit/537.36 (KHTML, like Gecko) Chrome/91.0.4472.114 Safari/537.36"
223.236.110.211 - - [24/Jun/2021:12:13:33 +0530] "GET /chromium-lms/js/xeditable.min.js HTTP/1.1" 200 9068 "http://d.stratbeans.com/chromium-lms/index.php?r=questionbank/questionBank" "Mozilla/5.0 (Macintosh; Intel Mac OS X 10_15_7) AppleWebKit/537.36 (KHTML, like Gecko) Chrome/91.0.4472.114 Safari/537.36"
223.236.110.211 - - [24/Jun/2021:12:13:34 +0530] "POST /chromium-lms/index.php?r=user/user/jxFetchActivationData HTTP/1.1" 200 429 "http://d.stratbeans.com/chromium-lms/index.php?r=questionbank/questionBank" "Mozilla/5.0 (Macintosh; Intel Mac OS X 10_15_7) AppleWebKit/537.36 (KHTML, like Gecko) Chrome/91.0.4472.114 Safari/537.36"
223.236.110.211 - - [24/Jun/2021:12:13:34 +0530] "GET /chromium-lms/images/question_bank_main.jpg HTTP/1.1" 200 42206 "http://d.stratbeans.com/chromium-lms/index.php?r=questionbank/questionBank" "Mozilla/5.0 (Macintosh; Intel Mac OS X 10_15_7) AppleWebKit/537.36 (KHTML, like Gecko) Chrome/91.0.4472.114 Safari/537.36"
223.236.110.211 - - [24/Jun/2021:12:13:34 +0530] "POST /chromium-lms/index.php?r=questionbank/questionBank/jxfetchgriddata HTTP/1.1" 200 825 "http://d.stratbeans.com/chromium-lms/index.php?r=questionbank/questionBank" "Mozilla/5.0 (Macintosh; Intel Mac OS X 10_15_7) AppleWebKit/537.36 (KHTML, like Gecko) Chrome/91.0.4472.114 Safari/537.36"
223.236.110.211 - - [24/Jun/2021:12:13:34 +0530] "POST /chromium-lms/index.php?r=notification/notification/jxgetunseennotificationcount HTTP/1.1" 200 422 "http://d.stratbeans.com/chromium-lms/index.php?r=questionbank/questionBank" "Mozilla/5.0 (Macintosh; Intel Mac OS X 10_15_7) AppleWebKit/537.36 (KHTML, like Gecko) Chrome/91.0.4472.114 Safari/537.36"
223.236.110.211 - - [24/Jun/2021:12:13:34 +0530] "GET /chromium-lms/images/question_bank_1.jpg HTTP/1.1" 200 140569 "http://d.stratbeans.com/chromium-lms/index.php?r=questionbank/questionBank" "Mozilla/5.0 (Macintosh; Intel Mac OS X 10_15_7) AppleWebKit/537.36 (KHTML, like Gecko) Chrome/91.0.4472.114 Safari/537.36"
223.236.110.211 - - [24/Jun/2021:12:13:34 +0530] "GET /chromium-lms/css/material-icons.woff HTTP/1.1" 200 59495 "http://d.stratbeans.com/chromium-lms/css/material-icons.css" "Mozilla/5.0 (Macintosh; Intel Mac OS X 10_15_7) AppleWebKit/537.36 (KHTML, like Gecko) Chrome/91.0.4472.114 Safari/537.36"
223.236.110.211 - - [24/Jun/2021:12:13:40 +0530] "GET /chromium-lms/index.php?r=tms/training/managePrograms HTTP/1.1" 200 8757 "http://d.stratbeans.com/chromium-lms/index.php?r=questionbank/questionBank" "Mozilla/5.0 (Macintosh; Intel Mac OS X 10_15_7) AppleWebKit/537.36 (KHTML, like Gecko) Chrome/91.0.4472.114 Safari/537.36"
223.236.110.211 - - [24/Jun/2021:12:13:40 +0530] "GET /chromium-lms/css/ab-improve.css HTTP/1.1" 200 2655 "http://d.stratbeans.com/chromium-lms/index.php?r=tms/training/managePrograms" "Mozilla/5.0 (Macintosh; Intel Mac OS X 10_15_7) AppleWebKit/537.36 (KHTML, like Gecko) Chrome/91.0.4472.114 Safari/537.36"
223.236.110.211 - - [24/Jun/2021:12:13:40 +0530] "GET /chromium-lms/js/ab-improve.js HTTP/1.1" 200 8414 "http://d.stratbeans.com/chromium-lms/index.php?r=tms/training/managePrograms" "Mozilla/5.0 (Macintosh; Intel Mac OS X 10_15_7) AppleWebKit/537.36 (KHTML, like Gecko) Chrome/91.0.4472.114 Safari/537.36"
223.236.110.211 - - [24/Jun/2021:12:13:41 +0530] "POST /chromium-lms/index.php?r=user/user/jxFetchActivationData HTTP/1.1" 200 429 "http://d.stratbeans.com/chromium-lms/index.php?r=tms/training/managePrograms" "Mozilla/5.0 (Macintosh; Intel Mac OS X 10_15_7) AppleWebKit/537.36 (KHTML, like Gecko) Chrome/91.0.4472.114 Safari/537.36"
223.236.110.211 - - [24/Jun/2021:12:13:41 +0530] "POST /chromium-lms/index.php?r=tms/training/jxfetchgridtrainingprogramdata HTTP/1.1" 200 759 "http://d.stratbeans.com/chromium-lms/index.php?r=tms/training/managePrograms" "Mozilla/5.0 (Macintosh; Intel Mac OS X 10_15_7) AppleWebKit/537.36 (KHTML, like Gecko) Chrome/91.0.4472.114 Safari/537.36"
223.236.110.211 - - [24/Jun/2021:12:13:41 +0530] "POST /chromium-lms/index.php?r=course/course/jxfetchtrainingcategories HTTP/1.1" 200 885 "http://d.stratbeans.com/chromium-lms/index.php?r=tms/training/managePrograms" "Mozilla/5.0 (Macintosh; Intel Mac OS X 10_15_7) AppleWebKit/537.36 (KHTML, like Gecko) Chrome/91.0.4472.114 Safari/537.36"
223.236.110.211 - - [24/Jun/2021:12:13:41 +0530] "POST /chromium-lms/index.php?r=notification/notification/jxgetunseennotificationcount HTTP/1.1" 200 422 "http://d.stratbeans.com/chromium-lms/index.php?r=tms/training/managePrograms" "Mozilla/5.0 (Macintosh; Intel Mac OS X 10_15_7) AppleWebKit/537.36 (KHTML, like Gecko) Chrome/91.0.4472.114 Safari/537.36"
223.236.110.211 - - [24/Jun/2021:12:13:45 +0530] "GET /chromium-lms/index.php?r=tms/training/index&trainingId=0&trainingProgramId=42&trainingCategoryId=32 HTTP/1.1" 200 12549 "http://d.stratbeans.com/chromium-lms/index.php?r=tms/training/managePrograms" "Mozilla/5.0 (Macintosh; Intel Mac OS X 10_15_7) AppleWebKit/537.36 (KHTML, like Gecko) Chrome/91.0.4472.114 Safari/537.36"
223.236.110.211 - - [24/Jun/2021:12:13:45 +0530] "POST /chromium-lms/index.php?r=tms/training/jxfetchTrainingProgram HTTP/1.1" 200 509 "http://d.stratbeans.com/chromium-lms/index.php?r=tms/training/index&trainingId=0&trainingProgramId=42&trainingCategoryId=32" "Mozilla/5.0 (Macintosh; Intel Mac OS X 10_15_7) AppleWebKit/537.36 (KHTML, like Gecko) Chrome/91.0.4472.114 Safari/537.36"
223.236.110.211 - - [24/Jun/2021:12:13:45 +0530] "POST /chromium-lms/index.php?r=tms/training/jxfetchgriddata HTTP/1.1" 200 852 "http://d.stratbeans.com/chromium-lms/index.php?r=tms/training/index&trainingId=0&trainingProgramId=42&trainingCategoryId=32" "Mozilla/5.0 (Macintosh; Intel Mac OS X 10_15_7) AppleWebKit/537.36 (KHTML, like Gecko) Chrome/91.0.4472.114 Safari/537.36"
223.236.110.211 - - [24/Jun/2021:12:13:45 +0530] "POST /chromium-lms/index.php?r=user/user/jxFetchActivationData HTTP/1.1" 200 429 "http://d.stratbeans.com/chromium-lms/index.php?r=tms/training/index&trainingId=0&trainingProgramId=42&trainingCategoryId=32" "Mozilla/5.0 (Macintosh; Intel Mac OS X 10_15_7) AppleWebKit/537.36 (KHTML, like Gecko) Chrome/91.0.4472.114 Safari/537.36"
223.236.110.211 - - [24/Jun/2021:12:13:45 +0530] "POST /chromium-lms/index.php?r=tms/training/jxfetchapprovers HTTP/1.1" 200 466 "http://d.stratbeans.com/chromium-lms/index.php?r=tms/training/index&trainingId=0&trainingProgramId=42&trainingCategoryId=32" "Mozilla/5.0 (Macintosh; Intel Mac OS X 10_15_7) AppleWebKit/537.36 (KHTML, like Gecko) Chrome/91.0.4472.114 Safari/537.36"
223.236.110.211 - - [24/Jun/2021:12:13:45 +0530] "POST /chromium-lms/index.php?r=tms/training/jxfetchtrainingCategoryDropDown HTTP/1.1" 200 890 "http://d.stratbeans.com/chromium-lms/index.php?r=tms/training/index&trainingId=0&trainingProgramId=42&trainingCategoryId=32" "Mozilla/5.0 (Macintosh; Intel Mac OS X 10_15_7) AppleWebKit/537.36 (KHTML, like Gecko) Chrome/91.0.4472.114 Safari/537.36"
223.236.110.211 - - [24/Jun/2021:12:13:45 +0530] "POST /chromium-lms/index.php?r=tms/training/jxfetchtrainingLevelDropDown HTTP/1.1" 200 466 "http://d.stratbeans.com/chromium-lms/index.php?r=tms/training/index&trainingId=0&trainingProgramId=42&trainingCategoryId=32" "Mozilla/5.0 (Macintosh; Intel Mac OS X 10_15_7) AppleWebKit/537.36 (KHTML, like Gecko) Chrome/91.0.4472.114 Safari/537.36"
223.236.110.211 - - [24/Jun/2021:12:13:45 +0530] "POST /chromium-lms/index.php?r=tms/training/jxfetchProgramNameDropDown HTTP/1.1" 200 851 "http://d.stratbeans.com/chromium-lms/index.php?r=tms/training/index&trainingId=0&trainingProgramId=42&trainingCategoryId=32" "Mozilla/5.0 (Macintosh; Intel Mac OS X 10_15_7) AppleWebKit/537.36 (KHTML, like Gecko) Chrome/91.0.4472.114 Safari/537.36"
223.236.110.211 - - [24/Jun/2021:12:13:45 +0530] "POST /chromium-lms/index.php?r=notification/notification/jxgetunseennotificationcount HTTP/1.1" 200 422 "http://d.stratbeans.com/chromium-lms/index.php?r=tms/training/index&trainingId=0&trainingProgramId=42&trainingCategoryId=32" "Mozilla/5.0 (Macintosh; Intel Mac OS X 10_15_7) AppleWebKit/537.36 (KHTML, like Gecko) Chrome/91.0.4472.114 Safari/537.36"
223.236.110.211 - - [24/Jun/2021:12:13:51 +0530] "GET /chromium-lms/index.php?r=tms/training/configure&trainingID=26 HTTP/1.1" 200 27574 "http://d.stratbeans.com/chromium-lms/index.php?r=tms/training/index&trainingId=0&trainingProgramId=42&trainingCategoryId=32" "Mozilla/5.0 (Macintosh; Intel Mac OS X 10_15_7) AppleWebKit/537.36 (KHTML, like Gecko) Chrome/91.0.4472.114 Safari/537.36"
223.236.110.211 - - [24/Jun/2021:12:13:52 +0530] "GET /chromium-lms/js/clockpicker/jquery-clockpicker.min.js HTTP/1.1" 200 4081 "http://d.stratbeans.com/chromium-lms/index.php?r=tms/training/configure&trainingID=26" "Mozilla/5.0 (Macintosh; Intel Mac OS X 10_15_7) AppleWebKit/537.36 (KHTML, like Gecko) Chrome/91.0.4472.114 Safari/537.36"
223.236.110.211 - - [24/Jun/2021:12:13:52 +0530] "GET /chromium-lms/js/angular-strap/angular-strap.js HTTP/1.1" 200 30606 "http://d.stratbeans.com/chromium-lms/index.php?r=tms/training/configure&trainingID=26" "Mozilla/5.0 (Macintosh; Intel Mac OS X 10_15_7) AppleWebKit/537.36 (KHTML, like Gecko) Chrome/91.0.4472.114 Safari/537.36"
223.236.110.211 - - [24/Jun/2021:12:13:52 +0530] "GET /chromium-lms/js/angular-strap/angular-strap.docs.tpl.js HTTP/1.1" 200 1469 "http://d.stratbeans.com/chromium-lms/index.php?r=tms/training/configure&trainingID=26" "Mozilla/5.0 (Macintosh; Intel Mac OS X 10_15_7) AppleWebKit/537.36 (KHTML, like Gecko) Chrome/91.0.4472.114 Safari/537.36"
223.236.110.211 - - [24/Jun/2021:12:13:52 +0530] "GET /chromium-lms/js/angular-strap/angular-strap.tpl.js HTTP/1.1" 200 2422 "http://d.stratbeans.com/chromium-lms/index.php?r=tms/training/configure&trainingID=26" "Mozilla/5.0 (Macintosh; Intel Mac OS X 10_15_7) AppleWebKit/537.36 (KHTML, like Gecko) Chrome/91.0.4472.114 Safari/537.36"
223.236.110.211 - - [24/Jun/2021:12:13:52 +0530] "GET /chromium-lms/css/jquery-clockpicker.min.css HTTP/1.1" 200 2007 "http://d.stratbeans.com/chromium-lms/index.php?r=tms/training/configure&trainingID=26" "Mozilla/5.0 (Macintosh; Intel Mac OS X 10_15_7) AppleWebKit/537.36 (KHTML, like Gecko) Chrome/91.0.4472.114 Safari/537.36"
223.236.110.211 - - [24/Jun/2021:12:13:52 +0530] "POST /chromium-lms/index.php?r=user/user/jxFetchActivationData HTTP/1.1" 200 429 "http://d.stratbeans.com/chromium-lms/index.php?r=tms/training/configure&trainingID=26" "Mozilla/5.0 (Macintosh; Intel Mac OS X 10_15_7) AppleWebKit/537.36 (KHTML, like Gecko) Chrome/91.0.4472.114 Safari/537.36"
223.236.110.211 - - [24/Jun/2021:12:13:52 +0530] "POST /chromium-lms/index.php?r=tms/training/jxfetchbatches HTTP/1.1" 200 503 "http://d.stratbeans.com/chromium-lms/index.php?r=tms/training/configure&trainingID=26" "Mozilla/5.0 (Macintosh; Intel Mac OS X 10_15_7) AppleWebKit/537.36 (KHTML, like Gecko) Chrome/91.0.4472.114 Safari/537.36"
223.236.110.211 - - [24/Jun/2021:12:13:52 +0530] "POST /chromium-lms/index.php?r=tms/training/jxTmsConfigureFetchActivationData HTTP/1.1" 200 2365 "http://d.stratbeans.com/chromium-lms/index.php?r=tms/training/configure&trainingID=26" "Mozilla/5.0 (Macintosh; Intel Mac OS X 10_15_7) AppleWebKit/537.36 (KHTML, like Gecko) Chrome/91.0.4472.114 Safari/537.36"
223.236.110.211 - - [24/Jun/2021:12:13:52 +0530] "POST /chromium-lms/index.php?r=user/user/jxfetchroles HTTP/1.1" 200 470 "http://d.stratbeans.com/chromium-lms/index.php?r=tms/training/configure&trainingID=26" "Mozilla/5.0 (Macintosh; Intel Mac OS X 10_15_7) AppleWebKit/537.36 (KHTML, like Gecko) Chrome/91.0.4472.114 Safari/537.36"
223.236.110.211 - - [24/Jun/2021:12:13:52 +0530] "POST /chromium-lms/index.php?r=tms/training/jxfetchassignedusers HTTP/1.1" 200 515 "http://d.stratbeans.com/chromium-lms/index.php?r=tms/training/configure&trainingID=26" "Mozilla/5.0 (Macintosh; Intel Mac OS X 10_15_7) AppleWebKit/537.36 (KHTML, like Gecko) Chrome/91.0.4472.114 Safari/537.36"
223.236.110.211 - - [24/Jun/2021:12:13:52 +0530] "POST /chromium-lms/index.php?r=tms/training/jxGetCoreAndCustomFields HTTP/1.1" 200 1666 "http://d.stratbeans.com/chromium-lms/index.php?r=tms/training/configure&trainingID=26" "Mozilla/5.0 (Macintosh; Intel Mac OS X 10_15_7) AppleWebKit/537.36 (KHTML, like Gecko) Chrome/91.0.4472.114 Safari/537.36"
223.236.110.211 - - [24/Jun/2021:12:13:52 +0530] "POST /chromium-lms/index.php?r=notification/notification/jxgetunseennotificationcount HTTP/1.1" 200 422 "http://d.stratbeans.com/chromium-lms/index.php?r=tms/training/configure&trainingID=26" "Mozilla/5.0 (Macintosh; Intel Mac OS X 10_15_7) AppleWebKit/537.36 (KHTML, like Gecko) Chrome/91.0.4472.114 Safari/537.36"
223.236.110.211 - - [24/Jun/2021:12:13:52 +0530] "POST /chromium-lms/index.php?r=tms/training/jxfetchassignedusers HTTP/1.1" 200 514 "http://d.stratbeans.com/chromium-lms/index.php?r=tms/training/configure&trainingID=26" "Mozilla/5.0 (Macintosh; Intel Mac OS X 10_15_7) AppleWebKit/537.36 (KHTML, like Gecko) Chrome/91.0.4472.114 Safari/537.36"
223.236.110.211 - - [24/Jun/2021:12:13:52 +0530] "POST /chromium-lms/index.php?r=tms/training/jxfetchassignedusers HTTP/1.1" 200 514 "http://d.stratbeans.com/chromium-lms/index.php?r=tms/training/configure&trainingID=26" "Mozilla/5.0 (Macintosh; Intel Mac OS X 10_15_7) AppleWebKit/537.36 (KHTML, like Gecko) Chrome/91.0.4472.114 Safari/537.36"
::1 - - [24/Jun/2021:12:14:00 +0530] "OPTIONS * HTTP/1.0" 200 110 "-" "Apache/2.4.46 (Ubuntu) (internal dummy connection)"
223.236.110.211 - - [24/Jun/2021:12:14:09 +0530] "POST /chromium-lms/index.php?r=tms/training/jxfetchTrainingName HTTP/1.1" 200 607 "http://d.stratbeans.com/chromium-lms/index.php?r=tms/training/configure&trainingID=26" "Mozilla/5.0 (Macintosh; Intel Mac OS X 10_15_7) AppleWebKit/537.36 (KHTML, like Gecko) Chrome/91.0.4472.114 Safari/537.36"
223.236.110.211 - - [24/Jun/2021:12:14:32 +0530] "POST /chromium-lms/index.php?r=tms/training/jxfetchTrainingName HTTP/1.1" 200 607 "http://d.stratbeans.com/chromium-lms/index.php?r=tms/training/configure&trainingID=26" "Mozilla/5.0 (Macintosh; Intel Mac OS X 10_15_7) AppleWebKit/537.36 (KHTML, like Gecko) Chrome/91.0.4472.114 Safari/537.36"
223.236.110.211 - - [24/Jun/2021:12:14:38 +0530] "POST /chromium-lms/index.php?r=tms/training/jxfetchTrainingName HTTP/1.1" 200 607 "http://d.stratbeans.com/chromium-lms/index.php?r=tms/training/configure&trainingID=26" "Mozilla/5.0 (Macintosh; Intel Mac OS X 10_15_7) AppleWebKit/537.36 (KHTML, like Gecko) Chrome/91.0.4472.114 Safari/537.36"
223.236.110.211 - - [24/Jun/2021:12:14:39 +0530] "POST /chromium-lms/index.php?r=tms/training/jxfetchTrainingName HTTP/1.1" 200 606 "http://d.stratbeans.com/chromium-lms/index.php?r=tms/training/configure&trainingID=26" "Mozilla/5.0 (Macintosh; Intel Mac OS X 10_15_7) AppleWebKit/537.36 (KHTML, like Gecko) Chrome/91.0.4472.114 Safari/537.36"
223.236.110.211 - - [24/Jun/2021:12:14:46 +0530] "GET /chromium-lms/index.php?r=user/login/logout HTTP/1.1" 302 836 "http://d.stratbeans.com/chromium-lms/index.php?r=tms/training/configure&trainingID=26" "Mozilla/5.0 (Macintosh; Intel Mac OS X 10_15_7) AppleWebKit/537.36 (KHTML, like Gecko) Chrome/91.0.4472.114 Safari/537.36"
223.236.110.211 - - [24/Jun/2021:12:14:46 +0530] "GET /chromium-lms/index.php?r=user/login/index&lang=en HTTP/1.1" 200 4239 "http://d.stratbeans.com/chromium-lms/index.php?r=tms/training/configure&trainingID=26" "Mozilla/5.0 (Macintosh; Intel Mac OS X 10_15_7) AppleWebKit/537.36 (KHTML, like Gecko) Chrome/91.0.4472.114 Safari/537.36"
223.236.110.211 - - [24/Jun/2021:12:14:46 +0530] "POST /chromium-lms/index.php?r=user/login/jxfetchlanguagepreference HTTP/1.1" 200 443 "http://d.stratbeans.com/chromium-lms/index.php?r=user/login/index&lang=en" "Mozilla/5.0 (Macintosh; Intel Mac OS X 10_15_7) AppleWebKit/537.36 (KHTML, like Gecko) Chrome/91.0.4472.114 Safari/537.36"
223.236.110.211 - - [24/Jun/2021:12:14:46 +0530] "POST /chromium-lms/index.php?r=user/login/jxfetchlanguagepreference HTTP/1.1" 200 442 "http://d.stratbeans.com/chromium-lms/index.php?r=user/login/index&lang=en" "Mozilla/5.0 (Macintosh; Intel Mac OS X 10_15_7) AppleWebKit/537.36 (KHTML, like Gecko) Chrome/91.0.4472.114 Safari/537.36"
49.206.10.51 - - [24/Jun/2021:12:16:22 +0530] "POST /tvsUAT/index.php?r=notification/notification/jxgetunseennotificationcount HTTP/1.1" 200 425 "http://d.stratbeans.com/tvsUAT/index.php?r=user/user" "Mozilla/5.0 (Windows NT 10.0; Win64; x64) AppleWebKit/537.36 (KHTML, like Gecko) Chrome/91.0.4472.114 Safari/537.36"
49.206.10.51 - - [24/Jun/2021:12:16:35 +0530] "POST /tvsUAT/index.php?r=user/user/jxGetDependentDropdownDataForCustomField HTTP/1.1" 200 429 "http://d.stratbeans.com/tvsUAT/index.php?r=user/user" "Mozilla/5.0 (Windows NT 10.0; Win64; x64) AppleWebKit/537.36 (KHTML, like Gecko) Chrome/91.0.4472.114 Safari/537.36"
49.206.10.51 - - [24/Jun/2021:12:16:39 +0530] "POST /tvsUAT/index.php?r=user/user/jxfetchgriddata HTTP/1.1" 200 889 "http://d.stratbeans.com/tvsUAT/index.php?r=user/user" "Mozilla/5.0 (Windows NT 10.0; Win64; x64) AppleWebKit/537.36 (KHTML, like Gecko) Chrome/91.0.4472.114 Safari/537.36"
49.206.10.51 - - [24/Jun/2021:12:17:37 +0530] "GET /tvsUAT/index.php?r=user/upload HTTP/1.1" 200 7224 "http://d.stratbeans.com/tvsUAT/index.php?r=user/user" "Mozilla/5.0 (Windows NT 10.0; Win64; x64) AppleWebKit/537.36 (KHTML, like Gecko) Chrome/91.0.4472.114 Safari/537.36"
49.206.10.51 - - [24/Jun/2021:12:17:37 +0530] "GET /tvsUAT/index.php?r=test/play/getFile&mediaID=20 HTTP/1.1" 200 1718 "http://d.stratbeans.com/tvsUAT/index.php?r=user/upload" "Mozilla/5.0 (Windows NT 10.0; Win64; x64) AppleWebKit/537.36 (KHTML, like Gecko) Chrome/91.0.4472.114 Safari/537.36"
49.206.10.51 - - [24/Jun/2021:12:17:37 +0530] "POST /tvsUAT/index.php?r=user/user/jxFetchActivationData HTTP/1.1" 200 429 "http://d.stratbeans.com/tvsUAT/index.php?r=user/upload" "Mozilla/5.0 (Windows NT 10.0; Win64; x64) AppleWebKit/537.36 (KHTML, like Gecko) Chrome/91.0.4472.114 Safari/537.36"
49.206.10.51 - - [24/Jun/2021:12:17:37 +0530] "POST /tvsUAT/index.php?r=notification/notification/jxgetunseennotificationcount HTTP/1.1" 200 424 "http://d.stratbeans.com/tvsUAT/index.php?r=user/upload" "Mozilla/5.0 (Windows NT 10.0; Win64; x64) AppleWebKit/537.36 (KHTML, like Gecko) Chrome/91.0.4472.114 Safari/537.36"
223.178.148.229 - - [24/Jun/2021:12:17:58 +0530] "POST /sales-chromium/index.php?r=notification/notification/jxgetunseennotificationcount HTTP/1.1" 302 373 "http://d.stratbeans.com/sales-chromium/index.php?r=report/allCourseScore/index" "Mozilla/5.0 (Macintosh; Intel Mac OS X 10_15_6) AppleWebKit/605.1.15 (KHTML, like Gecko) Version/14.0.3 Safari/605.1.15"
223.178.148.229 - - [24/Jun/2021:12:17:59 +0530] "GET /sales-chromium/index.php?r=user/login HTTP/1.1" 200 3681 "http://d.stratbeans.com/sales-chromium/index.php?r=report/allCourseScore/index" "Mozilla/5.0 (Macintosh; Intel Mac OS X 10_15_6) AppleWebKit/605.1.15 (KHTML, like Gecko) Version/14.0.3 Safari/605.1.15"
49.206.10.51 - - [24/Jun/2021:12:18:12 +0530] "POST /tvsUAT/index.php?r=user/upload HTTP/1.1" 200 7240 "http://d.stratbeans.com/tvsUAT/index.php?r=user/upload" "Mozilla/5.0 (Windows NT 10.0; Win64; x64) AppleWebKit/537.36 (KHTML, like Gecko) Chrome/91.0.4472.114 Safari/537.36"
49.206.10.51 - - [24/Jun/2021:12:18:13 +0530] "GET /tvsUAT/index.php?r=test/play/getFile&mediaID=20 HTTP/1.1" 200 1718 "http://d.stratbeans.com/tvsUAT/index.php?r=user/upload" "Mozilla/5.0 (Windows NT 10.0; Win64; x64) AppleWebKit/537.36 (KHTML, like Gecko) Chrome/91.0.4472.114 Safari/537.36"
49.206.10.51 - - [24/Jun/2021:12:18:13 +0530] "POST /tvsUAT/index.php?r=user/user/jxFetchActivationData HTTP/1.1" 200 429 "http://d.stratbeans.com/tvsUAT/index.php?r=user/upload" "Mozilla/5.0 (Windows NT 10.0; Win64; x64) AppleWebKit/537.36 (KHTML, like Gecko) Chrome/91.0.4472.114 Safari/537.36"
49.206.10.51 - - [24/Jun/2021:12:18:13 +0530] "POST /tvsUAT/index.php?r=notification/notification/jxgetunseennotificationcount HTTP/1.1" 200 424 "http://d.stratbeans.com/tvsUAT/index.php?r=user/upload" "Mozilla/5.0 (Windows NT 10.0; Win64; x64) AppleWebKit/537.36 (KHTML, like Gecko) Chrome/91.0.4472.114 Safari/537.36"
49.206.10.51 - - [24/Jun/2021:12:18:16 +0530] "GET /tvsUAT/index.php?r=user/upload/downloadFile HTTP/1.1" 200 1463 "http://d.stratbeans.com/tvsUAT/index.php?r=user/upload" "Mozilla/5.0 (Windows NT 10.0; Win64; x64) AppleWebKit/537.36 (KHTML, like Gecko) Chrome/91.0.4472.114 Safari/537.36"
49.206.10.51 - - [24/Jun/2021:12:19:04 +0530] "-" 408 0 "-" "-"
106.75.181.78 - - [24/Jun/2021:12:19:41 +0530] "GET /xmlrpc.php HTTP/1.1" 404 397 "-" "Mozilla/5.0 (Windows NT 6.1; WOW64; rv:45.0) Gecko/20100101 Firefox/45.0"
49.206.10.51 - - [24/Jun/2021:12:20:52 +0530] "POST /tvsUAT/index.php?r=user/upload HTTP/1.1" 200 7229 "http://d.stratbeans.com/tvsUAT/index.php?r=user/upload" "Mozilla/5.0 (Windows NT 10.0; Win64; x64) AppleWebKit/537.36 (KHTML, like Gecko) Chrome/91.0.4472.114 Safari/537.36"
49.206.10.51 - - [24/Jun/2021:12:20:53 +0530] "GET /tvsUAT/index.php?r=test/play/getFile&mediaID=20 HTTP/1.1" 200 1718 "http://d.stratbeans.com/tvsUAT/index.php?r=user/upload" "Mozilla/5.0 (Windows NT 10.0; Win64; x64) AppleWebKit/537.36 (KHTML, like Gecko) Chrome/91.0.4472.114 Safari/537.36"
49.206.10.51 - - [24/Jun/2021:12:20:53 +0530] "POST /tvsUAT/index.php?r=user/user/jxFetchActivationData HTTP/1.1" 200 429 "http://d.stratbeans.com/tvsUAT/index.php?r=user/upload" "Mozilla/5.0 (Windows NT 10.0; Win64; x64) AppleWebKit/537.36 (KHTML, like Gecko) Chrome/91.0.4472.114 Safari/537.36"
49.206.10.51 - - [24/Jun/2021:12:20:53 +0530] "POST /tvsUAT/index.php?r=notification/notification/jxgetunseennotificationcount HTTP/1.1" 200 424 "http://d.stratbeans.com/tvsUAT/index.php?r=user/upload" "Mozilla/5.0 (Windows NT 10.0; Win64; x64) AppleWebKit/537.36 (KHTML, like Gecko) Chrome/91.0.4472.114 Safari/537.36"
49.206.10.51 - - [24/Jun/2021:12:21:12 +0530] "GET /tvsUAT/index.php?r=user/user HTTP/1.1" 200 28143 "http://d.stratbeans.com/tvsUAT/index.php?r=user/upload" "Mozilla/5.0 (Windows NT 10.0; Win64; x64) AppleWebKit/537.36 (KHTML, like Gecko) Chrome/91.0.4472.114 Safari/537.36"
49.206.10.51 - - [24/Jun/2021:12:21:13 +0530] "GET /tvsUAT/index.php?r=test/play/getFile&mediaID=20 HTTP/1.1" 200 1718 "http://d.stratbeans.com/tvsUAT/index.php?r=user/user" "Mozilla/5.0 (Windows NT 10.0; Win64; x64) AppleWebKit/537.36 (KHTML, like Gecko) Chrome/91.0.4472.114 Safari/537.36"
49.206.10.51 - - [24/Jun/2021:12:21:13 +0530] "POST /tvsUAT/index.php?r=user/user/jxfetchgriddata HTTP/1.1" 200 1703 "http://d.stratbeans.com/tvsUAT/index.php?r=user/user" "Mozilla/5.0 (Windows NT 10.0; Win64; x64) AppleWebKit/537.36 (KHTML, like Gecko) Chrome/91.0.4472.114 Safari/537.36"
49.206.10.51 - - [24/Jun/2021:12:21:13 +0530] "POST /tvsUAT/index.php?r=user/user/jxFetchActivationData HTTP/1.1" 200 429 "http://d.stratbeans.com/tvsUAT/index.php?r=user/user" "Mozilla/5.0 (Windows NT 10.0; Win64; x64) AppleWebKit/537.36 (KHTML, like Gecko) Chrome/91.0.4472.114 Safari/537.36"
49.206.10.51 - - [24/Jun/2021:12:21:13 +0530] "POST /tvsUAT/index.php?r=user/user/jxgetcustomuserfields HTTP/1.1" 200 1318 "http://d.stratbeans.com/tvsUAT/index.php?r=user/user" "Mozilla/5.0 (Windows NT 10.0; Win64; x64) AppleWebKit/537.36 (KHTML, like Gecko) Chrome/91.0.4472.114 Safari/537.36"
49.206.10.51 - - [24/Jun/2021:12:21:13 +0530] "POST /tvsUAT/index.php?r=user/user/jxfetchDependentField HTTP/1.1" 200 952 "http://d.stratbeans.com/tvsUAT/index.php?r=user/user" "Mozilla/5.0 (Windows NT 10.0; Win64; x64) AppleWebKit/537.36 (KHTML, like Gecko) Chrome/91.0.4472.114 Safari/537.36"
49.206.10.51 - - [24/Jun/2021:12:21:13 +0530] "POST /tvsUAT/index.php?r=notification/notification/jxgetunseennotificationcount HTTP/1.1" 200 424 "http://d.stratbeans.com/tvsUAT/index.php?r=user/user" "Mozilla/5.0 (Windows NT 10.0; Win64; x64) AppleWebKit/537.36 (KHTML, like Gecko) Chrome/91.0.4472.114 Safari/537.36"
49.206.10.51 - - [24/Jun/2021:12:23:42 +0530] "GET /tvsUAT/index.php?r=user/login/logout HTTP/1.1" 302 828 "http://d.stratbeans.com/tvsUAT/index.php?r=user/user" "Mozilla/5.0 (Windows NT 10.0; Win64; x64) AppleWebKit/537.36 (KHTML, like Gecko) Chrome/91.0.4472.114 Safari/537.36"
49.206.10.51 - - [24/Jun/2021:12:23:42 +0530] "GET /tvsUAT/index.php?r=client_user/login/index&lang=en HTTP/1.1" 200 5207 "http://d.stratbeans.com/tvsUAT/index.php?r=user/user" "Mozilla/5.0 (Windows NT 10.0; Win64; x64) AppleWebKit/537.36 (KHTML, like Gecko) Chrome/91.0.4472.114 Safari/537.36"
49.206.10.51 - - [24/Jun/2021:12:23:42 +0530] "POST /tvsUAT/index.php?r=user/login/jxfetchlanguagepreference HTTP/1.1" 200 442 "http://d.stratbeans.com/tvsUAT/index.php?r=client_user/login/index&lang=en" "Mozilla/5.0 (Windows NT 10.0; Win64; x64) AppleWebKit/537.36 (KHTML, like Gecko) Chrome/91.0.4472.114 Safari/537.36"
49.206.10.51 - - [24/Jun/2021:12:23:56 +0530] "POST /tvsUAT/index.php?r=client_user/login/index&lang=en HTTP/1.1" 302 432 "http://d.stratbeans.com/tvsUAT/index.php?r=client_user/login/index&lang=en" "Mozilla/5.0 (Windows NT 10.0; Win64; x64) AppleWebKit/537.36 (KHTML, like Gecko) Chrome/91.0.4472.114 Safari/537.36"
49.206.10.51 - - [24/Jun/2021:12:23:56 +0530] "GET /tvsUAT/index.php?r=dashboard/dashboard HTTP/1.1" 200 8538 "http://d.stratbeans.com/tvsUAT/index.php?r=client_user/login/index&lang=en" "Mozilla/5.0 (Windows NT 10.0; Win64; x64) AppleWebKit/537.36 (KHTML, like Gecko) Chrome/91.0.4472.114 Safari/537.36"
49.206.10.51 - - [24/Jun/2021:12:23:56 +0530] "GET /tvsUAT/index.php?r=test/play/getFile&mediaID=20 HTTP/1.1" 200 1718 "http://d.stratbeans.com/tvsUAT/index.php?r=dashboard/dashboard" "Mozilla/5.0 (Windows NT 10.0; Win64; x64) AppleWebKit/537.36 (KHTML, like Gecko) Chrome/91.0.4472.114 Safari/537.36"
49.206.10.51 - - [24/Jun/2021:12:23:56 +0530] "POST /tvsUAT/index.php?r=user/user/jxFetchActivationData HTTP/1.1" 200 429 "http://d.stratbeans.com/tvsUAT/index.php?r=dashboard/dashboard" "Mozilla/5.0 (Windows NT 10.0; Win64; x64) AppleWebKit/537.36 (KHTML, like Gecko) Chrome/91.0.4472.114 Safari/537.36"
49.206.10.51 - - [24/Jun/2021:12:23:56 +0530] "POST /tvsUAT/index.php?r=notification/notification/jxgetunseennotificationcount HTTP/1.1" 200 424 "http://d.stratbeans.com/tvsUAT/index.php?r=dashboard/dashboard" "Mozilla/5.0 (Windows NT 10.0; Win64; x64) AppleWebKit/537.36 (KHTML, like Gecko) Chrome/91.0.4472.114 Safari/537.36"
49.206.10.51 - - [24/Jun/2021:12:24:01 +0530] "GET /tvsUAT/index.php?r=user/user HTTP/1.1" 200 28144 "http://d.stratbeans.com/tvsUAT/index.php?r=dashboard/dashboard" "Mozilla/5.0 (Windows NT 10.0; Win64; x64) AppleWebKit/537.36 (KHTML, like Gecko) Chrome/91.0.4472.114 Safari/537.36"
49.206.10.51 - - [24/Jun/2021:12:24:02 +0530] "GET /tvsUAT/index.php?r=test/play/getFile&mediaID=20 HTTP/1.1" 200 1718 "http://d.stratbeans.com/tvsUAT/index.php?r=user/user" "Mozilla/5.0 (Windows NT 10.0; Win64; x64) AppleWebKit/537.36 (KHTML, like Gecko) Chrome/91.0.4472.114 Safari/537.36"
49.206.10.51 - - [24/Jun/2021:12:24:02 +0530] "POST /tvsUAT/index.php?r=user/user/jxFetchActivationData HTTP/1.1" 200 429 "http://d.stratbeans.com/tvsUAT/index.php?r=user/user" "Mozilla/5.0 (Windows NT 10.0; Win64; x64) AppleWebKit/537.36 (KHTML, like Gecko) Chrome/91.0.4472.114 Safari/537.36"
49.206.10.51 - - [24/Jun/2021:12:24:02 +0530] "POST /tvsUAT/index.php?r=user/user/jxfetchgriddata HTTP/1.1" 200 1703 "http://d.stratbeans.com/tvsUAT/index.php?r=user/user" "Mozilla/5.0 (Windows NT 10.0; Win64; x64) AppleWebKit/537.36 (KHTML, like Gecko) Chrome/91.0.4472.114 Safari/537.36"
49.206.10.51 - - [24/Jun/2021:12:24:02 +0530] "POST /tvsUAT/index.php?r=user/user/jxgetcustomuserfields HTTP/1.1" 200 1318 "http://d.stratbeans.com/tvsUAT/index.php?r=user/user" "Mozilla/5.0 (Windows NT 10.0; Win64; x64) AppleWebKit/537.36 (KHTML, like Gecko) Chrome/91.0.4472.114 Safari/537.36"
49.206.10.51 - - [24/Jun/2021:12:24:02 +0530] "POST /tvsUAT/index.php?r=user/user/jxfetchDependentField HTTP/1.1" 200 952 "http://d.stratbeans.com/tvsUAT/index.php?r=user/user" "Mozilla/5.0 (Windows NT 10.0; Win64; x64) AppleWebKit/537.36 (KHTML, like Gecko) Chrome/91.0.4472.114 Safari/537.36"
49.206.10.51 - - [24/Jun/2021:12:24:02 +0530] "POST /tvsUAT/index.php?r=notification/notification/jxgetunseennotificationcount HTTP/1.1" 200 424 "http://d.stratbeans.com/tvsUAT/index.php?r=user/user" "Mozilla/5.0 (Windows NT 10.0; Win64; x64) AppleWebKit/537.36 (KHTML, like Gecko) Chrome/91.0.4472.114 Safari/537.36"
49.206.10.51 - - [24/Jun/2021:12:24:08 +0530] "GET /tvsUAT/index.php?r=user/login/logout HTTP/1.1" 302 912 "http://d.stratbeans.com/tvsUAT/index.php?r=user/user" "Mozilla/5.0 (Windows NT 10.0; Win64; x64) AppleWebKit/537.36 (KHTML, like Gecko) Chrome/91.0.4472.114 Safari/537.36"
49.206.10.51 - - [24/Jun/2021:12:24:08 +0530] "GET /tvsUAT/index.php?r=client_user/login/index&lang=en HTTP/1.1" 200 5207 "http://d.stratbeans.com/tvsUAT/index.php?r=user/user" "Mozilla/5.0 (Windows NT 10.0; Win64; x64) AppleWebKit/537.36 (KHTML, like Gecko) Chrome/91.0.4472.114 Safari/537.36"
49.206.10.51 - - [24/Jun/2021:12:24:08 +0530] "POST /tvsUAT/index.php?r=user/login/jxfetchlanguagepreference HTTP/1.1" 200 442 "http://d.stratbeans.com/tvsUAT/index.php?r=client_user/login/index&lang=en" "Mozilla/5.0 (Windows NT 10.0; Win64; x64) AppleWebKit/537.36 (KHTML, like Gecko) Chrome/91.0.4472.114 Safari/537.36"
49.206.10.51 - - [24/Jun/2021:12:24:22 +0530] "POST /tvsUAT/index.php?r=client_user/login/index&lang=en HTTP/1.1" 302 432 "http://d.stratbeans.com/tvsUAT/index.php?r=client_user/login/index&lang=en" "Mozilla/5.0 (Windows NT 10.0; Win64; x64) AppleWebKit/537.36 (KHTML, like Gecko) Chrome/91.0.4472.114 Safari/537.36"
49.206.10.51 - - [24/Jun/2021:12:24:22 +0530] "GET /tvsUAT/index.php?r=dashboard/dashboard HTTP/1.1" 200 7491 "http://d.stratbeans.com/tvsUAT/index.php?r=client_user/login/index&lang=en" "Mozilla/5.0 (Windows NT 10.0; Win64; x64) AppleWebKit/537.36 (KHTML, like Gecko) Chrome/91.0.4472.114 Safari/537.36"
49.206.10.51 - - [24/Jun/2021:12:24:23 +0530] "POST /tvsUAT/index.php?r=user/user/jxFetchActivationData HTTP/1.1" 200 429 "http://d.stratbeans.com/tvsUAT/index.php?r=dashboard/dashboard" "Mozilla/5.0 (Windows NT 10.0; Win64; x64) AppleWebKit/537.36 (KHTML, like Gecko) Chrome/91.0.4472.114 Safari/537.36"
