223.235.128.49 - - [24/Jun/2021:15:17:06 +0530] "GET /gebbs_new/angular-templates/loader/loader.html HTTP/1.1" 200 678 "http://d.stratbeans.com/gebbs_new/index.php?r=tms/training" "Mozilla/5.0 (Windows NT 10.0; Win64; x64) AppleWebKit/537.36 (KHTML, like Gecko) Chrome/91.0.4472.114 Safari/537.36"
223.235.128.49 - - [24/Jun/2021:15:17:06 +0530] "GET /gebbs_new/angular-templates/paginator/paginator.html HTTP/1.1" 200 1051 "http://d.stratbeans.com/gebbs_new/index.php?r=tms/training" "Mozilla/5.0 (Windows NT 10.0; Win64; x64) AppleWebKit/537.36 (KHTML, like Gecko) Chrome/91.0.4472.114 Safari/537.36"
223.235.128.49 - - [24/Jun/2021:15:17:06 +0530] "POST /gebbs_new/index.php?r=user/user/jxFetchActivationData HTTP/1.1" 200 429 "http://d.stratbeans.com/gebbs_new/index.php?r=tms/training" "Mozilla/5.0 (Windows NT 10.0; Win64; x64) AppleWebKit/537.36 (KHTML, like Gecko) Chrome/91.0.4472.114 Safari/537.36"
223.235.128.49 - - [24/Jun/2021:15:17:06 +0530] "POST /gebbs_new/index.php?r=tms/training/jxfetchgriddata HTTP/1.1" 200 815 "http://d.stratbeans.com/gebbs_new/index.php?r=tms/training" "Mozilla/5.0 (Windows NT 10.0; Win64; x64) AppleWebKit/537.36 (KHTML, like Gecko) Chrome/91.0.4472.114 Safari/537.36"
223.235.128.49 - - [24/Jun/2021:15:17:06 +0530] "POST /gebbs_new/index.php?r=tms/training/jxfetchtrainingCategoryDropDown HTTP/1.1" 200 1212 "http://d.stratbeans.com/gebbs_new/index.php?r=tms/training" "Mozilla/5.0 (Windows NT 10.0; Win64; x64) AppleWebKit/537.36 (KHTML, like Gecko) Chrome/91.0.4472.114 Safari/537.36"
223.235.128.49 - - [24/Jun/2021:15:17:06 +0530] "POST /gebbs_new/index.php?r=tms/training/jxfetchtrainingLevelDropDown HTTP/1.1" 200 465 "http://d.stratbeans.com/gebbs_new/index.php?r=tms/training" "Mozilla/5.0 (Windows NT 10.0; Win64; x64) AppleWebKit/537.36 (KHTML, like Gecko) Chrome/91.0.4472.114 Safari/537.36"
223.235.128.49 - - [24/Jun/2021:15:17:06 +0530] "GET /gebbs_new/images/loading.gif HTTP/1.1" 200 30444 "http://d.stratbeans.com/gebbs_new/index.php?r=tms/training" "Mozilla/5.0 (Windows NT 10.0; Win64; x64) AppleWebKit/537.36 (KHTML, like Gecko) Chrome/91.0.4472.114 Safari/537.36"
223.235.128.49 - - [24/Jun/2021:15:17:06 +0530] "POST /gebbs_new/index.php?r=tms/training/jxfetchapprovers HTTP/1.1" 200 1427 "http://d.stratbeans.com/gebbs_new/index.php?r=tms/training" "Mozilla/5.0 (Windows NT 10.0; Win64; x64) AppleWebKit/537.36 (KHTML, like Gecko) Chrome/91.0.4472.114 Safari/537.36"
223.235.128.49 - - [24/Jun/2021:15:17:06 +0530] "POST /gebbs_new/index.php?r=tms/training/jxfetchProgramNameDropDown HTTP/1.1" 200 1091 "http://d.stratbeans.com/gebbs_new/index.php?r=tms/training" "Mozilla/5.0 (Windows NT 10.0; Win64; x64) AppleWebKit/537.36 (KHTML, like Gecko) Chrome/91.0.4472.114 Safari/537.36"
223.235.128.49 - - [24/Jun/2021:15:17:06 +0530] "POST /gebbs_new/index.php?r=notification/notification/jxgetunseennotificationcount HTTP/1.1" 200 422 "http://d.stratbeans.com/gebbs_new/index.php?r=tms/training" "Mozilla/5.0 (Windows NT 10.0; Win64; x64) AppleWebKit/537.36 (KHTML, like Gecko) Chrome/91.0.4472.114 Safari/537.36"
223.235.128.49 - - [24/Jun/2021:15:17:08 +0530] "GET /gebbs_new/index.php?r=tms/training/configure&trainingID=99 HTTP/1.1" 200 32178 "http://d.stratbeans.com/gebbs_new/index.php?r=tms/training" "Mozilla/5.0 (Windows NT 10.0; Win64; x64) AppleWebKit/537.36 (KHTML, like Gecko) Chrome/91.0.4472.114 Safari/537.36"
223.235.128.49 - - [24/Jun/2021:15:17:09 +0530] "GET /gebbs_new/js/clockpicker/jquery-clockpicker.min.js HTTP/1.1" 200 4081 "http://d.stratbeans.com/gebbs_new/index.php?r=tms/training/configure&trainingID=99" "Mozilla/5.0 (Windows NT 10.0; Win64; x64) AppleWebKit/537.36 (KHTML, like Gecko) Chrome/91.0.4472.114 Safari/537.36"
223.235.128.49 - - [24/Jun/2021:15:17:09 +0530] "GET /gebbs_new/js/angular-strap/angular-strap.js HTTP/1.1" 200 30605 "http://d.stratbeans.com/gebbs_new/index.php?r=tms/training/configure&trainingID=99" "Mozilla/5.0 (Windows NT 10.0; Win64; x64) AppleWebKit/537.36 (KHTML, like Gecko) Chrome/91.0.4472.114 Safari/537.36"
223.235.128.49 - - [24/Jun/2021:15:17:09 +0530] "GET /gebbs_new/js/angular-strap/angular-strap.tpl.js HTTP/1.1" 200 2422 "http://d.stratbeans.com/gebbs_new/index.php?r=tms/training/configure&trainingID=99" "Mozilla/5.0 (Windows NT 10.0; Win64; x64) AppleWebKit/537.36 (KHTML, like Gecko) Chrome/91.0.4472.114 Safari/537.36"
223.235.128.49 - - [24/Jun/2021:15:17:09 +0530] "GET /gebbs_new/js/angular-strap/angular-strap.docs.tpl.js HTTP/1.1" 200 1469 "http://d.stratbeans.com/gebbs_new/index.php?r=tms/training/configure&trainingID=99" "Mozilla/5.0 (Windows NT 10.0; Win64; x64) AppleWebKit/537.36 (KHTML, like Gecko) Chrome/91.0.4472.114 Safari/537.36"
223.235.128.49 - - [24/Jun/2021:15:17:09 +0530] "GET /gebbs_new/css/jquery-clockpicker.min.css HTTP/1.1" 200 2006 "http://d.stratbeans.com/gebbs_new/index.php?r=tms/training/configure&trainingID=99" "Mozilla/5.0 (Windows NT 10.0; Win64; x64) AppleWebKit/537.36 (KHTML, like Gecko) Chrome/91.0.4472.114 Safari/537.36"
223.235.128.49 - - [24/Jun/2021:15:17:09 +0530] "GET /gebbs_new/js/multi-select.js HTTP/1.1" 200 10142 "http://d.stratbeans.com/gebbs_new/index.php?r=tms/training/configure&trainingID=99" "Mozilla/5.0 (Windows NT 10.0; Win64; x64) AppleWebKit/537.36 (KHTML, like Gecko) Chrome/91.0.4472.114 Safari/537.36"
223.235.128.49 - - [24/Jun/2021:15:17:09 +0530] "POST /gebbs_new/index.php?r=user/user/jxFetchActivationData HTTP/1.1" 200 429 "http://d.stratbeans.com/gebbs_new/index.php?r=tms/training/configure&trainingID=99" "Mozilla/5.0 (Windows NT 10.0; Win64; x64) AppleWebKit/537.36 (KHTML, like Gecko) Chrome/91.0.4472.114 Safari/537.36"
223.235.128.49 - - [24/Jun/2021:15:17:09 +0530] "POST /gebbs_new/index.php?r=tms/training/jxTmsConfigureFetchActivationData HTTP/1.1" 200 4576 "http://d.stratbeans.com/gebbs_new/index.php?r=tms/training/configure&trainingID=99" "Mozilla/5.0 (Windows NT 10.0; Win64; x64) AppleWebKit/537.36 (KHTML, like Gecko) Chrome/91.0.4472.114 Safari/537.36"
223.235.128.49 - - [24/Jun/2021:15:17:09 +0530] "POST /gebbs_new/index.php?r=tms/training/jxfetchbatches HTTP/1.1" 200 485 "http://d.stratbeans.com/gebbs_new/index.php?r=tms/training/configure&trainingID=99" "Mozilla/5.0 (Windows NT 10.0; Win64; x64) AppleWebKit/537.36 (KHTML, like Gecko) Chrome/91.0.4472.114 Safari/537.36"
223.235.128.49 - - [24/Jun/2021:15:17:09 +0530] "POST /gebbs_new/index.php?r=user/user/jxfetchroles HTTP/1.1" 200 510 "http://d.stratbeans.com/gebbs_new/index.php?r=tms/training/configure&trainingID=99" "Mozilla/5.0 (Windows NT 10.0; Win64; x64) AppleWebKit/537.36 (KHTML, like Gecko) Chrome/91.0.4472.114 Safari/537.36"
223.235.128.49 - - [24/Jun/2021:15:17:09 +0530] "POST /gebbs_new/index.php?r=tms/training/jxGetCoreAndCustomFields HTTP/1.1" 200 1452 "http://d.stratbeans.com/gebbs_new/index.php?r=tms/training/configure&trainingID=99" "Mozilla/5.0 (Windows NT 10.0; Win64; x64) AppleWebKit/537.36 (KHTML, like Gecko) Chrome/91.0.4472.114 Safari/537.36"
223.235.128.49 - - [24/Jun/2021:15:17:09 +0530] "POST /gebbs_new/index.php?r=tms/training/jxfetchassignedusers HTTP/1.1" 200 542 "http://d.stratbeans.com/gebbs_new/index.php?r=tms/training/configure&trainingID=99" "Mozilla/5.0 (Windows NT 10.0; Win64; x64) AppleWebKit/537.36 (KHTML, like Gecko) Chrome/91.0.4472.114 Safari/537.36"
223.235.128.49 - - [24/Jun/2021:15:17:10 +0530] "POST /gebbs_new/index.php?r=notification/notification/jxgetunseennotificationcount HTTP/1.1" 200 422 "http://d.stratbeans.com/gebbs_new/index.php?r=tms/training/configure&trainingID=99" "Mozilla/5.0 (Windows NT 10.0; Win64; x64) AppleWebKit/537.36 (KHTML, like Gecko) Chrome/91.0.4472.114 Safari/537.36"
223.235.128.49 - - [24/Jun/2021:15:17:10 +0530] "POST /gebbs_new/index.php?r=tms/training/jxfetchassignedusers HTTP/1.1" 200 542 "http://d.stratbeans.com/gebbs_new/index.php?r=tms/training/configure&trainingID=99" "Mozilla/5.0 (Windows NT 10.0; Win64; x64) AppleWebKit/537.36 (KHTML, like Gecko) Chrome/91.0.4472.114 Safari/537.36"
223.235.128.49 - - [24/Jun/2021:15:17:10 +0530] "POST /gebbs_new/index.php?r=tms/training/jxfetchassignedusers HTTP/1.1" 200 542 "http://d.stratbeans.com/gebbs_new/index.php?r=tms/training/configure&trainingID=99" "Mozilla/5.0 (Windows NT 10.0; Win64; x64) AppleWebKit/537.36 (KHTML, like Gecko) Chrome/91.0.4472.114 Safari/537.36"
::1 - - [24/Jun/2021:15:17:18 +0530] "OPTIONS * HTTP/1.0" 200 110 "-" "Apache/2.4.46 (Ubuntu) (internal dummy connection)"
223.178.148.229 - - [24/Jun/2021:15:17:26 +0530] "POST /sales-chromium/index.php?r=notification/notification/jxgetunseennotificationcount HTTP/1.1" 302 373 "http://d.stratbeans.com/sales-chromium/index.php?r=report/allCourseScore/index" "Mozilla/5.0 (Macintosh; Intel Mac OS X 10_15_6) AppleWebKit/605.1.15 (KHTML, like Gecko) Version/14.0.3 Safari/605.1.15"
223.178.148.229 - - [24/Jun/2021:15:17:26 +0530] "GET /sales-chromium/index.php?r=user/login HTTP/1.1" 200 3681 "http://d.stratbeans.com/sales-chromium/index.php?r=report/allCourseScore/index" "Mozilla/5.0 (Macintosh; Intel Mac OS X 10_15_6) AppleWebKit/605.1.15 (KHTML, like Gecko) Version/14.0.3 Safari/605.1.15"
49.206.10.51 - - [24/Jun/2021:15:20:43 +0530] "POST /tvsUAT/index.php?r=notification/notification/jxgetunseennotificationcount HTTP/1.1" 200 425 "http://d.stratbeans.com/tvsUAT/index.php?r=hierarchy/mapping/index&userId=7705" "Mozilla/5.0 (Windows NT 10.0; Win64; x64) AppleWebKit/537.36 (KHTML, like Gecko) Chrome/91.0.4472.114 Safari/537.36"
49.206.10.51 - - [24/Jun/2021:15:21:34 +0530] "-" 408 0 "-" "-"
223.235.128.49 - - [24/Jun/2021:15:22:10 +0530] "POST /gebbs_new/index.php?r=notification/notification/jxgetunseennotificationcount HTTP/1.1" 200 423 "http://d.stratbeans.com/gebbs_new/index.php?r=tms/training/configure&trainingID=99" "Mozilla/5.0 (Windows NT 10.0; Win64; x64) AppleWebKit/537.36 (KHTML, like Gecko) Chrome/91.0.4472.114 Safari/537.36"
49.206.10.51 - - [24/Jun/2021:15:25:43 +0530] "POST /tvsUAT/index.php?r=notification/notification/jxgetunseennotificationcount HTTP/1.1" 200 425 "http://d.stratbeans.com/tvsUAT/index.php?r=hierarchy/mapping/index&userId=7705" "Mozilla/5.0 (Windows NT 10.0; Win64; x64) AppleWebKit/537.36 (KHTML, like Gecko) Chrome/91.0.4472.114 Safari/537.36"
223.235.128.49 - - [24/Jun/2021:15:27:11 +0530] "POST /gebbs_new/index.php?r=notification/notification/jxgetunseennotificationcount HTTP/1.1" 200 423 "http://d.stratbeans.com/gebbs_new/index.php?r=tms/training/configure&trainingID=99" "Mozilla/5.0 (Windows NT 10.0; Win64; x64) AppleWebKit/537.36 (KHTML, like Gecko) Chrome/91.0.4472.114 Safari/537.36"
223.235.128.49 - - [24/Jun/2021:15:28:02 +0530] "-" 408 0 "-" "-"
49.206.10.51 - - [24/Jun/2021:15:30:43 +0530] "POST /tvsUAT/index.php?r=notification/notification/jxgetunseennotificationcount HTTP/1.1" 200 425 "http://d.stratbeans.com/tvsUAT/index.php?r=hierarchy/mapping/index&userId=7705" "Mozilla/5.0 (Windows NT 10.0; Win64; x64) AppleWebKit/537.36 (KHTML, like Gecko) Chrome/91.0.4472.114 Safari/537.36"
49.206.10.51 - - [24/Jun/2021:15:31:34 +0530] "-" 408 0 "-" "-"
223.235.128.49 - - [24/Jun/2021:15:32:10 +0530] "POST /gebbs_new/index.php?r=notification/notification/jxgetunseennotificationcount HTTP/1.1" 200 423 "http://d.stratbeans.com/gebbs_new/index.php?r=tms/training/configure&trainingID=99" "Mozilla/5.0 (Windows NT 10.0; Win64; x64) AppleWebKit/537.36 (KHTML, like Gecko) Chrome/91.0.4472.114 Safari/537.36"
182.64.51.240 - - [24/Jun/2021:15:34:30 +0530] "GET /sales-chromium/index.php?r=dashboard/dashboard HTTP/1.1" 302 431 "-" "Mozilla/5.0 (Macintosh; Intel Mac OS X 10_15_7) AppleWebKit/537.36 (KHTML, like Gecko) Chrome/91.0.4472.106 Safari/537.36"
182.64.51.240 - - [24/Jun/2021:15:34:30 +0530] "GET /sales-chromium/index.php?r=user/login HTTP/1.1" 200 3681 "-" "Mozilla/5.0 (Macintosh; Intel Mac OS X 10_15_7) AppleWebKit/537.36 (KHTML, like Gecko) Chrome/91.0.4472.106 Safari/537.36"
182.64.51.240 - - [24/Jun/2021:15:34:30 +0530] "GET /sales-chromium/con/nanoScroller/nanoscroller.css HTTP/1.1" 200 858 "http://d.stratbeans.com/sales-chromium/index.php?r=user/login" "Mozilla/5.0 (Macintosh; Intel Mac OS X 10_15_7) AppleWebKit/537.36 (KHTML, like Gecko) Chrome/91.0.4472.106 Safari/537.36"
182.64.51.240 - - [24/Jun/2021:15:34:30 +0530] "GET /sales-chromium/con/_con/css/_con.min.css HTTP/1.1" 200 31398 "http://d.stratbeans.com/sales-chromium/index.php?r=user/login" "Mozilla/5.0 (Macintosh; Intel Mac OS X 10_15_7) AppleWebKit/537.36 (KHTML, like Gecko) Chrome/91.0.4472.106 Safari/537.36"
182.64.51.240 - - [24/Jun/2021:15:34:30 +0530] "GET /sales-chromium/css/common.css HTTP/1.1" 200 1022 "http://d.stratbeans.com/sales-chromium/index.php?r=user/login" "Mozilla/5.0 (Macintosh; Intel Mac OS X 10_15_7) AppleWebKit/537.36 (KHTML, like Gecko) Chrome/91.0.4472.106 Safari/537.36"
182.64.51.240 - - [24/Jun/2021:15:34:30 +0530] "GET /sales-chromium/css/toastr.css HTTP/1.1" 200 2587 "http://d.stratbeans.com/sales-chromium/index.php?r=user/login" "Mozilla/5.0 (Macintosh; Intel Mac OS X 10_15_7) AppleWebKit/537.36 (KHTML, like Gecko) Chrome/91.0.4472.106 Safari/537.36"
182.64.51.240 - - [24/Jun/2021:15:34:30 +0530] "GET /sales-chromium/assets/c4517f/jquery.yiiactiveform.js HTTP/1.1" 200 4150 "http://d.stratbeans.com/sales-chromium/index.php?r=user/login" "Mozilla/5.0 (Macintosh; Intel Mac OS X 10_15_7) AppleWebKit/537.36 (KHTML, like Gecko) Chrome/91.0.4472.106 Safari/537.36"
182.64.51.240 - - [24/Jun/2021:15:34:30 +0530] "GET /sales-chromium/js/toastr.js HTTP/1.1" 200 3154 "http://d.stratbeans.com/sales-chromium/index.php?r=user/login" "Mozilla/5.0 (Macintosh; Intel Mac OS X 10_15_7) AppleWebKit/537.36 (KHTML, like Gecko) Chrome/91.0.4472.106 Safari/537.36"
182.64.51.240 - - [24/Jun/2021:15:34:30 +0530] "GET /sales-chromium/assets/c4517f/jquery.js HTTP/1.1" 200 84647 "http://d.stratbeans.com/sales-chromium/index.php?r=user/login" "Mozilla/5.0 (Macintosh; Intel Mac OS X 10_15_7) AppleWebKit/537.36 (KHTML, like Gecko) Chrome/91.0.4472.106 Safari/537.36"
182.64.51.240 - - [24/Jun/2021:15:34:30 +0530] "GET /sales-chromium/js/common/angular_barium.js HTTP/1.1" 200 661 "http://d.stratbeans.com/sales-chromium/index.php?r=user/login" "Mozilla/5.0 (Macintosh; Intel Mac OS X 10_15_7) AppleWebKit/537.36 (KHTML, like Gecko) Chrome/91.0.4472.106 Safari/537.36"
182.64.51.240 - - [24/Jun/2021:15:34:30 +0530] "GET /sales-chromium/con/materialize/js/materialize.min.js HTTP/1.1" 200 37286 "http://d.stratbeans.com/sales-chromium/index.php?r=user/login" "Mozilla/5.0 (Macintosh; Intel Mac OS X 10_15_7) AppleWebKit/537.36 (KHTML, like Gecko) Chrome/91.0.4472.106 Safari/537.36"
182.64.51.240 - - [24/Jun/2021:15:34:30 +0530] "GET /sales-chromium/js/common/services/message.factory.js HTTP/1.1" 200 974 "http://d.stratbeans.com/sales-chromium/index.php?r=user/login" "Mozilla/5.0 (Macintosh; Intel Mac OS X 10_15_7) AppleWebKit/537.36 (KHTML, like Gecko) Chrome/91.0.4472.106 Safari/537.36"
182.64.51.240 - - [24/Jun/2021:15:34:30 +0530] "GET /sales-chromium/con/jqueryRAF/jquery.requestAnimationFrame.min.js HTTP/1.1" 200 763 "http://d.stratbeans.com/sales-chromium/index.php?r=user/login" "Mozilla/5.0 (Macintosh; Intel Mac OS X 10_15_7) AppleWebKit/537.36 (KHTML, like Gecko) Chrome/91.0.4472.106 Safari/537.36"
182.64.51.240 - - [24/Jun/2021:15:34:30 +0530] "GET /sales-chromium/con/nanoScroller/jquery.nanoscroller.min.js HTTP/1.1" 200 3809 "http://d.stratbeans.com/sales-chromium/index.php?r=user/login" "Mozilla/5.0 (Macintosh; Intel Mac OS X 10_15_7) AppleWebKit/537.36 (KHTML, like Gecko) Chrome/91.0.4472.106 Safari/537.36"
182.64.51.240 - - [24/Jun/2021:15:34:31 +0530] "GET /sales-chromium/js/loginanimation/backgroundanimation.js HTTP/1.1" 200 1154 "http://d.stratbeans.com/sales-chromium/index.php?r=user/login" "Mozilla/5.0 (Macintosh; Intel Mac OS X 10_15_7) AppleWebKit/537.36 (KHTML, like Gecko) Chrome/91.0.4472.106 Safari/537.36"
182.64.51.240 - - [24/Jun/2021:15:34:31 +0530] "GET /sales-chromium/con/_con/js/_con.min.js HTTP/1.1" 200 6159 "http://d.stratbeans.com/sales-chromium/index.php?r=user/login" "Mozilla/5.0 (Macintosh; Intel Mac OS X 10_15_7) AppleWebKit/537.36 (KHTML, like Gecko) Chrome/91.0.4472.106 Safari/537.36"
182.64.51.240 - - [24/Jun/2021:15:34:31 +0530] "GET /sales-chromium/images/barium_logo.png HTTP/1.1" 200 15558 "http://d.stratbeans.com/sales-chromium/index.php?r=user/login" "Mozilla/5.0 (Macintosh; Intel Mac OS X 10_15_7) AppleWebKit/537.36 (KHTML, like Gecko) Chrome/91.0.4472.106 Safari/537.36"
182.64.51.240 - - [24/Jun/2021:15:34:31 +0530] "POST /sales-chromium/index.php?r=user/login/jxfetchlanguagepreference HTTP/1.1" 200 861 "http://d.stratbeans.com/sales-chromium/index.php?r=user/login" "Mozilla/5.0 (Macintosh; Intel Mac OS X 10_15_7) AppleWebKit/537.36 (KHTML, like Gecko) Chrome/91.0.4472.106 Safari/537.36"
182.64.51.240 - - [24/Jun/2021:15:34:31 +0530] "GET /sales-chromium/images/background.jpg HTTP/1.1" 200 280457 "http://d.stratbeans.com/sales-chromium/index.php?r=user/login" "Mozilla/5.0 (Macintosh; Intel Mac OS X 10_15_7) AppleWebKit/537.36 (KHTML, like Gecko) Chrome/91.0.4472.106 Safari/537.36"
182.64.51.240 - - [24/Jun/2021:15:34:31 +0530] "POST /sales-chromium/index.php?r=user/login/jxfetchlanguagepreference HTTP/1.1" 200 861 "http://d.stratbeans.com/sales-chromium/index.php?r=user/login" "Mozilla/5.0 (Macintosh; Intel Mac OS X 10_15_7) AppleWebKit/537.36 (KHTML, like Gecko) Chrome/91.0.4472.106 Safari/537.36"
182.64.51.240 - - [24/Jun/2021:15:34:31 +0530] "GET /favicon.ico HTTP/1.1" 404 396 "http://d.stratbeans.com/sales-chromium/index.php?r=user/login" "Mozilla/5.0 (Macintosh; Intel Mac OS X 10_15_7) AppleWebKit/537.36 (KHTML, like Gecko) Chrome/91.0.4472.106 Safari/537.36"
182.64.51.240 - - [24/Jun/2021:15:34:33 +0530] "GET /chromium-lms/index.php?r=chromium_dashboard/dashboard HTTP/1.1" 302 370 "-" "Mozilla/5.0 (Macintosh; Intel Mac OS X 10_15_7) AppleWebKit/537.36 (KHTML, like Gecko) Chrome/91.0.4472.106 Safari/537.36"
182.64.51.240 - - [24/Jun/2021:15:34:33 +0530] "GET /chromium-lms/index.php?r=user/login HTTP/1.1" 200 4172 "-" "Mozilla/5.0 (Macintosh; Intel Mac OS X 10_15_7) AppleWebKit/537.36 (KHTML, like Gecko) Chrome/91.0.4472.106 Safari/537.36"
182.64.51.240 - - [24/Jun/2021:15:34:34 +0530] "GET /chromium-lms/con-template/nanoScroller/nanoscroller.css HTTP/1.1" 200 858 "http://d.stratbeans.com/chromium-lms/index.php?r=user/login" "Mozilla/5.0 (Macintosh; Intel Mac OS X 10_15_7) AppleWebKit/537.36 (KHTML, like Gecko) Chrome/91.0.4472.106 Safari/537.36"
182.64.51.240 - - [24/Jun/2021:15:34:34 +0530] "GET /chromium-lms/css/common.css HTTP/1.1" 200 1101 "http://d.stratbeans.com/chromium-lms/index.php?r=user/login" "Mozilla/5.0 (Macintosh; Intel Mac OS X 10_15_7) AppleWebKit/537.36 (KHTML, like Gecko) Chrome/91.0.4472.106 Safari/537.36"
182.64.51.240 - - [24/Jun/2021:15:34:34 +0530] "GET /chromium-lms/assets/a499028/jquery.yiiactiveform.js HTTP/1.1" 200 4149 "http://d.stratbeans.com/chromium-lms/index.php?r=user/login" "Mozilla/5.0 (Macintosh; Intel Mac OS X 10_15_7) AppleWebKit/537.36 (KHTML, like Gecko) Chrome/91.0.4472.106 Safari/537.36"
182.64.51.240 - - [24/Jun/2021:15:34:34 +0530] "GET /chromium-lms/css/toastr.css HTTP/1.1" 200 2586 "http://d.stratbeans.com/chromium-lms/index.php?r=user/login" "Mozilla/5.0 (Macintosh; Intel Mac OS X 10_15_7) AppleWebKit/537.36 (KHTML, like Gecko) Chrome/91.0.4472.106 Safari/537.36"
182.64.51.240 - - [24/Jun/2021:15:34:34 +0530] "GET /chromium-lms/con-template/_con-template/css/_con.min.css HTTP/1.1" 200 31411 "http://d.stratbeans.com/chromium-lms/index.php?r=user/login" "Mozilla/5.0 (Macintosh; Intel Mac OS X 10_15_7) AppleWebKit/537.36 (KHTML, like Gecko) Chrome/91.0.4472.106 Safari/537.36"
182.64.51.240 - - [24/Jun/2021:15:34:34 +0530] "GET /chromium-lms/assets/a499028/jquery.js HTTP/1.1" 200 84647 "http://d.stratbeans.com/chromium-lms/index.php?r=user/login" "Mozilla/5.0 (Macintosh; Intel Mac OS X 10_15_7) AppleWebKit/537.36 (KHTML, like Gecko) Chrome/91.0.4472.106 Safari/537.36"
182.64.51.240 - - [24/Jun/2021:15:34:34 +0530] "GET /chromium-lms/js/toastr.js HTTP/1.1" 200 3153 "http://d.stratbeans.com/chromium-lms/index.php?r=user/login" "Mozilla/5.0 (Macintosh; Intel Mac OS X 10_15_7) AppleWebKit/537.36 (KHTML, like Gecko) Chrome/91.0.4472.106 Safari/537.36"
182.64.51.240 - - [24/Jun/2021:15:34:34 +0530] "GET /chromium-lms/js/common/angular_barium.js HTTP/1.1" 200 756 "http://d.stratbeans.com/chromium-lms/index.php?r=user/login" "Mozilla/5.0 (Macintosh; Intel Mac OS X 10_15_7) AppleWebKit/537.36 (KHTML, like Gecko) Chrome/91.0.4472.106 Safari/537.36"
182.64.51.240 - - [24/Jun/2021:15:34:34 +0530] "GET /chromium-lms/con-template/materialize/js/materialize.min.js HTTP/1.1" 200 37286 "http://d.stratbeans.com/chromium-lms/index.php?r=user/login" "Mozilla/5.0 (Macintosh; Intel Mac OS X 10_15_7) AppleWebKit/537.36 (KHTML, like Gecko) Chrome/91.0.4472.106 Safari/537.36"
182.64.51.240 - - [24/Jun/2021:15:34:34 +0530] "GET /chromium-lms/js/common/services/message.factory.js HTTP/1.1" 200 1159 "http://d.stratbeans.com/chromium-lms/index.php?r=user/login" "Mozilla/5.0 (Macintosh; Intel Mac OS X 10_15_7) AppleWebKit/537.36 (KHTML, like Gecko) Chrome/91.0.4472.106 Safari/537.36"
182.64.51.240 - - [24/Jun/2021:15:34:34 +0530] "GET /chromium-lms/con-template/jqueryRAF/jquery.requestAnimationFrame.min.js HTTP/1.1" 200 763 "http://d.stratbeans.com/chromium-lms/index.php?r=user/login" "Mozilla/5.0 (Macintosh; Intel Mac OS X 10_15_7) AppleWebKit/537.36 (KHTML, like Gecko) Chrome/91.0.4472.106 Safari/537.36"
182.64.51.240 - - [24/Jun/2021:15:34:34 +0530] "GET /chromium-lms/con-template/nanoScroller/jquery.nanoscroller.min.js HTTP/1.1" 200 3809 "http://d.stratbeans.com/chromium-lms/index.php?r=user/login" "Mozilla/5.0 (Macintosh; Intel Mac OS X 10_15_7) AppleWebKit/537.36 (KHTML, like Gecko) Chrome/91.0.4472.106 Safari/537.36"
182.64.51.240 - - [24/Jun/2021:15:34:34 +0530] "GET /chromium-lms/js/loginanimation/backgroundanimation.js HTTP/1.1" 200 1154 "http://d.stratbeans.com/chromium-lms/index.php?r=user/login" "Mozilla/5.0 (Macintosh; Intel Mac OS X 10_15_7) AppleWebKit/537.36 (KHTML, like Gecko) Chrome/91.0.4472.106 Safari/537.36"
182.64.51.240 - - [24/Jun/2021:15:34:34 +0530] "GET /chromium-lms/con-template/_con-template/js/_con.min.js HTTP/1.1" 200 6159 "http://d.stratbeans.com/chromium-lms/index.php?r=user/login" "Mozilla/5.0 (Macintosh; Intel Mac OS X 10_15_7) AppleWebKit/537.36 (KHTML, like Gecko) Chrome/91.0.4472.106 Safari/537.36"
182.64.51.240 - - [24/Jun/2021:15:34:34 +0530] "GET /chromium-lms/images/barium_logo.png HTTP/1.1" 200 15558 "http://d.stratbeans.com/chromium-lms/index.php?r=user/login" "Mozilla/5.0 (Macintosh; Intel Mac OS X 10_15_7) AppleWebKit/537.36 (KHTML, like Gecko) Chrome/91.0.4472.106 Safari/537.36"
182.64.51.240 - - [24/Jun/2021:15:34:34 +0530] "POST /chromium-lms/index.php?r=user/login/jxfetchlanguagepreference HTTP/1.1" 200 442 "http://d.stratbeans.com/chromium-lms/index.php?r=user/login" "Mozilla/5.0 (Macintosh; Intel Mac OS X 10_15_7) AppleWebKit/537.36 (KHTML, like Gecko) Chrome/91.0.4472.106 Safari/537.36"
182.64.51.240 - - [24/Jun/2021:15:34:34 +0530] "POST /chromium-lms/index.php?r=user/login/jxfetchlanguagepreference HTTP/1.1" 200 442 "http://d.stratbeans.com/chromium-lms/index.php?r=user/login" "Mozilla/5.0 (Macintosh; Intel Mac OS X 10_15_7) AppleWebKit/537.36 (KHTML, like Gecko) Chrome/91.0.4472.106 Safari/537.36"
182.64.51.240 - - [24/Jun/2021:15:34:34 +0530] "GET /chromium-lms/images/background.jpg HTTP/1.1" 200 280457 "http://d.stratbeans.com/chromium-lms/index.php?r=user/login" "Mozilla/5.0 (Macintosh; Intel Mac OS X 10_15_7) AppleWebKit/537.36 (KHTML, like Gecko) Chrome/91.0.4472.106 Safari/537.36"
::1 - - [24/Jun/2021:15:34:42 +0530] "OPTIONS * HTTP/1.0" 200 110 "-" "Apache/2.4.46 (Ubuntu) (internal dummy connection)"
182.64.51.240 - - [24/Jun/2021:15:34:51 +0530] "POST /sales-chromium/index.php?r=user/login HTTP/1.1" 302 440 "http://d.stratbeans.com/sales-chromium/index.php?r=user/login" "Mozilla/5.0 (Macintosh; Intel Mac OS X 10_15_7) AppleWebKit/537.36 (KHTML, like Gecko) Chrome/91.0.4472.106 Safari/537.36"
182.64.51.240 - - [24/Jun/2021:15:34:51 +0530] "GET /sales-chromium/index.php?r=dashboard/dashboard HTTP/1.1" 200 6649 "http://d.stratbeans.com/sales-chromium/index.php?r=user/login" "Mozilla/5.0 (Macintosh; Intel Mac OS X 10_15_7) AppleWebKit/537.36 (KHTML, like Gecko) Chrome/91.0.4472.106 Safari/537.36"
182.64.51.240 - - [24/Jun/2021:15:34:52 +0530] "GET /sales-chromium/css/font-awesome.min.css HTTP/1.1" 200 5765 "http://d.stratbeans.com/sales-chromium/index.php?r=dashboard/dashboard" "Mozilla/5.0 (Macintosh; Intel Mac OS X 10_15_7) AppleWebKit/537.36 (KHTML, like Gecko) Chrome/91.0.4472.106 Safari/537.36"
182.64.51.240 - - [24/Jun/2021:15:34:52 +0530] "GET /sales-chromium/js/angular/angular.min.js HTTP/1.1" 200 46773 "http://d.stratbeans.com/sales-chromium/index.php?r=dashboard/dashboard" "Mozilla/5.0 (Macintosh; Intel Mac OS X 10_15_7) AppleWebKit/537.36 (KHTML, like Gecko) Chrome/91.0.4472.106 Safari/537.36"
182.64.51.240 - - [24/Jun/2021:15:34:52 +0530] "GET /sales-chromium/css/uploadFile.css HTTP/1.1" 200 1118 "http://d.stratbeans.com/sales-chromium/index.php?r=dashboard/dashboard" "Mozilla/5.0 (Macintosh; Intel Mac OS X 10_15_7) AppleWebKit/537.36 (KHTML, like Gecko) Chrome/91.0.4472.106 Safari/537.36"
182.64.51.240 - - [24/Jun/2021:15:34:52 +0530] "GET /sales-chromium/css/multi-select.css HTTP/1.1" 200 2224 "http://d.stratbeans.com/sales-chromium/index.php?r=dashboard/dashboard" "Mozilla/5.0 (Macintosh; Intel Mac OS X 10_15_7) AppleWebKit/537.36 (KHTML, like Gecko) Chrome/91.0.4472.106 Safari/537.36"
182.64.51.240 - - [24/Jun/2021:15:34:52 +0530] "GET /sales-chromium/css/material-design-iconic-font.min.css HTTP/1.1" 200 7300 "http://d.stratbeans.com/sales-chromium/index.php?r=dashboard/dashboard" "Mozilla/5.0 (Macintosh; Intel Mac OS X 10_15_7) AppleWebKit/537.36 (KHTML, like Gecko) Chrome/91.0.4472.106 Safari/537.36"
182.64.51.240 - - [24/Jun/2021:15:34:52 +0530] "GET /sales-chromium/css/cs.css HTTP/1.1" 200 2092 "http://d.stratbeans.com/sales-chromium/index.php?r=dashboard/dashboard" "Mozilla/5.0 (Macintosh; Intel Mac OS X 10_15_7) AppleWebKit/537.36 (KHTML, like Gecko) Chrome/91.0.4472.106 Safari/537.36"
182.64.51.240 - - [24/Jun/2021:15:34:52 +0530] "GET /sales-chromium/css/gridHighlight.css HTTP/1.1" 200 478 "http://d.stratbeans.com/sales-chromium/index.php?r=dashboard/dashboard" "Mozilla/5.0 (Macintosh; Intel Mac OS X 10_15_7) AppleWebKit/537.36 (KHTML, like Gecko) Chrome/91.0.4472.106 Safari/537.36"
182.64.51.240 - - [24/Jun/2021:15:34:52 +0530] "GET /sales-chromium/con/material-design-icons/css/material-design-icons.min.css HTTP/1.1" 200 6842 "http://d.stratbeans.com/sales-chromium/index.php?r=dashboard/dashboard" "Mozilla/5.0 (Macintosh; Intel Mac OS X 10_15_7) AppleWebKit/537.36 (KHTML, like Gecko) Chrome/91.0.4472.106 Safari/537.36"
182.64.51.240 - - [24/Jun/2021:15:34:52 +0530] "GET /sales-chromium/css/material-icons.css HTTP/1.1" 200 643 "http://d.stratbeans.com/sales-chromium/index.php?r=dashboard/dashboard" "Mozilla/5.0 (Macintosh; Intel Mac OS X 10_15_7) AppleWebKit/537.36 (KHTML, like Gecko) Chrome/91.0.4472.106 Safari/537.36"
182.64.51.240 - - [24/Jun/2021:15:34:52 +0530] "GET /sales-chromium/css/introjs.min.css HTTP/1.1" 200 2427 "http://d.stratbeans.com/sales-chromium/index.php?r=dashboard/dashboard" "Mozilla/5.0 (Macintosh; Intel Mac OS X 10_15_7) AppleWebKit/537.36 (KHTML, like Gecko) Chrome/91.0.4472.106 Safari/537.36"
182.64.51.240 - - [24/Jun/2021:15:34:52 +0530] "GET /sales-chromium/lib/google-font/roboto.css HTTP/1.1" 200 1890 "http://d.stratbeans.com/sales-chromium/index.php?r=dashboard/dashboard" "Mozilla/5.0 (Macintosh; Intel Mac OS X 10_15_7) AppleWebKit/537.36 (KHTML, like Gecko) Chrome/91.0.4472.106 Safari/537.36"
182.64.51.240 - - [24/Jun/2021:15:34:52 +0530] "GET /sales-chromium/css/createForm.css HTTP/1.1" 200 509 "http://d.stratbeans.com/sales-chromium/index.php?r=dashboard/dashboard" "Mozilla/5.0 (Macintosh; Intel Mac OS X 10_15_7) AppleWebKit/537.36 (KHTML, like Gecko) Chrome/91.0.4472.106 Safari/537.36"
182.64.51.240 - - [24/Jun/2021:15:34:52 +0530] "GET /sales-chromium/con/html5shiv/html5shiv.min.js HTTP/1.1" 200 1643 "http://d.stratbeans.com/sales-chromium/index.php?r=dashboard/dashboard" "Mozilla/5.0 (Macintosh; Intel Mac OS X 10_15_7) AppleWebKit/537.36 (KHTML, like Gecko) Chrome/91.0.4472.106 Safari/537.36"
182.64.51.240 - - [24/Jun/2021:15:34:52 +0530] "GET /sales-chromium/con/jquery/jquery.min.js HTTP/1.1" 200 33619 "http://d.stratbeans.com/sales-chromium/index.php?r=dashboard/dashboard" "Mozilla/5.0 (Macintosh; Intel Mac OS X 10_15_7) AppleWebKit/537.36 (KHTML, like Gecko) Chrome/91.0.4472.106 Safari/537.36"
182.64.51.240 - - [24/Jun/2021:15:34:52 +0530] "GET /sales-chromium/angular-templates/loader/loader.directive.js HTTP/1.1" 200 596 "http://d.stratbeans.com/sales-chromium/index.php?r=dashboard/dashboard" "Mozilla/5.0 (Macintosh; Intel Mac OS X 10_15_7) AppleWebKit/537.36 (KHTML, like Gecko) Chrome/91.0.4472.106 Safari/537.36"
182.64.51.240 - - [24/Jun/2021:15:34:52 +0530] "GET /sales-chromium/js/intro.min.js HTTP/1.1" 200 6184 "http://d.stratbeans.com/sales-chromium/index.php?r=dashboard/dashboard" "Mozilla/5.0 (Macintosh; Intel Mac OS X 10_15_7) AppleWebKit/537.36 (KHTML, like Gecko) Chrome/91.0.4472.106 Safari/537.36"
182.64.51.240 - - [24/Jun/2021:15:34:52 +0530] "GET /sales-chromium/con/angularjs-rickshaw/rickshaw-angularjs.js HTTP/1.1" 200 2158 "http://d.stratbeans.com/sales-chromium/index.php?r=dashboard/dashboard" "Mozilla/5.0 (Macintosh; Intel Mac OS X 10_15_7) AppleWebKit/537.36 (KHTML, like Gecko) Chrome/91.0.4472.106 Safari/537.36"
182.64.51.240 - - [24/Jun/2021:15:34:52 +0530] "GET /sales-chromium/js/angular-loading-bar.js HTTP/1.1" 200 3364 "http://d.stratbeans.com/sales-chromium/index.php?r=dashboard/dashboard" "Mozilla/5.0 (Macintosh; Intel Mac OS X 10_15_7) AppleWebKit/537.36 (KHTML, like Gecko) Chrome/91.0.4472.106 Safari/537.36"
182.64.51.240 - - [24/Jun/2021:15:34:52 +0530] "GET /sales-chromium/js/angular/angular-animate.min.js HTTP/1.1" 200 9392 "http://d.stratbeans.com/sales-chromium/index.php?r=dashboard/dashboard" "Mozilla/5.0 (Macintosh; Intel Mac OS X 10_15_7) AppleWebKit/537.36 (KHTML, like Gecko) Chrome/91.0.4472.106 Safari/537.36"
182.64.51.240 - - [24/Jun/2021:15:34:52 +0530] "GET /sales-chromium/css/angular-loading-bar.css HTTP/1.1" 200 1050 "http://d.stratbeans.com/sales-chromium/index.php?r=dashboard/dashboard" "Mozilla/5.0 (Macintosh; Intel Mac OS X 10_15_7) AppleWebKit/537.36 (KHTML, like Gecko) Chrome/91.0.4472.106 Safari/537.36"
182.64.51.240 - - [24/Jun/2021:15:34:52 +0530] "GET /sales-chromium/images/icon.png HTTP/1.1" 200 17554 "http://d.stratbeans.com/sales-chromium/index.php?r=dashboard/dashboard" "Mozilla/5.0 (Macintosh; Intel Mac OS X 10_15_7) AppleWebKit/537.36 (KHTML, like Gecko) Chrome/91.0.4472.106 Safari/537.36"
182.64.51.240 - - [24/Jun/2021:15:34:52 +0530] "GET /sales-chromium/images/public_digital_library.jpg HTTP/1.1" 200 27244 "http://d.stratbeans.com/sales-chromium/index.php?r=dashboard/dashboard" "Mozilla/5.0 (Macintosh; Intel Mac OS X 10_15_7) AppleWebKit/537.36 (KHTML, like Gecko) Chrome/91.0.4472.106 Safari/537.36"
182.64.51.240 - - [24/Jun/2021:15:34:52 +0530] "GET /sales-chromium/images/learning.jpg HTTP/1.1" 200 21330 "http://d.stratbeans.com/sales-chromium/index.php?r=dashboard/dashboard" "Mozilla/5.0 (Macintosh; Intel Mac OS X 10_15_7) AppleWebKit/537.36 (KHTML, like Gecko) Chrome/91.0.4472.106 Safari/537.36"
182.64.51.240 - - [24/Jun/2021:15:34:52 +0530] "GET /sales-chromium/images/announcements.jpg HTTP/1.1" 200 28682 "http://d.stratbeans.com/sales-chromium/index.php?r=dashboard/dashboard" "Mozilla/5.0 (Macintosh; Intel Mac OS X 10_15_7) AppleWebKit/537.36 (KHTML, like Gecko) Chrome/91.0.4472.106 Safari/537.36"
182.64.51.240 - - [24/Jun/2021:15:34:52 +0530] "GET /sales-chromium/images/askexpert.jpg HTTP/1.1" 200 19292 "http://d.stratbeans.com/sales-chromium/index.php?r=dashboard/dashboard" "Mozilla/5.0 (Macintosh; Intel Mac OS X 10_15_7) AppleWebKit/537.36 (KHTML, like Gecko) Chrome/91.0.4472.106 Safari/537.36"
182.64.51.240 - - [24/Jun/2021:15:34:52 +0530] "GET /sales-chromium/images/my_progress.jpg HTTP/1.1" 200 3504 "http://d.stratbeans.com/sales-chromium/index.php?r=dashboard/dashboard" "Mozilla/5.0 (Macintosh; Intel Mac OS X 10_15_7) AppleWebKit/537.36 (KHTML, like Gecko) Chrome/91.0.4472.106 Safari/537.36"
182.64.51.240 - - [24/Jun/2021:15:34:52 +0530] "GET /sales-chromium/images/certificate.jpg HTTP/1.1" 200 11040 "http://d.stratbeans.com/sales-chromium/index.php?r=dashboard/dashboard" "Mozilla/5.0 (Macintosh; Intel Mac OS X 10_15_7) AppleWebKit/537.36 (KHTML, like Gecko) Chrome/91.0.4472.106 Safari/537.36"
182.64.51.240 - - [24/Jun/2021:15:34:52 +0530] "GET /sales-chromium/images/calender.jpg HTTP/1.1" 200 16246 "http://d.stratbeans.com/sales-chromium/index.php?r=dashboard/dashboard" "Mozilla/5.0 (Macintosh; Intel Mac OS X 10_15_7) AppleWebKit/537.36 (KHTML, like Gecko) Chrome/91.0.4472.106 Safari/537.36"
182.64.51.240 - - [24/Jun/2021:15:34:53 +0530] "POST /sales-chromium/index.php?r=user/user/jxFetchActivationData HTTP/1.1" 200 336 "http://d.stratbeans.com/sales-chromium/index.php?r=dashboard/dashboard" "Mozilla/5.0 (Macintosh; Intel Mac OS X 10_15_7) AppleWebKit/537.36 (KHTML, like Gecko) Chrome/91.0.4472.106 Safari/537.36"
182.64.51.240 - - [24/Jun/2021:15:34:53 +0530] "GET /sales-chromium/fonts/fontawesome-webfont.woff2?v=4.3.0 HTTP/1.1" 200 57026 "http://d.stratbeans.com/sales-chromium/css/font-awesome.min.css" "Mozilla/5.0 (Macintosh; Intel Mac OS X 10_15_7) AppleWebKit/537.36 (KHTML, like Gecko) Chrome/91.0.4472.106 Safari/537.36"
182.64.51.240 - - [24/Jun/2021:15:34:53 +0530] "GET /sales-chromium/con/material-design-icons/font/Material-Design-Icons.woff2 HTTP/1.1" 200 37642 "http://d.stratbeans.com/sales-chromium/con/material-design-icons/css/material-design-icons.min.css" "Mozilla/5.0 (Macintosh; Intel Mac OS X 10_15_7) AppleWebKit/537.36 (KHTML, like Gecko) Chrome/91.0.4472.106 Safari/537.36"
182.64.51.240 - - [24/Jun/2021:15:34:53 +0530] "POST /sales-chromium/index.php?r=notification/notification/jxgetunseennotificationcount HTTP/1.1" 200 320 "http://d.stratbeans.com/sales-chromium/index.php?r=dashboard/dashboard" "Mozilla/5.0 (Macintosh; Intel Mac OS X 10_15_7) AppleWebKit/537.36 (KHTML, like Gecko) Chrome/91.0.4472.106 Safari/537.36"
182.64.51.240 - - [24/Jun/2021:15:34:53 +0530] "GET /sales-chromium/aviva_temp/rec.mp4 HTTP/1.1" 206 1038800 "http://d.stratbeans.com/sales-chromium/index.php?r=dashboard/dashboard" "Mozilla/5.0 (Macintosh; Intel Mac OS X 10_15_7) AppleWebKit/537.36 (KHTML, like Gecko) Chrome/91.0.4472.106 Safari/537.36"
::1 - - [24/Jun/2021:15:35:01 +0530] "OPTIONS * HTTP/1.0" 200 110 "-" "Apache/2.4.46 (Ubuntu) (internal dummy connection)"
49.206.10.51 - - [24/Jun/2021:15:35:43 +0530] "POST /tvsUAT/index.php?r=notification/notification/jxgetunseennotificationcount HTTP/1.1" 200 425 "http://d.stratbeans.com/tvsUAT/index.php?r=hierarchy/mapping/index&userId=7705" "Mozilla/5.0 (Windows NT 10.0; Win64; x64) AppleWebKit/537.36 (KHTML, like Gecko) Chrome/91.0.4472.114 Safari/537.36"
223.235.128.49 - - [24/Jun/2021:15:37:10 +0530] "POST /gebbs_new/index.php?r=notification/notification/jxgetunseennotificationcount HTTP/1.1" 200 423 "http://d.stratbeans.com/gebbs_new/index.php?r=tms/training/configure&trainingID=99" "Mozilla/5.0 (Windows NT 10.0; Win64; x64) AppleWebKit/537.36 (KHTML, like Gecko) Chrome/91.0.4472.114 Safari/537.36"
103.211.19.160 - - [24/Jun/2021:15:37:37 +0530] "GET /tiss_uat/index.php?r=user/login/index&lang=en HTTP/1.1" 200 4405 "-" "Mozilla/5.0 (Windows NT 10.0; Win64; x64) AppleWebKit/537.36 (KHTML, like Gecko) Chrome/91.0.4472.101 Safari/537.36"
103.211.19.160 - - [24/Jun/2021:15:37:37 +0530] "GET /js/toastr.js HTTP/1.1" 404 396 "http://d.stratbeans.com/tiss_uat/index.php?r=user/login/index&lang=en" "Mozilla/5.0 (Windows NT 10.0; Win64; x64) AppleWebKit/537.36 (KHTML, like Gecko) Chrome/91.0.4472.101 Safari/537.36"
103.211.19.160 - - [24/Jun/2021:15:37:38 +0530] "GET /js/toastr.js HTTP/1.1" 404 396 "http://d.stratbeans.com/tiss_uat/index.php?r=user/login/index&lang=en" "Mozilla/5.0 (Windows NT 10.0; Win64; x64) AppleWebKit/537.36 (KHTML, like Gecko) Chrome/91.0.4472.101 Safari/537.36"
103.211.19.160 - - [24/Jun/2021:15:37:38 +0530] "POST /tiss_uat/index.php?r=user/login/jxfetchlanguagepreference HTTP/1.1" 200 546 "http://d.stratbeans.com/tiss_uat/index.php?r=user/login/index&lang=en" "Mozilla/5.0 (Windows NT 10.0; Win64; x64) AppleWebKit/537.36 (KHTML, like Gecko) Chrome/91.0.4472.101 Safari/537.36"
103.211.19.160 - - [24/Jun/2021:15:37:38 +0530] "POST /tiss_uat/index.php?r=user/login/jxfetchlanguagepreference HTTP/1.1" 200 545 "http://d.stratbeans.com/tiss_uat/index.php?r=user/login/index&lang=en" "Mozilla/5.0 (Windows NT 10.0; Win64; x64) AppleWebKit/537.36 (KHTML, like Gecko) Chrome/91.0.4472.101 Safari/537.36"
49.206.10.51 - - [24/Jun/2021:15:40:43 +0530] "POST /tvsUAT/index.php?r=notification/notification/jxgetunseennotificationcount HTTP/1.1" 200 425 "http://d.stratbeans.com/tvsUAT/index.php?r=hierarchy/mapping/index&userId=7705" "Mozilla/5.0 (Windows NT 10.0; Win64; x64) AppleWebKit/537.36 (KHTML, like Gecko) Chrome/91.0.4472.114 Safari/537.36"
223.235.128.49 - - [24/Jun/2021:15:42:10 +0530] "POST /gebbs_new/index.php?r=notification/notification/jxgetunseennotificationcount HTTP/1.1" 200 423 "http://d.stratbeans.com/gebbs_new/index.php?r=tms/training/configure&trainingID=99" "Mozilla/5.0 (Windows NT 10.0; Win64; x64) AppleWebKit/537.36 (KHTML, like Gecko) Chrome/91.0.4472.114 Safari/537.36"
66.249.77.15 - - [24/Jun/2021:15:43:35 +0530] "GET /con/con/dist/assets/_con/images/user11.jpg HTTP/1.1" 200 8053 "-" "Googlebot-Image/1.0"
49.206.10.51 - - [24/Jun/2021:15:45:43 +0530] "POST /tvsUAT/index.php?r=notification/notification/jxgetunseennotificationcount HTTP/1.1" 200 425 "http://d.stratbeans.com/tvsUAT/index.php?r=hierarchy/mapping/index&userId=7705" "Mozilla/5.0 (Windows NT 10.0; Win64; x64) AppleWebKit/537.36 (KHTML, like Gecko) Chrome/91.0.4472.114 Safari/537.36"
103.211.19.160 - - [24/Jun/2021:15:45:50 +0530] "POST /tiss_uat/index.php?r=user/login/index&lang=en HTTP/1.1" 200 4437 "http://d.stratbeans.com/tiss_uat/index.php?r=user/login/index&lang=en" "Mozilla/5.0 (Windows NT 10.0; Win64; x64) AppleWebKit/537.36 (KHTML, like Gecko) Chrome/91.0.4472.101 Safari/537.36"
103.211.19.160 - - [24/Jun/2021:15:45:51 +0530] "GET /js/toastr.js HTTP/1.1" 404 396 "http://d.stratbeans.com/tiss_uat/index.php?r=user/login/index&lang=en" "Mozilla/5.0 (Windows NT 10.0; Win64; x64) AppleWebKit/537.36 (KHTML, like Gecko) Chrome/91.0.4472.101 Safari/537.36"
103.211.19.160 - - [24/Jun/2021:15:45:52 +0530] "POST /tiss_uat/index.php?r=user/login/jxfetchlanguagepreference HTTP/1.1" 200 545 "http://d.stratbeans.com/tiss_uat/index.php?r=user/login/index&lang=en" "Mozilla/5.0 (Windows NT 10.0; Win64; x64) AppleWebKit/537.36 (KHTML, like Gecko) Chrome/91.0.4472.101 Safari/537.36"
103.211.19.160 - - [24/Jun/2021:15:45:52 +0530] "POST /tiss_uat/index.php?r=user/login/jxfetchlanguagepreference HTTP/1.1" 200 546 "http://d.stratbeans.com/tiss_uat/index.php?r=user/login/index&lang=en" "Mozilla/5.0 (Windows NT 10.0; Win64; x64) AppleWebKit/537.36 (KHTML, like Gecko) Chrome/91.0.4472.101 Safari/537.36"
65.49.20.67 - - [24/Jun/2021:15:46:44 +0530] "GET / HTTP/1.1" 200 11157 "-" "-"
103.211.19.160 - - [24/Jun/2021:15:47:03 +0530] "POST /tiss_uat/index.php?r=user/login/index&lang=en HTTP/1.1" 302 434 "http://d.stratbeans.com/tiss_uat/index.php?r=user/login/index&lang=en" "Mozilla/5.0 (Windows NT 10.0; Win64; x64) AppleWebKit/537.36 (KHTML, like Gecko) Chrome/91.0.4472.101 Safari/537.36"
103.211.19.160 - - [24/Jun/2021:15:47:03 +0530] "GET /tiss_uat/index.php?r=dashboard/dashboard HTTP/1.1" 200 6989 "http://d.stratbeans.com/tiss_uat/index.php?r=user/login/index&lang=en" "Mozilla/5.0 (Windows NT 10.0; Win64; x64) AppleWebKit/537.36 (KHTML, like Gecko) Chrome/91.0.4472.101 Safari/537.36"
103.211.19.160 - - [24/Jun/2021:15:47:04 +0530] "POST /tiss_uat/index.php?r=user/user/jxFetchActivationData HTTP/1.1" 200 429 "http://d.stratbeans.com/tiss_uat/index.php?r=dashboard/dashboard" "Mozilla/5.0 (Windows NT 10.0; Win64; x64) AppleWebKit/537.36 (KHTML, like Gecko) Chrome/91.0.4472.101 Safari/537.36"
103.211.19.160 - - [24/Jun/2021:15:47:04 +0530] "POST /tiss_uat/index.php?r=notification/notification/jxgetunseennotificationcount HTTP/1.1" 200 422 "http://d.stratbeans.com/tiss_uat/index.php?r=dashboard/dashboard" "Mozilla/5.0 (Windows NT 10.0; Win64; x64) AppleWebKit/537.36 (KHTML, like Gecko) Chrome/91.0.4472.101 Safari/537.36"
223.235.128.49 - - [24/Jun/2021:15:47:11 +0530] "POST /gebbs_new/index.php?r=notification/notification/jxgetunseennotificationcount HTTP/1.1" 200 423 "http://d.stratbeans.com/gebbs_new/index.php?r=tms/training/configure&trainingID=99" "Mozilla/5.0 (Windows NT 10.0; Win64; x64) AppleWebKit/537.36 (KHTML, like Gecko) Chrome/91.0.4472.114 Safari/537.36"
49.36.178.224 - - [24/Jun/2021:15:47:21 +0530] "GET /homecreditUAT/images/homecredit_logo.jpg HTTP/1.1" 200 24921 "-" "Mobius/3.1 (iPhone; iOS 14.4; Scale/2.00)"
103.211.19.160 - - [24/Jun/2021:15:47:54 +0530] "GET /tiss_uat/index.php?r=user/login/logout HTTP/1.1" 302 823 "http://d.stratbeans.com/tiss_uat/index.php?r=dashboard/dashboard" "Mozilla/5.0 (Windows NT 10.0; Win64; x64) AppleWebKit/537.36 (KHTML, like Gecko) Chrome/91.0.4472.101 Safari/537.36"
103.211.19.160 - - [24/Jun/2021:15:47:54 +0530] "GET /tiss_uat/index.php?r=user/login/index&lang=en HTTP/1.1" 200 4462 "http://d.stratbeans.com/tiss_uat/index.php?r=dashboard/dashboard" "Mozilla/5.0 (Windows NT 10.0; Win64; x64) AppleWebKit/537.36 (KHTML, like Gecko) Chrome/91.0.4472.101 Safari/537.36"
103.211.19.160 - - [24/Jun/2021:15:47:55 +0530] "GET /js/toastr.js HTTP/1.1" 404 396 "http://d.stratbeans.com/tiss_uat/index.php?r=user/login/index&lang=en" "Mozilla/5.0 (Windows NT 10.0; Win64; x64) AppleWebKit/537.36 (KHTML, like Gecko) Chrome/91.0.4472.101 Safari/537.36"
103.211.19.160 - - [24/Jun/2021:15:47:55 +0530] "POST /tiss_uat/index.php?r=user/login/jxfetchlanguagepreference HTTP/1.1" 200 546 "http://d.stratbeans.com/tiss_uat/index.php?r=user/login/index&lang=en" "Mozilla/5.0 (Windows NT 10.0; Win64; x64) AppleWebKit/537.36 (KHTML, like Gecko) Chrome/91.0.4472.101 Safari/537.36"
103.211.19.160 - - [24/Jun/2021:15:47:55 +0530] "POST /tiss_uat/index.php?r=user/login/jxfetchlanguagepreference HTTP/1.1" 200 545 "http://d.stratbeans.com/tiss_uat/index.php?r=user/login/index&lang=en" "Mozilla/5.0 (Windows NT 10.0; Win64; x64) AppleWebKit/537.36 (KHTML, like Gecko) Chrome/91.0.4472.101 Safari/537.36"
49.206.10.51 - - [24/Jun/2021:15:50:43 +0530] "POST /tvsUAT/index.php?r=notification/notification/jxgetunseennotificationcount HTTP/1.1" 200 425 "http://d.stratbeans.com/tvsUAT/index.php?r=hierarchy/mapping/index&userId=7705" "Mozilla/5.0 (Windows NT 10.0; Win64; x64) AppleWebKit/537.36 (KHTML, like Gecko) Chrome/91.0.4472.114 Safari/537.36"
223.235.128.49 - - [24/Jun/2021:15:52:10 +0530] "POST /gebbs_new/index.php?r=notification/notification/jxgetunseennotificationcount HTTP/1.1" 200 423 "http://d.stratbeans.com/gebbs_new/index.php?r=tms/training/configure&trainingID=99" "Mozilla/5.0 (Windows NT 10.0; Win64; x64) AppleWebKit/537.36 (KHTML, like Gecko) Chrome/91.0.4472.114 Safari/537.36"
103.211.19.160 - - [24/Jun/2021:15:54:40 +0530] "GET /tiss_uat/index.php?r=user/createAccount HTTP/1.1" 200 6034 "http://d.stratbeans.com/tiss_uat/index.php?r=user/login/index&lang=en" "Mozilla/5.0 (Windows NT 10.0; Win64; x64) AppleWebKit/537.36 (KHTML, like Gecko) Chrome/91.0.4472.101 Safari/537.36"
103.211.19.160 - - [24/Jun/2021:15:54:58 +0530] "GET /tiss_uat/index.php HTTP/1.1" 200 4393 "http://d.stratbeans.com/tiss_uat/index.php?r=user/createAccount" "Mozilla/5.0 (Windows NT 10.0; Win64; x64) AppleWebKit/537.36 (KHTML, like Gecko) Chrome/91.0.4472.101 Safari/537.36"
103.211.19.160 - - [24/Jun/2021:15:54:59 +0530] "GET /js/toastr.js HTTP/1.1" 404 396 "http://d.stratbeans.com/tiss_uat/index.php" "Mozilla/5.0 (Windows NT 10.0; Win64; x64) AppleWebKit/537.36 (KHTML, like Gecko) Chrome/91.0.4472.101 Safari/537.36"
103.211.19.160 - - [24/Jun/2021:15:54:59 +0530] "POST /tiss_uat/index.php?r=user/login/jxfetchlanguagepreference HTTP/1.1" 200 545 "http://d.stratbeans.com/tiss_uat/index.php" "Mozilla/5.0 (Windows NT 10.0; Win64; x64) AppleWebKit/537.36 (KHTML, like Gecko) Chrome/91.0.4472.101 Safari/537.36"
103.211.19.160 - - [24/Jun/2021:15:54:59 +0530] "POST /tiss_uat/index.php?r=user/login/jxfetchlanguagepreference HTTP/1.1" 200 546 "http://d.stratbeans.com/tiss_uat/index.php" "Mozilla/5.0 (Windows NT 10.0; Win64; x64) AppleWebKit/537.36 (KHTML, like Gecko) Chrome/91.0.4472.101 Safari/537.36"
49.206.10.51 - - [24/Jun/2021:15:55:43 +0530] "POST /tvsUAT/index.php?r=notification/notification/jxgetunseennotificationcount HTTP/1.1" 200 425 "http://d.stratbeans.com/tvsUAT/index.php?r=hierarchy/mapping/index&userId=7705" "Mozilla/5.0 (Windows NT 10.0; Win64; x64) AppleWebKit/537.36 (KHTML, like Gecko) Chrome/91.0.4472.114 Safari/537.36"
202.164.136.37 - - [24/Jun/2021:15:55:56 +0530] "GET /lms_trial/index.php?r=client_login/login/index&lang=en HTTP/1.1" 200 2846 "-" "Mozilla/5.0 (Macintosh; Intel Mac OS X 10_14_6) AppleWebKit/537.36 (KHTML, like Gecko) Chrome/91.0.4472.114 Safari/537.36"
202.164.136.37 - - [24/Jun/2021:15:55:56 +0530] "GET /lms_trial/theme-assets/css/chromium.main.css HTTP/1.1" 200 1945 "http://d.stratbeans.com/lms_trial/index.php?r=client_login/login/index&lang=en" "Mozilla/5.0 (Macintosh; Intel Mac OS X 10_14_6) AppleWebKit/537.36 (KHTML, like Gecko) Chrome/91.0.4472.114 Safari/537.36"
202.164.136.37 - - [24/Jun/2021:15:55:56 +0530] "GET /lms_trial/js/angular/angular.min.js HTTP/1.1" 200 46774 "http://d.stratbeans.com/lms_trial/index.php?r=client_login/login/index&lang=en" "Mozilla/5.0 (Macintosh; Intel Mac OS X 10_14_6) AppleWebKit/537.36 (KHTML, like Gecko) Chrome/91.0.4472.114 Safari/537.36"
202.164.136.37 - - [24/Jun/2021:15:55:56 +0530] "GET /lms_trial/theme-assets/css/pages/login/login-1.css HTTP/1.1" 200 1549 "http://d.stratbeans.com/lms_trial/index.php?r=client_login/login/index&lang=en" "Mozilla/5.0 (Macintosh; Intel Mac OS X 10_14_6) AppleWebKit/537.36 (KHTML, like Gecko) Chrome/91.0.4472.114 Safari/537.36"
202.164.136.37 - - [24/Jun/2021:15:55:56 +0530] "GET /lms_trial/css/toastr.css HTTP/1.1" 200 2587 "http://d.stratbeans.com/lms_trial/index.php?r=client_login/login/index&lang=en" "Mozilla/5.0 (Macintosh; Intel Mac OS X 10_14_6) AppleWebKit/537.36 (KHTML, like Gecko) Chrome/91.0.4472.114 Safari/537.36"
202.164.136.37 - - [24/Jun/2021:15:55:56 +0530] "GET /lms_trial/con-template/jquery/jquery.min.js HTTP/1.1" 200 33620 "http://d.stratbeans.com/lms_trial/index.php?r=client_login/login/index&lang=en" "Mozilla/5.0 (Macintosh; Intel Mac OS X 10_14_6) AppleWebKit/537.36 (KHTML, like Gecko) Chrome/91.0.4472.114 Safari/537.36"
202.164.136.37 - - [24/Jun/2021:15:55:56 +0530] "GET /lms_trial/theme-assets/plugins/global/plugins.bundle.css HTTP/1.1" 200 59375 "http://d.stratbeans.com/lms_trial/index.php?r=client_login/login/index&lang=en" "Mozilla/5.0 (Macintosh; Intel Mac OS X 10_14_6) AppleWebKit/537.36 (KHTML, like Gecko) Chrome/91.0.4472.114 Safari/537.36"
202.164.136.37 - - [24/Jun/2021:15:55:56 +0530] "GET /lms_trial/js/toastr.js HTTP/1.1" 200 3153 "http://d.stratbeans.com/lms_trial/index.php?r=client_login/login/index&lang=en" "Mozilla/5.0 (Macintosh; Intel Mac OS X 10_14_6) AppleWebKit/537.36 (KHTML, like Gecko) Chrome/91.0.4472.114 Safari/537.36"
202.164.136.37 - - [24/Jun/2021:15:55:56 +0530] "GET /lms_trial/js/common/angular_barium.js HTTP/1.1" 200 756 "http://d.stratbeans.com/lms_trial/index.php?r=client_login/login/index&lang=en" "Mozilla/5.0 (Macintosh; Intel Mac OS X 10_14_6) AppleWebKit/537.36 (KHTML, like Gecko) Chrome/91.0.4472.114 Safari/537.36"
202.164.136.37 - - [24/Jun/2021:15:55:57 +0530] "GET /lms_trial/theme-assets/plugins/global/plugins.bundle.js HTTP/1.1" 200 520140 "http://d.stratbeans.com/lms_trial/index.php?r=client_login/login/index&lang=en" "Mozilla/5.0 (Macintosh; Intel Mac OS X 10_14_6) AppleWebKit/537.36 (KHTML, like Gecko) Chrome/91.0.4472.114 Safari/537.36"
202.164.136.37 - - [24/Jun/2021:15:55:57 +0530] "GET /lms_trial/theme-assets/js/scripts.bundle.js HTTP/1.1" 200 57357 "http://d.stratbeans.com/lms_trial/index.php?r=client_login/login/index&lang=en" "Mozilla/5.0 (Macintosh; Intel Mac OS X 10_14_6) AppleWebKit/537.36 (KHTML, like Gecko) Chrome/91.0.4472.114 Safari/537.36"
202.164.136.37 - - [24/Jun/2021:15:55:57 +0530] "GET /lms_trial/assets/js/pages/custom/login/login-1.js HTTP/1.1" 404 396 "http://d.stratbeans.com/lms_trial/index.php?r=client_login/login/index&lang=en" "Mozilla/5.0 (Macintosh; Intel Mac OS X 10_14_6) AppleWebKit/537.36 (KHTML, like Gecko) Chrome/91.0.4472.114 Safari/537.36"
202.164.136.37 - - [24/Jun/2021:15:55:56 +0530] "GET /lms_trial/theme-assets/css/style.bundle.css HTTP/1.1" 200 79640 "http://d.stratbeans.com/lms_trial/index.php?r=client_login/login/index&lang=en" "Mozilla/5.0 (Macintosh; Intel Mac OS X 10_14_6) AppleWebKit/537.36 (KHTML, like Gecko) Chrome/91.0.4472.114 Safari/537.36"
::1 - - [24/Jun/2021:15:56:39 +0530] "OPTIONS * HTTP/1.0" 200 110 "-" "Apache/2.4.46 (Ubuntu) (internal dummy connection)"
202.164.136.37 - - [24/Jun/2021:15:56:50 +0530] "GET /lenskart/ HTTP/1.1" 200 2823 "-" "Mozilla/5.0 (Macintosh; Intel Mac OS X 10_14_6) AppleWebKit/537.36 (KHTML, like Gecko) Chrome/91.0.4472.114 Safari/537.36"
