106.215.161.186 - - [24/Jun/2021:13:55:24 +0530] "POST /tvsib/index.php?r=user/user/jxResetPassword HTTP/1.1" 200 449 "http://d.stratbeans.com/tvsib/index.php?r=user/user" "Mozilla/5.0 (Windows NT 10.0; Win64; x64) AppleWebKit/537.36 (KHTML, like Gecko) Chrome/91.0.4472.114 Safari/537.36"
106.215.161.186 - - [24/Jun/2021:13:55:39 +0530] "POST /tvsib/index.php?r=client_user/login/index HTTP/1.1" 302 431 "http://d.stratbeans.com/tvsib/index.php?r=client_user/login/index" "Mozilla/5.0 (Windows NT 10.0; Win64; x64) AppleWebKit/537.36 (KHTML, like Gecko) Chrome/91.0.4472.114 Safari/537.36"
106.215.161.186 - - [24/Jun/2021:13:55:39 +0530] "GET /tvsib/index.php?r=dashboard/dashboard HTTP/1.1" 200 7713 "http://d.stratbeans.com/tvsib/index.php?r=client_user/login/index" "Mozilla/5.0 (Windows NT 10.0; Win64; x64) AppleWebKit/537.36 (KHTML, like Gecko) Chrome/91.0.4472.114 Safari/537.36"
106.215.161.186 - - [24/Jun/2021:13:55:40 +0530] "GET /tvsib/js/angular/angular.min.js HTTP/1.1" 200 46773 "http://d.stratbeans.com/tvsib/index.php?r=dashboard/dashboard" "Mozilla/5.0 (Windows NT 10.0; Win64; x64) AppleWebKit/537.36 (KHTML, like Gecko) Chrome/91.0.4472.114 Safari/537.36"
106.215.225.210 - - [24/Jun/2021:13:55:40 +0530] "GET /tvsib/css/font-awesome.min.css HTTP/1.1" 200 5765 "http://d.stratbeans.com/tvsib/index.php?r=dashboard/dashboard" "Mozilla/5.0 (Windows NT 10.0; Win64; x64) AppleWebKit/537.36 (KHTML, like Gecko) Chrome/91.0.4472.114 Safari/537.36"
106.215.161.186 - - [24/Jun/2021:13:55:40 +0530] "GET /tvsib/css/multi-select.css HTTP/1.1" 200 2224 "http://d.stratbeans.com/tvsib/index.php?r=dashboard/dashboard" "Mozilla/5.0 (Windows NT 10.0; Win64; x64) AppleWebKit/537.36 (KHTML, like Gecko) Chrome/91.0.4472.114 Safari/537.36"
106.215.161.186 - - [24/Jun/2021:13:55:40 +0530] "GET /tvsib/css/material-design-iconic-font.min.css HTTP/1.1" 200 7300 "http://d.stratbeans.com/tvsib/index.php?r=dashboard/dashboard" "Mozilla/5.0 (Windows NT 10.0; Win64; x64) AppleWebKit/537.36 (KHTML, like Gecko) Chrome/91.0.4472.114 Safari/537.36"
106.215.161.186 - - [24/Jun/2021:13:55:40 +0530] "GET /tvsib/css/uploadFile.css HTTP/1.1" 200 1118 "http://d.stratbeans.com/tvsib/index.php?r=dashboard/dashboard" "Mozilla/5.0 (Windows NT 10.0; Win64; x64) AppleWebKit/537.36 (KHTML, like Gecko) Chrome/91.0.4472.114 Safari/537.36"
106.215.161.186 - - [24/Jun/2021:13:55:40 +0530] "GET /tvsib/css/cs.css HTTP/1.1" 200 2092 "http://d.stratbeans.com/tvsib/index.php?r=dashboard/dashboard" "Mozilla/5.0 (Windows NT 10.0; Win64; x64) AppleWebKit/537.36 (KHTML, like Gecko) Chrome/91.0.4472.114 Safari/537.36"
106.215.225.210 - - [24/Jun/2021:13:55:40 +0530] "GET /tvsib/css/gridHighlight.css HTTP/1.1" 200 478 "http://d.stratbeans.com/tvsib/index.php?r=dashboard/dashboard" "Mozilla/5.0 (Windows NT 10.0; Win64; x64) AppleWebKit/537.36 (KHTML, like Gecko) Chrome/91.0.4472.114 Safari/537.36"
106.215.161.186 - - [24/Jun/2021:13:55:40 +0530] "GET /tvsib/con-template/material-design-icons/css/material-design-icons.min.css HTTP/1.1" 200 6842 "http://d.stratbeans.com/tvsib/index.php?r=dashboard/dashboard" "Mozilla/5.0 (Windows NT 10.0; Win64; x64) AppleWebKit/537.36 (KHTML, like Gecko) Chrome/91.0.4472.114 Safari/537.36"
106.215.161.186 - - [24/Jun/2021:13:55:40 +0530] "GET /tvsib/css/introjs.min.css HTTP/1.1" 200 2427 "http://d.stratbeans.com/tvsib/index.php?r=dashboard/dashboard" "Mozilla/5.0 (Windows NT 10.0; Win64; x64) AppleWebKit/537.36 (KHTML, like Gecko) Chrome/91.0.4472.114 Safari/537.36"
106.215.161.186 - - [24/Jun/2021:13:55:40 +0530] "GET /tvsib/css/material-icons.css HTTP/1.1" 200 643 "http://d.stratbeans.com/tvsib/index.php?r=dashboard/dashboard" "Mozilla/5.0 (Windows NT 10.0; Win64; x64) AppleWebKit/537.36 (KHTML, like Gecko) Chrome/91.0.4472.114 Safari/537.36"
106.215.161.186 - - [24/Jun/2021:13:55:40 +0530] "GET /tvsib/js/datatables/jquery.dataTables.min.css HTTP/1.1" 200 2430 "http://d.stratbeans.com/tvsib/index.php?r=dashboard/dashboard" "Mozilla/5.0 (Windows NT 10.0; Win64; x64) AppleWebKit/537.36 (KHTML, like Gecko) Chrome/91.0.4472.114 Safari/537.36"
106.215.225.210 - - [24/Jun/2021:13:55:40 +0530] "GET /tvsib/js/datatables/buttons.dataTables.min.css HTTP/1.1" 200 2163 "http://d.stratbeans.com/tvsib/index.php?r=dashboard/dashboard" "Mozilla/5.0 (Windows NT 10.0; Win64; x64) AppleWebKit/537.36 (KHTML, like Gecko) Chrome/91.0.4472.114 Safari/537.36"
106.215.161.186 - - [24/Jun/2021:13:55:40 +0530] "GET /tvsib/js/select2/select2.min.css HTTP/1.1" 200 2319 "http://d.stratbeans.com/tvsib/index.php?r=dashboard/dashboard" "Mozilla/5.0 (Windows NT 10.0; Win64; x64) AppleWebKit/537.36 (KHTML, like Gecko) Chrome/91.0.4472.114 Safari/537.36"
106.215.161.186 - - [24/Jun/2021:13:55:40 +0530] "GET /tvsib/js/dropify/dist/css/dropify.css HTTP/1.1" 200 2682 "http://d.stratbeans.com/tvsib/index.php?r=dashboard/dashboard" "Mozilla/5.0 (Windows NT 10.0; Win64; x64) AppleWebKit/537.36 (KHTML, like Gecko) Chrome/91.0.4472.114 Safari/537.36"
106.215.161.186 - - [24/Jun/2021:13:55:40 +0530] "GET /tvsib/lib/google-font/roboto.css HTTP/1.1" 200 1890 "http://d.stratbeans.com/tvsib/index.php?r=dashboard/dashboard" "Mozilla/5.0 (Windows NT 10.0; Win64; x64) AppleWebKit/537.36 (KHTML, like Gecko) Chrome/91.0.4472.114 Safari/537.36"
106.215.161.186 - - [24/Jun/2021:13:55:40 +0530] "GET /tvsib/con-template/jquery/jquery.min.js HTTP/1.1" 200 33619 "http://d.stratbeans.com/tvsib/index.php?r=dashboard/dashboard" "Mozilla/5.0 (Windows NT 10.0; Win64; x64) AppleWebKit/537.36 (KHTML, like Gecko) Chrome/91.0.4472.114 Safari/537.36"
106.215.161.186 - - [24/Jun/2021:13:55:40 +0530] "GET /tvsib/css/createForm.css HTTP/1.1" 200 509 "http://d.stratbeans.com/tvsib/index.php?r=dashboard/dashboard" "Mozilla/5.0 (Windows NT 10.0; Win64; x64) AppleWebKit/537.36 (KHTML, like Gecko) Chrome/91.0.4472.114 Safari/537.36"
106.215.225.210 - - [24/Jun/2021:13:55:40 +0530] "GET /tvsib/con-template/html5shiv/html5shiv.min.js HTTP/1.1" 200 1643 "http://d.stratbeans.com/tvsib/index.php?r=dashboard/dashboard" "Mozilla/5.0 (Windows NT 10.0; Win64; x64) AppleWebKit/537.36 (KHTML, like Gecko) Chrome/91.0.4472.114 Safari/537.36"
106.215.161.186 - - [24/Jun/2021:13:55:40 +0530] "GET /tvsib/js/datatables/jquery.dataTables.min.js HTTP/1.1" 200 28801 "http://d.stratbeans.com/tvsib/index.php?r=dashboard/dashboard" "Mozilla/5.0 (Windows NT 10.0; Win64; x64) AppleWebKit/537.36 (KHTML, like Gecko) Chrome/91.0.4472.114 Safari/537.36"
106.215.161.186 - - [24/Jun/2021:13:55:40 +0530] "GET /tvsib/js/datatables/dataTables.buttons.min.js HTTP/1.1" 200 6805 "http://d.stratbeans.com/tvsib/index.php?r=dashboard/dashboard" "Mozilla/5.0 (Windows NT 10.0; Win64; x64) AppleWebKit/537.36 (KHTML, like Gecko) Chrome/91.0.4472.114 Safari/537.36"
106.215.161.186 - - [24/Jun/2021:13:55:40 +0530] "GET /tvsib/js/select2/select2.min.js HTTP/1.1" 200 20086 "http://d.stratbeans.com/tvsib/index.php?r=dashboard/dashboard" "Mozilla/5.0 (Windows NT 10.0; Win64; x64) AppleWebKit/537.36 (KHTML, like Gecko) Chrome/91.0.4472.114 Safari/537.36"
106.215.225.210 - - [24/Jun/2021:13:55:41 +0530] "GET /tvsib/angular-templates/loader/loader.directive.js HTTP/1.1" 200 596 "http://d.stratbeans.com/tvsib/index.php?r=dashboard/dashboard" "Mozilla/5.0 (Windows NT 10.0; Win64; x64) AppleWebKit/537.36 (KHTML, like Gecko) Chrome/91.0.4472.114 Safari/537.36"
106.215.161.186 - - [24/Jun/2021:13:55:41 +0530] "GET /tvsib/js/dropify/dist/js/dropify.js HTTP/1.1" 200 4521 "http://d.stratbeans.com/tvsib/index.php?r=dashboard/dashboard" "Mozilla/5.0 (Windows NT 10.0; Win64; x64) AppleWebKit/537.36 (KHTML, like Gecko) Chrome/91.0.4472.114 Safari/537.36"
106.215.161.186 - - [24/Jun/2021:13:55:41 +0530] "GET /tvsib/js/intro.min.js HTTP/1.1" 200 6184 "http://d.stratbeans.com/tvsib/index.php?r=dashboard/dashboard" "Mozilla/5.0 (Windows NT 10.0; Win64; x64) AppleWebKit/537.36 (KHTML, like Gecko) Chrome/91.0.4472.114 Safari/537.36"
106.215.161.186 - - [24/Jun/2021:13:55:41 +0530] "GET /tvsib/con-template/angularjs-rickshaw/rickshaw-angularjs.js HTTP/1.1" 200 2158 "http://d.stratbeans.com/tvsib/index.php?r=dashboard/dashboard" "Mozilla/5.0 (Windows NT 10.0; Win64; x64) AppleWebKit/537.36 (KHTML, like Gecko) Chrome/91.0.4472.114 Safari/537.36"
106.215.161.186 - - [24/Jun/2021:13:55:41 +0530] "GET /tvsib/js/angular-loading-bar.js HTTP/1.1" 200 3364 "http://d.stratbeans.com/tvsib/index.php?r=dashboard/dashboard" "Mozilla/5.0 (Windows NT 10.0; Win64; x64) AppleWebKit/537.36 (KHTML, like Gecko) Chrome/91.0.4472.114 Safari/537.36"
106.215.161.186 - - [24/Jun/2021:13:55:41 +0530] "GET /tvsib/js/angular/angular-animate.min.js HTTP/1.1" 200 9392 "http://d.stratbeans.com/tvsib/index.php?r=dashboard/dashboard" "Mozilla/5.0 (Windows NT 10.0; Win64; x64) AppleWebKit/537.36 (KHTML, like Gecko) Chrome/91.0.4472.114 Safari/537.36"
106.215.161.186 - - [24/Jun/2021:13:55:41 +0530] "GET /tvsib/css/angular-loading-bar.css HTTP/1.1" 200 1050 "http://d.stratbeans.com/tvsib/index.php?r=dashboard/dashboard" "Mozilla/5.0 (Windows NT 10.0; Win64; x64) AppleWebKit/537.36 (KHTML, like Gecko) Chrome/91.0.4472.114 Safari/537.36"
106.215.161.186 - - [24/Jun/2021:13:55:41 +0530] "GET /tvsib/images/icon.png HTTP/1.1" 200 1614 "http://d.stratbeans.com/tvsib/index.php?r=dashboard/dashboard" "Mozilla/5.0 (Windows NT 10.0; Win64; x64) AppleWebKit/537.36 (KHTML, like Gecko) Chrome/91.0.4472.114 Safari/537.36"
106.215.161.186 - - [24/Jun/2021:13:55:41 +0530] "GET /tvsib/images/learning.jpg HTTP/1.1" 200 70504 "http://d.stratbeans.com/tvsib/index.php?r=dashboard/dashboard" "Mozilla/5.0 (Windows NT 10.0; Win64; x64) AppleWebKit/537.36 (KHTML, like Gecko) Chrome/91.0.4472.114 Safari/537.36"
106.215.161.186 - - [24/Jun/2021:13:55:41 +0530] "GET /tvsib/images/announcements.jpg HTTP/1.1" 200 28683 "http://d.stratbeans.com/tvsib/index.php?r=dashboard/dashboard" "Mozilla/5.0 (Windows NT 10.0; Win64; x64) AppleWebKit/537.36 (KHTML, like Gecko) Chrome/91.0.4472.114 Safari/537.36"
106.215.225.210 - - [24/Jun/2021:13:55:41 +0530] "GET /tvsib/images/askexpert.jpg HTTP/1.1" 200 19293 "http://d.stratbeans.com/tvsib/index.php?r=dashboard/dashboard" "Mozilla/5.0 (Windows NT 10.0; Win64; x64) AppleWebKit/537.36 (KHTML, like Gecko) Chrome/91.0.4472.114 Safari/537.36"
106.215.161.186 - - [24/Jun/2021:13:55:41 +0530] "GET /tvsib/images/certificate.jpg HTTP/1.1" 200 28064 "http://d.stratbeans.com/tvsib/index.php?r=dashboard/dashboard" "Mozilla/5.0 (Windows NT 10.0; Win64; x64) AppleWebKit/537.36 (KHTML, like Gecko) Chrome/91.0.4472.114 Safari/537.36"
106.215.225.210 - - [24/Jun/2021:13:55:41 +0530] "GET /tvsib/images/public_digital_library.jpg HTTP/1.1" 200 75018 "http://d.stratbeans.com/tvsib/index.php?r=dashboard/dashboard" "Mozilla/5.0 (Windows NT 10.0; Win64; x64) AppleWebKit/537.36 (KHTML, like Gecko) Chrome/91.0.4472.114 Safari/537.36"
106.215.161.186 - - [24/Jun/2021:13:55:41 +0530] "POST /tvsib/index.php?r=user/user/jxFetchActivationData HTTP/1.1" 200 429 "http://d.stratbeans.com/tvsib/index.php?r=dashboard/dashboard" "Mozilla/5.0 (Windows NT 10.0; Win64; x64) AppleWebKit/537.36 (KHTML, like Gecko) Chrome/91.0.4472.114 Safari/537.36"
106.215.161.186 - - [24/Jun/2021:13:55:41 +0530] "GET /tvsib/fonts/fontawesome-webfont.woff2?v=4.3.0 HTTP/1.1" 200 57026 "http://d.stratbeans.com/tvsib/css/font-awesome.min.css" "Mozilla/5.0 (Windows NT 10.0; Win64; x64) AppleWebKit/537.36 (KHTML, like Gecko) Chrome/91.0.4472.114 Safari/537.36"
106.215.225.210 - - [24/Jun/2021:13:55:41 +0530] "GET /tvsib/con-template/material-design-icons/font/Material-Design-Icons.woff2 HTTP/1.1" 200 37642 "http://d.stratbeans.com/tvsib/con-template/material-design-icons/css/material-design-icons.min.css" "Mozilla/5.0 (Windows NT 10.0; Win64; x64) AppleWebKit/537.36 (KHTML, like Gecko) Chrome/91.0.4472.114 Safari/537.36"
106.215.225.210 - - [24/Jun/2021:13:55:41 +0530] "POST /tvsib/index.php?r=notification/notification/jxgetunseennotificationcount HTTP/1.1" 200 422 "http://d.stratbeans.com/tvsib/index.php?r=dashboard/dashboard" "Mozilla/5.0 (Windows NT 10.0; Win64; x64) AppleWebKit/537.36 (KHTML, like Gecko) Chrome/91.0.4472.114 Safari/537.36"
49.206.10.51 - - [24/Jun/2021:13:55:43 +0530] "POST /tvsUAT/index.php?r=notification/notification/jxgetunseennotificationcount HTTP/1.1" 200 425 "http://d.stratbeans.com/tvsUAT/index.php?r=hierarchy/mapping/index&userId=7705" "Mozilla/5.0 (Windows NT 10.0; Win64; x64) AppleWebKit/537.36 (KHTML, like Gecko) Chrome/91.0.4472.114 Safari/537.36"
106.215.225.210 - - [24/Jun/2021:13:55:44 +0530] "GET /tvsib/index.php?r=user/upload HTTP/1.1" 200 6311 "http://d.stratbeans.com/tvsib/index.php?r=dashboard/dashboard" "Mozilla/5.0 (Windows NT 10.0; Win64; x64) AppleWebKit/537.36 (KHTML, like Gecko) Chrome/91.0.4472.114 Safari/537.36"
106.215.225.210 - - [24/Jun/2021:13:55:44 +0530] "POST /tvsib/index.php?r=user/user/jxFetchActivationData HTTP/1.1" 200 429 "http://d.stratbeans.com/tvsib/index.php?r=user/upload" "Mozilla/5.0 (Windows NT 10.0; Win64; x64) AppleWebKit/537.36 (KHTML, like Gecko) Chrome/91.0.4472.114 Safari/537.36"
106.215.225.210 - - [24/Jun/2021:13:55:45 +0530] "POST /tvsib/index.php?r=notification/notification/jxgetunseennotificationcount HTTP/1.1" 200 422 "http://d.stratbeans.com/tvsib/index.php?r=user/upload" "Mozilla/5.0 (Windows NT 10.0; Win64; x64) AppleWebKit/537.36 (KHTML, like Gecko) Chrome/91.0.4472.114 Safari/537.36"
::1 - - [24/Jun/2021:13:55:46 +0530] "OPTIONS * HTTP/1.0" 200 110 "-" "Apache/2.4.46 (Ubuntu) (internal dummy connection)"
106.215.225.210 - - [24/Jun/2021:13:55:50 +0530] "POST /tvsib/index.php?r=user/upload HTTP/1.1" 200 6352 "http://d.stratbeans.com/tvsib/index.php?r=user/upload" "Mozilla/5.0 (Windows NT 10.0; Win64; x64) AppleWebKit/537.36 (KHTML, like Gecko) Chrome/91.0.4472.114 Safari/537.36"
106.215.225.210 - - [24/Jun/2021:13:55:50 +0530] "POST /tvsib/index.php?r=user/user/jxFetchActivationData HTTP/1.1" 200 429 "http://d.stratbeans.com/tvsib/index.php?r=user/upload" "Mozilla/5.0 (Windows NT 10.0; Win64; x64) AppleWebKit/537.36 (KHTML, like Gecko) Chrome/91.0.4472.114 Safari/537.36"
106.215.225.210 - - [24/Jun/2021:13:55:51 +0530] "POST /tvsib/index.php?r=notification/notification/jxgetunseennotificationcount HTTP/1.1" 200 422 "http://d.stratbeans.com/tvsib/index.php?r=user/upload" "Mozilla/5.0 (Windows NT 10.0; Win64; x64) AppleWebKit/537.36 (KHTML, like Gecko) Chrome/91.0.4472.114 Safari/537.36"
106.215.225.210 - - [24/Jun/2021:13:55:54 +0530] "GET /tvsib/index.php?r=user/profile HTTP/1.1" 200 8220 "http://d.stratbeans.com/tvsib/index.php?r=user/upload" "Mozilla/5.0 (Windows NT 10.0; Win64; x64) AppleWebKit/537.36 (KHTML, like Gecko) Chrome/91.0.4472.114 Safari/537.36"
106.215.225.210 - - [24/Jun/2021:13:55:55 +0530] "GET /tvsib/con-template/jquery/jquery.uploadfile.min.js HTTP/1.1" 200 5225 "http://d.stratbeans.com/tvsib/index.php?r=user/profile" "Mozilla/5.0 (Windows NT 10.0; Win64; x64) AppleWebKit/537.36 (KHTML, like Gecko) Chrome/91.0.4472.114 Safari/537.36"
106.215.225.210 - - [24/Jun/2021:13:55:55 +0530] "POST /tvsib/index.php?r=user/user/jxFetchActivationData HTTP/1.1" 200 429 "http://d.stratbeans.com/tvsib/index.php?r=user/profile" "Mozilla/5.0 (Windows NT 10.0; Win64; x64) AppleWebKit/537.36 (KHTML, like Gecko) Chrome/91.0.4472.114 Safari/537.36"
106.215.225.210 - - [24/Jun/2021:13:55:56 +0530] "POST /tvsib/index.php?r=user/profile/jxFetchUserProfileData HTTP/1.1" 200 912 "http://d.stratbeans.com/tvsib/index.php?r=user/profile" "Mozilla/5.0 (Windows NT 10.0; Win64; x64) AppleWebKit/537.36 (KHTML, like Gecko) Chrome/91.0.4472.114 Safari/537.36"
106.215.161.186 - - [24/Jun/2021:13:55:56 +0530] "POST /tvsib/index.php?r=user/profile/jxFetchSecurityQuestions HTTP/1.1" 200 355 "http://d.stratbeans.com/tvsib/index.php?r=user/profile" "Mozilla/5.0 (Windows NT 10.0; Win64; x64) AppleWebKit/537.36 (KHTML, like Gecko) Chrome/91.0.4472.114 Safari/537.36"
106.215.225.210 - - [24/Jun/2021:13:55:56 +0530] "POST /tvsib/index.php?r=notification/notification/jxgetunseennotificationcount HTTP/1.1" 200 422 "http://d.stratbeans.com/tvsib/index.php?r=user/profile" "Mozilla/5.0 (Windows NT 10.0; Win64; x64) AppleWebKit/537.36 (KHTML, like Gecko) Chrome/91.0.4472.114 Safari/537.36"
106.215.225.210 - - [24/Jun/2021:13:55:58 +0530] "GET /tvsib/index.php?r=user/login/logout HTTP/1.1" 302 473 "http://d.stratbeans.com/tvsib/index.php?r=user/profile" "Mozilla/5.0 (Windows NT 10.0; Win64; x64) AppleWebKit/537.36 (KHTML, like Gecko) Chrome/91.0.4472.114 Safari/537.36"
106.215.225.210 - - [24/Jun/2021:13:55:58 +0530] "GET /tvsib/index.php?r=client_user/login/index&lang=en HTTP/1.1" 200 5003 "http://d.stratbeans.com/tvsib/index.php?r=user/profile" "Mozilla/5.0 (Windows NT 10.0; Win64; x64) AppleWebKit/537.36 (KHTML, like Gecko) Chrome/91.0.4472.114 Safari/537.36"
106.215.225.210 - - [24/Jun/2021:13:55:59 +0530] "POST /tvsib/index.php?r=user/login/jxfetchlanguagepreference HTTP/1.1" 200 442 "http://d.stratbeans.com/tvsib/index.php?r=client_user/login/index&lang=en" "Mozilla/5.0 (Windows NT 10.0; Win64; x64) AppleWebKit/537.36 (KHTML, like Gecko) Chrome/91.0.4472.114 Safari/537.36"
106.215.161.186 - - [24/Jun/2021:13:56:04 +0530] "POST /tvsib/index.php?r=user/user/jxfetchgriddata HTTP/1.1" 200 1273 "http://d.stratbeans.com/tvsib/index.php?r=user/user" "Mozilla/5.0 (Windows NT 10.0; Win64; x64) AppleWebKit/537.36 (KHTML, like Gecko) Chrome/91.0.4472.114 Safari/537.36"
::1 - - [24/Jun/2021:13:56:06 +0530] "OPTIONS * HTTP/1.0" 200 110 "-" "Apache/2.4.46 (Ubuntu) (internal dummy connection)"
106.215.225.210 - - [24/Jun/2021:13:56:21 +0530] "POST /tvsib/index.php?r=client_user/login/index&lang=en HTTP/1.1" 302 431 "http://d.stratbeans.com/tvsib/index.php?r=client_user/login/index&lang=en" "Mozilla/5.0 (Windows NT 10.0; Win64; x64) AppleWebKit/537.36 (KHTML, like Gecko) Chrome/91.0.4472.114 Safari/537.36"
106.215.225.210 - - [24/Jun/2021:13:56:21 +0530] "GET /tvsib/index.php?r=dashboard/dashboard HTTP/1.1" 200 7712 "http://d.stratbeans.com/tvsib/index.php?r=client_user/login/index&lang=en" "Mozilla/5.0 (Windows NT 10.0; Win64; x64) AppleWebKit/537.36 (KHTML, like Gecko) Chrome/91.0.4472.114 Safari/537.36"
106.215.225.210 - - [24/Jun/2021:13:56:22 +0530] "POST /tvsib/index.php?r=user/user/jxFetchActivationData HTTP/1.1" 200 429 "http://d.stratbeans.com/tvsib/index.php?r=dashboard/dashboard" "Mozilla/5.0 (Windows NT 10.0; Win64; x64) AppleWebKit/537.36 (KHTML, like Gecko) Chrome/91.0.4472.114 Safari/537.36"
106.215.225.210 - - [24/Jun/2021:13:56:22 +0530] "POST /tvsib/index.php?r=notification/notification/jxgetunseennotificationcount HTTP/1.1" 200 423 "http://d.stratbeans.com/tvsib/index.php?r=dashboard/dashboard" "Mozilla/5.0 (Windows NT 10.0; Win64; x64) AppleWebKit/537.36 (KHTML, like Gecko) Chrome/91.0.4472.114 Safari/537.36"
106.215.225.210 - - [24/Jun/2021:13:56:24 +0530] "GET /tvsib/index.php?r=user/upload HTTP/1.1" 200 6311 "http://d.stratbeans.com/tvsib/index.php?r=dashboard/dashboard" "Mozilla/5.0 (Windows NT 10.0; Win64; x64) AppleWebKit/537.36 (KHTML, like Gecko) Chrome/91.0.4472.114 Safari/537.36"
106.215.225.210 - - [24/Jun/2021:13:56:25 +0530] "POST /tvsib/index.php?r=user/user/jxFetchActivationData HTTP/1.1" 200 429 "http://d.stratbeans.com/tvsib/index.php?r=user/upload" "Mozilla/5.0 (Windows NT 10.0; Win64; x64) AppleWebKit/537.36 (KHTML, like Gecko) Chrome/91.0.4472.114 Safari/537.36"
106.215.225.210 - - [24/Jun/2021:13:56:25 +0530] "POST /tvsib/index.php?r=notification/notification/jxgetunseennotificationcount HTTP/1.1" 200 423 "http://d.stratbeans.com/tvsib/index.php?r=user/upload" "Mozilla/5.0 (Windows NT 10.0; Win64; x64) AppleWebKit/537.36 (KHTML, like Gecko) Chrome/91.0.4472.114 Safari/537.36"
49.206.10.51 - - [24/Jun/2021:13:56:35 +0530] "-" 408 0 "-" "-"
150.129.104.120 - - [24/Jun/2021:13:56:41 +0530] "GET /homecreditUAT/images/homecredit_logo.jpg HTTP/1.1" 200 24921 "-" "Dalvik/2.1.0 (Linux; U; Android 6.0; A1601 Build/MRA58K)"
150.129.104.120 - - [24/Jun/2021:13:59:26 +0530] "GET /homecreditUAT/images/homecredit_logo.jpg HTTP/1.1" 200 24921 "-" "Dalvik/2.1.0 (Linux; U; Android 6.0; A1601 Build/MRA58K)"
106.215.225.210 - - [24/Jun/2021:13:59:48 +0530] "POST /tvsib/index.php?r=notification/notification/jxgetunseennotificationcount HTTP/1.1" 200 424 "http://d.stratbeans.com/tvsib/index.php?r=user/user" "Mozilla/5.0 (Windows NT 10.0; Win64; x64) AppleWebKit/537.36 (KHTML, like Gecko) Chrome/91.0.4472.114 Safari/537.36"
49.206.10.51 - - [24/Jun/2021:14:00:43 +0530] "POST /tvsUAT/index.php?r=notification/notification/jxgetunseennotificationcount HTTP/1.1" 200 425 "http://d.stratbeans.com/tvsUAT/index.php?r=hierarchy/mapping/index&userId=7705" "Mozilla/5.0 (Windows NT 10.0; Win64; x64) AppleWebKit/537.36 (KHTML, like Gecko) Chrome/91.0.4472.114 Safari/537.36"
106.215.161.186 - - [24/Jun/2021:14:01:26 +0530] "POST /tvsib/index.php?r=notification/notification/jxgetunseennotificationcount HTTP/1.1" 200 424 "http://d.stratbeans.com/tvsib/index.php?r=user/upload" "Mozilla/5.0 (Windows NT 10.0; Win64; x64) AppleWebKit/537.36 (KHTML, like Gecko) Chrome/91.0.4472.114 Safari/537.36"
49.36.209.201 - - [24/Jun/2021:14:02:19 +0530] "GET /tvsib_tmp/images/barium_logo.png HTTP/1.1" 200 15559 "-" "Dalvik/2.1.0 (Linux; U; Android 10; vivo 1804 Build/QP1A.190711.020)"
129.146.45.147 - - [24/Jun/2021:14:03:29 +0530] "POST / HTTP/1.1" 200 3461 "-" "Mozilla/5.0 (X11; Linux x86_64) AppleWebKit/537.36 (KHTML, like Gecko) Chrome/81.0.4044.129 Safari/537.36"
129.146.45.147 - - [24/Jun/2021:14:03:30 +0530] "GET /.env HTTP/1.1" 404 397 "-" "Mozilla/5.0 (X11; Linux x86_64) AppleWebKit/537.36 (KHTML, like Gecko) Chrome/81.0.4044.129 Safari/537.36"
106.215.161.186 - - [24/Jun/2021:14:04:49 +0530] "POST /tvsib/index.php?r=notification/notification/jxgetunseennotificationcount HTTP/1.1" 200 424 "http://d.stratbeans.com/tvsib/index.php?r=user/user" "Mozilla/5.0 (Windows NT 10.0; Win64; x64) AppleWebKit/537.36 (KHTML, like Gecko) Chrome/91.0.4472.114 Safari/537.36"
49.206.10.51 - - [24/Jun/2021:14:05:43 +0530] "POST /tvsUAT/index.php?r=notification/notification/jxgetunseennotificationcount HTTP/1.1" 200 425 "http://d.stratbeans.com/tvsUAT/index.php?r=hierarchy/mapping/index&userId=7705" "Mozilla/5.0 (Windows NT 10.0; Win64; x64) AppleWebKit/537.36 (KHTML, like Gecko) Chrome/91.0.4472.114 Safari/537.36"
106.215.161.186 - - [24/Jun/2021:14:06:26 +0530] "POST /tvsib/index.php?r=notification/notification/jxgetunseennotificationcount HTTP/1.1" 200 424 "http://d.stratbeans.com/tvsib/index.php?r=user/upload" "Mozilla/5.0 (Windows NT 10.0; Win64; x64) AppleWebKit/537.36 (KHTML, like Gecko) Chrome/91.0.4472.114 Safari/537.36"
59.88.100.87 - - [24/Jun/2021:14:09:40 +0530] "GET /visionet_lms1/images/vision-new.png HTTP/1.1" 200 27760 "-" "Wget/1.19.4 (linux-gnu)"
49.206.10.51 - - [24/Jun/2021:14:10:43 +0530] "POST /tvsUAT/index.php?r=notification/notification/jxgetunseennotificationcount HTTP/1.1" 200 425 "http://d.stratbeans.com/tvsUAT/index.php?r=hierarchy/mapping/index&userId=7705" "Mozilla/5.0 (Windows NT 10.0; Win64; x64) AppleWebKit/537.36 (KHTML, like Gecko) Chrome/91.0.4472.114 Safari/537.36"
106.215.161.186 - - [24/Jun/2021:14:11:26 +0530] "POST /tvsib/index.php?r=notification/notification/jxgetunseennotificationcount HTTP/1.1" 200 424 "http://d.stratbeans.com/tvsib/index.php?r=user/upload" "Mozilla/5.0 (Windows NT 10.0; Win64; x64) AppleWebKit/537.36 (KHTML, like Gecko) Chrome/91.0.4472.114 Safari/537.36"
35.195.57.216 - - [24/Jun/2021:14:11:29 +0530] "GET / HTTP/1.1" 200 3461 "-" "python-requests/2.25.1"
49.206.10.51 - - [24/Jun/2021:14:15:43 +0530] "POST /tvsUAT/index.php?r=notification/notification/jxgetunseennotificationcount HTTP/1.1" 200 425 "http://d.stratbeans.com/tvsUAT/index.php?r=hierarchy/mapping/index&userId=7705" "Mozilla/5.0 (Windows NT 10.0; Win64; x64) AppleWebKit/537.36 (KHTML, like Gecko) Chrome/91.0.4472.114 Safari/537.36"
23.129.64.143 - - [24/Jun/2021:14:15:51 +0530] "GET / HTTP/1.1" 200 3424 "-" "Mozilla/5.0 (compatible; Baiduspider/2.0; +http://www.baidu.com/search/spider.html)"
106.215.161.186 - - [24/Jun/2021:14:16:26 +0530] "POST /tvsib/index.php?r=notification/notification/jxgetunseennotificationcount HTTP/1.1" 200 424 "http://d.stratbeans.com/tvsib/index.php?r=user/upload" "Mozilla/5.0 (Windows NT 10.0; Win64; x64) AppleWebKit/537.36 (KHTML, like Gecko) Chrome/91.0.4472.114 Safari/537.36"
49.206.10.51 - - [24/Jun/2021:14:20:43 +0530] "POST /tvsUAT/index.php?r=notification/notification/jxgetunseennotificationcount HTTP/1.1" 200 425 "http://d.stratbeans.com/tvsUAT/index.php?r=hierarchy/mapping/index&userId=7705" "Mozilla/5.0 (Windows NT 10.0; Win64; x64) AppleWebKit/537.36 (KHTML, like Gecko) Chrome/91.0.4472.114 Safari/537.36"
106.215.161.186 - - [24/Jun/2021:14:21:26 +0530] "POST /tvsib/index.php?r=notification/notification/jxgetunseennotificationcount HTTP/1.1" 200 424 "http://d.stratbeans.com/tvsib/index.php?r=user/upload" "Mozilla/5.0 (Windows NT 10.0; Win64; x64) AppleWebKit/537.36 (KHTML, like Gecko) Chrome/91.0.4472.114 Safari/537.36"
49.206.10.51 - - [24/Jun/2021:14:21:34 +0530] "-" 408 0 "-" "-"
49.206.10.51 - - [24/Jun/2021:14:25:43 +0530] "POST /tvsUAT/index.php?r=notification/notification/jxgetunseennotificationcount HTTP/1.1" 200 425 "http://d.stratbeans.com/tvsUAT/index.php?r=hierarchy/mapping/index&userId=7705" "Mozilla/5.0 (Windows NT 10.0; Win64; x64) AppleWebKit/537.36 (KHTML, like Gecko) Chrome/91.0.4472.114 Safari/537.36"
3.236.205.92 - - [24/Jun/2021:14:28:00 +0530] "GET /.env HTTP/1.1" 404 397 "-" "Mozilla/5.0 (X11; Linux x86_64) AppleWebKit/537.36 (KHTML, like Gecko) Chrome/81.0.4044.129 Safari/537.36"
3.236.205.92 - - [24/Jun/2021:14:28:01 +0530] "POST / HTTP/1.1" 200 3461 "-" "Mozilla/5.0 (X11; Linux x86_64) AppleWebKit/537.36 (KHTML, like Gecko) Chrome/81.0.4044.129 Safari/537.36"
49.206.10.51 - - [24/Jun/2021:14:30:43 +0530] "POST /tvsUAT/index.php?r=notification/notification/jxgetunseennotificationcount HTTP/1.1" 200 425 "http://d.stratbeans.com/tvsUAT/index.php?r=hierarchy/mapping/index&userId=7705" "Mozilla/5.0 (Windows NT 10.0; Win64; x64) AppleWebKit/537.36 (KHTML, like Gecko) Chrome/91.0.4472.114 Safari/537.36"
49.206.10.51 - - [24/Jun/2021:14:35:43 +0530] "POST /tvsUAT/index.php?r=notification/notification/jxgetunseennotificationcount HTTP/1.1" 200 425 "http://d.stratbeans.com/tvsUAT/index.php?r=hierarchy/mapping/index&userId=7705" "Mozilla/5.0 (Windows NT 10.0; Win64; x64) AppleWebKit/537.36 (KHTML, like Gecko) Chrome/91.0.4472.114 Safari/537.36"
49.206.10.51 - - [24/Jun/2021:14:40:43 +0530] "POST /tvsUAT/index.php?r=notification/notification/jxgetunseennotificationcount HTTP/1.1" 200 425 "http://d.stratbeans.com/tvsUAT/index.php?r=hierarchy/mapping/index&userId=7705" "Mozilla/5.0 (Windows NT 10.0; Win64; x64) AppleWebKit/537.36 (KHTML, like Gecko) Chrome/91.0.4472.114 Safari/537.36"
49.206.10.51 - - [24/Jun/2021:14:45:43 +0530] "POST /tvsUAT/index.php?r=notification/notification/jxgetunseennotificationcount HTTP/1.1" 200 425 "http://d.stratbeans.com/tvsUAT/index.php?r=hierarchy/mapping/index&userId=7705" "Mozilla/5.0 (Windows NT 10.0; Win64; x64) AppleWebKit/537.36 (KHTML, like Gecko) Chrome/91.0.4472.114 Safari/537.36"
49.206.10.51 - - [24/Jun/2021:14:50:43 +0530] "POST /tvsUAT/index.php?r=notification/notification/jxgetunseennotificationcount HTTP/1.1" 200 425 "http://d.stratbeans.com/tvsUAT/index.php?r=hierarchy/mapping/index&userId=7705" "Mozilla/5.0 (Windows NT 10.0; Win64; x64) AppleWebKit/537.36 (KHTML, like Gecko) Chrome/91.0.4472.114 Safari/537.36"
49.206.10.51 - - [24/Jun/2021:14:51:34 +0530] "-" 408 0 "-" "-"
49.206.10.51 - - [24/Jun/2021:14:55:43 +0530] "POST /tvsUAT/index.php?r=notification/notification/jxgetunseennotificationcount HTTP/1.1" 200 425 "http://d.stratbeans.com/tvsUAT/index.php?r=hierarchy/mapping/index&userId=7705" "Mozilla/5.0 (Windows NT 10.0; Win64; x64) AppleWebKit/537.36 (KHTML, like Gecko) Chrome/91.0.4472.114 Safari/537.36"
49.206.10.51 - - [24/Jun/2021:15:00:43 +0530] "POST /tvsUAT/index.php?r=notification/notification/jxgetunseennotificationcount HTTP/1.1" 200 425 "http://d.stratbeans.com/tvsUAT/index.php?r=hierarchy/mapping/index&userId=7705" "Mozilla/5.0 (Windows NT 10.0; Win64; x64) AppleWebKit/537.36 (KHTML, like Gecko) Chrome/91.0.4472.114 Safari/537.36"
49.206.10.51 - - [24/Jun/2021:15:01:34 +0530] "-" 408 0 "-" "-"
223.178.148.229 - - [24/Jun/2021:15:04:07 +0530] "POST /sales-chromium/index.php?r=notification/notification/jxgetunseennotificationcount HTTP/1.1" 302 373 "http://d.stratbeans.com/sales-chromium/index.php?r=report/allCourseScore/index" "Mozilla/5.0 (Macintosh; Intel Mac OS X 10_15_6) AppleWebKit/605.1.15 (KHTML, like Gecko) Version/14.0.3 Safari/605.1.15"
223.178.148.229 - - [24/Jun/2021:15:04:07 +0530] "GET /sales-chromium/index.php?r=user/login HTTP/1.1" 200 3681 "http://d.stratbeans.com/sales-chromium/index.php?r=report/allCourseScore/index" "Mozilla/5.0 (Macintosh; Intel Mac OS X 10_15_6) AppleWebKit/605.1.15 (KHTML, like Gecko) Version/14.0.3 Safari/605.1.15"
49.206.10.51 - - [24/Jun/2021:15:05:43 +0530] "POST /tvsUAT/index.php?r=notification/notification/jxgetunseennotificationcount HTTP/1.1" 200 425 "http://d.stratbeans.com/tvsUAT/index.php?r=hierarchy/mapping/index&userId=7705" "Mozilla/5.0 (Windows NT 10.0; Win64; x64) AppleWebKit/537.36 (KHTML, like Gecko) Chrome/91.0.4472.114 Safari/537.36"
49.206.10.51 - - [24/Jun/2021:15:10:43 +0530] "POST /tvsUAT/index.php?r=notification/notification/jxgetunseennotificationcount HTTP/1.1" 200 425 "http://d.stratbeans.com/tvsUAT/index.php?r=hierarchy/mapping/index&userId=7705" "Mozilla/5.0 (Windows NT 10.0; Win64; x64) AppleWebKit/537.36 (KHTML, like Gecko) Chrome/91.0.4472.114 Safari/537.36"
49.206.10.51 - - [24/Jun/2021:15:11:34 +0530] "-" 408 0 "-" "-"
158.101.13.56 - - [24/Jun/2021:15:12:20 +0530] "POST / HTTP/1.1" 200 3461 "-" "Mozilla/5.0 (X11; Linux x86_64) AppleWebKit/537.36 (KHTML, like Gecko) Chrome/81.0.4044.129 Safari/537.36"
158.101.13.56 - - [24/Jun/2021:15:12:22 +0530] "GET /.env HTTP/1.1" 404 397 "-" "Mozilla/5.0 (X11; Linux x86_64) AppleWebKit/537.36 (KHTML, like Gecko) Chrome/81.0.4044.129 Safari/537.36"
49.206.10.51 - - [24/Jun/2021:15:15:43 +0530] "POST /tvsUAT/index.php?r=notification/notification/jxgetunseennotificationcount HTTP/1.1" 200 425 "http://d.stratbeans.com/tvsUAT/index.php?r=hierarchy/mapping/index&userId=7705" "Mozilla/5.0 (Windows NT 10.0; Win64; x64) AppleWebKit/537.36 (KHTML, like Gecko) Chrome/91.0.4472.114 Safari/537.36"
223.235.128.49 - - [24/Jun/2021:15:16:51 +0530] "GET /gebbs_new HTTP/1.1" 301 497 "-" "Mozilla/5.0 (Windows NT 10.0; Win64; x64) AppleWebKit/537.36 (KHTML, like Gecko) Chrome/91.0.4472.114 Safari/537.36"
223.235.128.49 - - [24/Jun/2021:15:16:51 +0530] "GET /gebbs_new/ HTTP/1.1" 200 4214 "-" "Mozilla/5.0 (Windows NT 10.0; Win64; x64) AppleWebKit/537.36 (KHTML, like Gecko) Chrome/91.0.4472.114 Safari/537.36"
223.235.128.49 - - [24/Jun/2021:15:16:52 +0530] "GET /gebbs_new/con-template/nanoScroller/nanoscroller.css HTTP/1.1" 200 858 "http://d.stratbeans.com/gebbs_new/" "Mozilla/5.0 (Windows NT 10.0; Win64; x64) AppleWebKit/537.36 (KHTML, like Gecko) Chrome/91.0.4472.114 Safari/537.36"
223.235.128.49 - - [24/Jun/2021:15:16:52 +0530] "GET /gebbs_new/con-template/_con-template/css/_con.min.css HTTP/1.1" 200 31415 "http://d.stratbeans.com/gebbs_new/" "Mozilla/5.0 (Windows NT 10.0; Win64; x64) AppleWebKit/537.36 (KHTML, like Gecko) Chrome/91.0.4472.114 Safari/537.36"
223.235.128.49 - - [24/Jun/2021:15:16:52 +0530] "GET /gebbs_new/css/common.css HTTP/1.1" 200 1101 "http://d.stratbeans.com/gebbs_new/" "Mozilla/5.0 (Windows NT 10.0; Win64; x64) AppleWebKit/537.36 (KHTML, like Gecko) Chrome/91.0.4472.114 Safari/537.36"
223.235.128.49 - - [24/Jun/2021:15:16:52 +0530] "GET /gebbs_new/css/toastr.css HTTP/1.1" 200 2587 "http://d.stratbeans.com/gebbs_new/" "Mozilla/5.0 (Windows NT 10.0; Win64; x64) AppleWebKit/537.36 (KHTML, like Gecko) Chrome/91.0.4472.114 Safari/537.36"
223.235.128.49 - - [24/Jun/2021:15:16:52 +0530] "GET /gebbs_new/assets/a1ddffd5/jquery.yiiactiveform.js HTTP/1.1" 200 4150 "http://d.stratbeans.com/gebbs_new/" "Mozilla/5.0 (Windows NT 10.0; Win64; x64) AppleWebKit/537.36 (KHTML, like Gecko) Chrome/91.0.4472.114 Safari/537.36"
223.235.128.49 - - [24/Jun/2021:15:16:52 +0530] "GET /gebbs_new/js/toastr.js HTTP/1.1" 200 3154 "http://d.stratbeans.com/gebbs_new/" "Mozilla/5.0 (Windows NT 10.0; Win64; x64) AppleWebKit/537.36 (KHTML, like Gecko) Chrome/91.0.4472.114 Safari/537.36"
223.235.128.49 - - [24/Jun/2021:15:16:52 +0530] "GET /gebbs_new/assets/a1ddffd5/jquery.js HTTP/1.1" 200 84647 "http://d.stratbeans.com/gebbs_new/" "Mozilla/5.0 (Windows NT 10.0; Win64; x64) AppleWebKit/537.36 (KHTML, like Gecko) Chrome/91.0.4472.114 Safari/537.36"
223.235.128.49 - - [24/Jun/2021:15:16:52 +0530] "GET /gebbs_new/js/common/angular_barium.js HTTP/1.1" 200 661 "http://d.stratbeans.com/gebbs_new/" "Mozilla/5.0 (Windows NT 10.0; Win64; x64) AppleWebKit/537.36 (KHTML, like Gecko) Chrome/91.0.4472.114 Safari/537.36"
223.235.128.49 - - [24/Jun/2021:15:16:52 +0530] "GET /gebbs_new/js/common/services/message.factory.js HTTP/1.1" 200 1160 "http://d.stratbeans.com/gebbs_new/" "Mozilla/5.0 (Windows NT 10.0; Win64; x64) AppleWebKit/537.36 (KHTML, like Gecko) Chrome/91.0.4472.114 Safari/537.36"
223.235.128.49 - - [24/Jun/2021:15:16:52 +0530] "GET /gebbs_new/con-template/materialize/js/materialize.min.js HTTP/1.1" 200 37286 "http://d.stratbeans.com/gebbs_new/" "Mozilla/5.0 (Windows NT 10.0; Win64; x64) AppleWebKit/537.36 (KHTML, like Gecko) Chrome/91.0.4472.114 Safari/537.36"
223.235.128.49 - - [24/Jun/2021:15:16:52 +0530] "GET /gebbs_new/con-template/jqueryRAF/jquery.requestAnimationFrame.min.js HTTP/1.1" 200 763 "http://d.stratbeans.com/gebbs_new/" "Mozilla/5.0 (Windows NT 10.0; Win64; x64) AppleWebKit/537.36 (KHTML, like Gecko) Chrome/91.0.4472.114 Safari/537.36"
223.235.128.49 - - [24/Jun/2021:15:16:52 +0530] "GET /gebbs_new/con-template/nanoScroller/jquery.nanoscroller.min.js HTTP/1.1" 200 3809 "http://d.stratbeans.com/gebbs_new/" "Mozilla/5.0 (Windows NT 10.0; Win64; x64) AppleWebKit/537.36 (KHTML, like Gecko) Chrome/91.0.4472.114 Safari/537.36"
223.235.128.49 - - [24/Jun/2021:15:16:52 +0530] "GET /gebbs_new/con-template/_con-template/js/_con.min.js HTTP/1.1" 200 6159 "http://d.stratbeans.com/gebbs_new/" "Mozilla/5.0 (Windows NT 10.0; Win64; x64) AppleWebKit/537.36 (KHTML, like Gecko) Chrome/91.0.4472.114 Safari/537.36"
223.235.128.49 - - [24/Jun/2021:15:16:52 +0530] "GET /gebbs_new/js/loginanimation/backgroundanimation.js HTTP/1.1" 200 1154 "http://d.stratbeans.com/gebbs_new/" "Mozilla/5.0 (Windows NT 10.0; Win64; x64) AppleWebKit/537.36 (KHTML, like Gecko) Chrome/91.0.4472.114 Safari/537.36"
223.235.128.49 - - [24/Jun/2021:15:16:52 +0530] "POST /gebbs_new/index.php?r=user/login/jxfetchlanguagepreference HTTP/1.1" 200 442 "http://d.stratbeans.com/gebbs_new/" "Mozilla/5.0 (Windows NT 10.0; Win64; x64) AppleWebKit/537.36 (KHTML, like Gecko) Chrome/91.0.4472.114 Safari/537.36"
223.235.128.49 - - [24/Jun/2021:15:16:52 +0530] "POST /gebbs_new/index.php?r=user/login/jxfetchlanguagepreference HTTP/1.1" 200 442 "http://d.stratbeans.com/gebbs_new/" "Mozilla/5.0 (Windows NT 10.0; Win64; x64) AppleWebKit/537.36 (KHTML, like Gecko) Chrome/91.0.4472.114 Safari/537.36"
223.235.128.49 - - [24/Jun/2021:15:16:52 +0530] "GET /gebbs_new/images/gebbs_logo.png HTTP/1.1" 200 737137 "http://d.stratbeans.com/gebbs_new/" "Mozilla/5.0 (Windows NT 10.0; Win64; x64) AppleWebKit/537.36 (KHTML, like Gecko) Chrome/91.0.4472.114 Safari/537.36"
223.235.128.49 - - [24/Jun/2021:15:16:52 +0530] "GET /gebbs_new/images/background-goperform.png HTTP/1.1" 200 215767 "http://d.stratbeans.com/gebbs_new/" "Mozilla/5.0 (Windows NT 10.0; Win64; x64) AppleWebKit/537.36 (KHTML, like Gecko) Chrome/91.0.4472.114 Safari/537.36"
223.235.128.49 - - [24/Jun/2021:15:16:53 +0530] "GET /favicon.ico HTTP/1.1" 404 396 "http://d.stratbeans.com/gebbs_new/" "Mozilla/5.0 (Windows NT 10.0; Win64; x64) AppleWebKit/537.36 (KHTML, like Gecko) Chrome/91.0.4472.114 Safari/537.36"
223.235.128.49 - - [24/Jun/2021:15:16:57 +0530] "POST /gebbs_new/ HTTP/1.1" 302 434 "http://d.stratbeans.com/gebbs_new/" "Mozilla/5.0 (Windows NT 10.0; Win64; x64) AppleWebKit/537.36 (KHTML, like Gecko) Chrome/91.0.4472.114 Safari/537.36"
223.235.128.49 - - [24/Jun/2021:15:16:58 +0530] "GET /gebbs_new/index.php?r=dashboard/dashboard HTTP/1.1" 200 8292 "http://d.stratbeans.com/gebbs_new/" "Mozilla/5.0 (Windows NT 10.0; Win64; x64) AppleWebKit/537.36 (KHTML, like Gecko) Chrome/91.0.4472.114 Safari/537.36"
223.235.128.49 - - [24/Jun/2021:15:16:58 +0530] "GET /gebbs_new/js/angular/angular.min.js HTTP/1.1" 200 46773 "http://d.stratbeans.com/gebbs_new/index.php?r=dashboard/dashboard" "Mozilla/5.0 (Windows NT 10.0; Win64; x64) AppleWebKit/537.36 (KHTML, like Gecko) Chrome/91.0.4472.114 Safari/537.36"
223.235.128.49 - - [24/Jun/2021:15:16:58 +0530] "GET /gebbs_new/css/font-awesome.min.css HTTP/1.1" 200 5765 "http://d.stratbeans.com/gebbs_new/index.php?r=dashboard/dashboard" "Mozilla/5.0 (Windows NT 10.0; Win64; x64) AppleWebKit/537.36 (KHTML, like Gecko) Chrome/91.0.4472.114 Safari/537.36"
223.235.128.49 - - [24/Jun/2021:15:16:58 +0530] "GET /gebbs_new/css/multi-select.css HTTP/1.1" 200 2224 "http://d.stratbeans.com/gebbs_new/index.php?r=dashboard/dashboard" "Mozilla/5.0 (Windows NT 10.0; Win64; x64) AppleWebKit/537.36 (KHTML, like Gecko) Chrome/91.0.4472.114 Safari/537.36"
223.235.128.49 - - [24/Jun/2021:15:16:58 +0530] "GET /gebbs_new/con-template/jquery/jquery.min.js HTTP/1.1" 200 33620 "http://d.stratbeans.com/gebbs_new/index.php?r=dashboard/dashboard" "Mozilla/5.0 (Windows NT 10.0; Win64; x64) AppleWebKit/537.36 (KHTML, like Gecko) Chrome/91.0.4472.114 Safari/537.36"
223.235.128.49 - - [24/Jun/2021:15:16:58 +0530] "GET /gebbs_new/css/uploadFile.css HTTP/1.1" 200 1117 "http://d.stratbeans.com/gebbs_new/index.php?r=dashboard/dashboard" "Mozilla/5.0 (Windows NT 10.0; Win64; x64) AppleWebKit/537.36 (KHTML, like Gecko) Chrome/91.0.4472.114 Safari/537.36"
223.235.128.49 - - [24/Jun/2021:15:16:58 +0530] "GET /gebbs_new/css/material-design-iconic-font.min.css HTTP/1.1" 200 7300 "http://d.stratbeans.com/gebbs_new/index.php?r=dashboard/dashboard" "Mozilla/5.0 (Windows NT 10.0; Win64; x64) AppleWebKit/537.36 (KHTML, like Gecko) Chrome/91.0.4472.114 Safari/537.36"
223.235.128.49 - - [24/Jun/2021:15:16:58 +0530] "GET /gebbs_new/css/cs.css HTTP/1.1" 200 2091 "http://d.stratbeans.com/gebbs_new/index.php?r=dashboard/dashboard" "Mozilla/5.0 (Windows NT 10.0; Win64; x64) AppleWebKit/537.36 (KHTML, like Gecko) Chrome/91.0.4472.114 Safari/537.36"
223.235.128.49 - - [24/Jun/2021:15:16:58 +0530] "GET /gebbs_new/css/gridHighlight.css HTTP/1.1" 200 479 "http://d.stratbeans.com/gebbs_new/index.php?r=dashboard/dashboard" "Mozilla/5.0 (Windows NT 10.0; Win64; x64) AppleWebKit/537.36 (KHTML, like Gecko) Chrome/91.0.4472.114 Safari/537.36"
223.235.128.49 - - [24/Jun/2021:15:16:58 +0530] "GET /gebbs_new/con-template/material-design-icons/css/material-design-icons.min.css HTTP/1.1" 200 6842 "http://d.stratbeans.com/gebbs_new/index.php?r=dashboard/dashboard" "Mozilla/5.0 (Windows NT 10.0; Win64; x64) AppleWebKit/537.36 (KHTML, like Gecko) Chrome/91.0.4472.114 Safari/537.36"
223.235.128.49 - - [24/Jun/2021:15:16:58 +0530] "GET /gebbs_new/css/material-icons.css HTTP/1.1" 200 643 "http://d.stratbeans.com/gebbs_new/index.php?r=dashboard/dashboard" "Mozilla/5.0 (Windows NT 10.0; Win64; x64) AppleWebKit/537.36 (KHTML, like Gecko) Chrome/91.0.4472.114 Safari/537.36"
223.235.128.49 - - [24/Jun/2021:15:16:58 +0530] "GET /gebbs_new/css/introjs.min.css HTTP/1.1" 200 2427 "http://d.stratbeans.com/gebbs_new/index.php?r=dashboard/dashboard" "Mozilla/5.0 (Windows NT 10.0; Win64; x64) AppleWebKit/537.36 (KHTML, like Gecko) Chrome/91.0.4472.114 Safari/537.36"
223.235.128.49 - - [24/Jun/2021:15:16:58 +0530] "GET /gebbs_new/js/datatables/jquery.dataTables.min.css HTTP/1.1" 200 2430 "http://d.stratbeans.com/gebbs_new/index.php?r=dashboard/dashboard" "Mozilla/5.0 (Windows NT 10.0; Win64; x64) AppleWebKit/537.36 (KHTML, like Gecko) Chrome/91.0.4472.114 Safari/537.36"
223.235.128.49 - - [24/Jun/2021:15:16:58 +0530] "GET /gebbs_new/js/datatables/buttons.dataTables.min.css HTTP/1.1" 200 2163 "http://d.stratbeans.com/gebbs_new/index.php?r=dashboard/dashboard" "Mozilla/5.0 (Windows NT 10.0; Win64; x64) AppleWebKit/537.36 (KHTML, like Gecko) Chrome/91.0.4472.114 Safari/537.36"
223.235.128.49 - - [24/Jun/2021:15:16:58 +0530] "GET /gebbs_new/js/select2/select2.min.css HTTP/1.1" 200 2319 "http://d.stratbeans.com/gebbs_new/index.php?r=dashboard/dashboard" "Mozilla/5.0 (Windows NT 10.0; Win64; x64) AppleWebKit/537.36 (KHTML, like Gecko) Chrome/91.0.4472.114 Safari/537.36"
223.235.128.49 - - [24/Jun/2021:15:16:58 +0530] "GET /gebbs_new/con-template/html5shiv/html5shiv.min.js HTTP/1.1" 200 1643 "http://d.stratbeans.com/gebbs_new/index.php?r=dashboard/dashboard" "Mozilla/5.0 (Windows NT 10.0; Win64; x64) AppleWebKit/537.36 (KHTML, like Gecko) Chrome/91.0.4472.114 Safari/537.36"
223.235.128.49 - - [24/Jun/2021:15:16:58 +0530] "GET /gebbs_new/js/dropify/dist/css/dropify.css HTTP/1.1" 200 2682 "http://d.stratbeans.com/gebbs_new/index.php?r=dashboard/dashboard" "Mozilla/5.0 (Windows NT 10.0; Win64; x64) AppleWebKit/537.36 (KHTML, like Gecko) Chrome/91.0.4472.114 Safari/537.36"
223.235.128.49 - - [24/Jun/2021:15:16:58 +0530] "GET /gebbs_new/lib/google-font/roboto.css HTTP/1.1" 200 1890 "http://d.stratbeans.com/gebbs_new/index.php?r=dashboard/dashboard" "Mozilla/5.0 (Windows NT 10.0; Win64; x64) AppleWebKit/537.36 (KHTML, like Gecko) Chrome/91.0.4472.114 Safari/537.36"
223.235.128.49 - - [24/Jun/2021:15:16:59 +0530] "GET /gebbs_new/js/datatables/jquery.dataTables.min.js HTTP/1.1" 200 28801 "http://d.stratbeans.com/gebbs_new/index.php?r=dashboard/dashboard" "Mozilla/5.0 (Windows NT 10.0; Win64; x64) AppleWebKit/537.36 (KHTML, like Gecko) Chrome/91.0.4472.114 Safari/537.36"
223.235.128.49 - - [24/Jun/2021:15:16:59 +0530] "GET /gebbs_new/js/datatables/dataTables.buttons.min.js HTTP/1.1" 200 6805 "http://d.stratbeans.com/gebbs_new/index.php?r=dashboard/dashboard" "Mozilla/5.0 (Windows NT 10.0; Win64; x64) AppleWebKit/537.36 (KHTML, like Gecko) Chrome/91.0.4472.114 Safari/537.36"
223.235.128.49 - - [24/Jun/2021:15:16:59 +0530] "GET /gebbs_new/js/select2/select2.min.js HTTP/1.1" 200 20086 "http://d.stratbeans.com/gebbs_new/index.php?r=dashboard/dashboard" "Mozilla/5.0 (Windows NT 10.0; Win64; x64) AppleWebKit/537.36 (KHTML, like Gecko) Chrome/91.0.4472.114 Safari/537.36"
223.235.128.49 - - [24/Jun/2021:15:16:59 +0530] "GET /gebbs_new/js/dropify/dist/js/dropify.js HTTP/1.1" 200 4521 "http://d.stratbeans.com/gebbs_new/index.php?r=dashboard/dashboard" "Mozilla/5.0 (Windows NT 10.0; Win64; x64) AppleWebKit/537.36 (KHTML, like Gecko) Chrome/91.0.4472.114 Safari/537.36"
223.235.128.49 - - [24/Jun/2021:15:16:59 +0530] "GET /gebbs_new/css/createForm.css HTTP/1.1" 200 509 "http://d.stratbeans.com/gebbs_new/index.php?r=dashboard/dashboard" "Mozilla/5.0 (Windows NT 10.0; Win64; x64) AppleWebKit/537.36 (KHTML, like Gecko) Chrome/91.0.4472.114 Safari/537.36"
223.235.128.49 - - [24/Jun/2021:15:16:59 +0530] "GET /gebbs_new/angular-templates/loader/loader.directive.js HTTP/1.1" 200 596 "http://d.stratbeans.com/gebbs_new/index.php?r=dashboard/dashboard" "Mozilla/5.0 (Windows NT 10.0; Win64; x64) AppleWebKit/537.36 (KHTML, like Gecko) Chrome/91.0.4472.114 Safari/537.36"
223.235.128.49 - - [24/Jun/2021:15:16:59 +0530] "GET /gebbs_new/js/intro.min.js HTTP/1.1" 200 6184 "http://d.stratbeans.com/gebbs_new/index.php?r=dashboard/dashboard" "Mozilla/5.0 (Windows NT 10.0; Win64; x64) AppleWebKit/537.36 (KHTML, like Gecko) Chrome/91.0.4472.114 Safari/537.36"
223.235.128.49 - - [24/Jun/2021:15:16:59 +0530] "GET /gebbs_new/con-template/angularjs-rickshaw/rickshaw-angularjs.js HTTP/1.1" 200 2158 "http://d.stratbeans.com/gebbs_new/index.php?r=dashboard/dashboard" "Mozilla/5.0 (Windows NT 10.0; Win64; x64) AppleWebKit/537.36 (KHTML, like Gecko) Chrome/91.0.4472.114 Safari/537.36"
223.235.128.49 - - [24/Jun/2021:15:16:59 +0530] "GET /gebbs_new/js/angular-loading-bar.js HTTP/1.1" 200 3364 "http://d.stratbeans.com/gebbs_new/index.php?r=dashboard/dashboard" "Mozilla/5.0 (Windows NT 10.0; Win64; x64) AppleWebKit/537.36 (KHTML, like Gecko) Chrome/91.0.4472.114 Safari/537.36"
223.235.128.49 - - [24/Jun/2021:15:16:59 +0530] "GET /gebbs_new/js/angular/angular-animate.min.js HTTP/1.1" 200 9392 "http://d.stratbeans.com/gebbs_new/index.php?r=dashboard/dashboard" "Mozilla/5.0 (Windows NT 10.0; Win64; x64) AppleWebKit/537.36 (KHTML, like Gecko) Chrome/91.0.4472.114 Safari/537.36"
223.235.128.49 - - [24/Jun/2021:15:16:59 +0530] "GET /gebbs_new/css/angular-loading-bar.css HTTP/1.1" 200 1050 "http://d.stratbeans.com/gebbs_new/index.php?r=dashboard/dashboard" "Mozilla/5.0 (Windows NT 10.0; Win64; x64) AppleWebKit/537.36 (KHTML, like Gecko) Chrome/91.0.4472.114 Safari/537.36"
223.235.128.49 - - [24/Jun/2021:15:16:59 +0530] "GET /gebbs_new/images/learning.jpg HTTP/1.1" 200 70504 "http://d.stratbeans.com/gebbs_new/index.php?r=dashboard/dashboard" "Mozilla/5.0 (Windows NT 10.0; Win64; x64) AppleWebKit/537.36 (KHTML, like Gecko) Chrome/91.0.4472.114 Safari/537.36"
223.235.128.49 - - [24/Jun/2021:15:16:59 +0530] "GET /gebbs_new/images/public_digital_library.jpg HTTP/1.1" 200 75017 "http://d.stratbeans.com/gebbs_new/index.php?r=dashboard/dashboard" "Mozilla/5.0 (Windows NT 10.0; Win64; x64) AppleWebKit/537.36 (KHTML, like Gecko) Chrome/91.0.4472.114 Safari/537.36"
223.235.128.49 - - [24/Jun/2021:15:16:59 +0530] "GET /gebbs_new/images/announcements.jpg HTTP/1.1" 200 28682 "http://d.stratbeans.com/gebbs_new/index.php?r=dashboard/dashboard" "Mozilla/5.0 (Windows NT 10.0; Win64; x64) AppleWebKit/537.36 (KHTML, like Gecko) Chrome/91.0.4472.114 Safari/537.36"
223.235.128.49 - - [24/Jun/2021:15:16:59 +0530] "GET /gebbs_new/images/my_progress.jpg HTTP/1.1" 200 3504 "http://d.stratbeans.com/gebbs_new/index.php?r=dashboard/dashboard" "Mozilla/5.0 (Windows NT 10.0; Win64; x64) AppleWebKit/537.36 (KHTML, like Gecko) Chrome/91.0.4472.114 Safari/537.36"
223.235.128.49 - - [24/Jun/2021:15:16:59 +0530] "GET /gebbs_new/images/certificate.jpg HTTP/1.1" 200 28064 "http://d.stratbeans.com/gebbs_new/index.php?r=dashboard/dashboard" "Mozilla/5.0 (Windows NT 10.0; Win64; x64) AppleWebKit/537.36 (KHTML, like Gecko) Chrome/91.0.4472.114 Safari/537.36"
223.235.128.49 - - [24/Jun/2021:15:16:59 +0530] "POST /gebbs_new/index.php?r=user/user/jxFetchActivationData HTTP/1.1" 200 429 "http://d.stratbeans.com/gebbs_new/index.php?r=dashboard/dashboard" "Mozilla/5.0 (Windows NT 10.0; Win64; x64) AppleWebKit/537.36 (KHTML, like Gecko) Chrome/91.0.4472.114 Safari/537.36"
223.235.128.49 - - [24/Jun/2021:15:16:59 +0530] "GET /gebbs_new/fonts/fontawesome-webfont.woff2?v=4.3.0 HTTP/1.1" 200 57026 "http://d.stratbeans.com/gebbs_new/css/font-awesome.min.css" "Mozilla/5.0 (Windows NT 10.0; Win64; x64) AppleWebKit/537.36 (KHTML, like Gecko) Chrome/91.0.4472.114 Safari/537.36"
223.235.128.49 - - [24/Jun/2021:15:16:59 +0530] "GET /gebbs_new/con-template/material-design-icons/font/Material-Design-Icons.woff2 HTTP/1.1" 200 37642 "http://d.stratbeans.com/gebbs_new/con-template/material-design-icons/css/material-design-icons.min.css" "Mozilla/5.0 (Windows NT 10.0; Win64; x64) AppleWebKit/537.36 (KHTML, like Gecko) Chrome/91.0.4472.114 Safari/537.36"
223.235.128.49 - - [24/Jun/2021:15:16:59 +0530] "POST /gebbs_new/index.php?r=notification/notification/jxgetunseennotificationcount HTTP/1.1" 200 422 "http://d.stratbeans.com/gebbs_new/index.php?r=dashboard/dashboard" "Mozilla/5.0 (Windows NT 10.0; Win64; x64) AppleWebKit/537.36 (KHTML, like Gecko) Chrome/91.0.4472.114 Safari/537.36"
223.235.128.49 - - [24/Jun/2021:15:17:05 +0530] "GET /gebbs_new/index.php?r=tms/training HTTP/1.1" 200 14519 "http://d.stratbeans.com/gebbs_new/index.php?r=dashboard/dashboard" "Mozilla/5.0 (Windows NT 10.0; Win64; x64) AppleWebKit/537.36 (KHTML, like Gecko) Chrome/91.0.4472.114 Safari/537.36"
223.235.128.49 - - [24/Jun/2021:15:17:05 +0530] "GET /gebbs_new/angular-templates/paginator/paginator.directive.js HTTP/1.1" 200 1197 "http://d.stratbeans.com/gebbs_new/index.php?r=tms/training" "Mozilla/5.0 (Windows NT 10.0; Win64; x64) AppleWebKit/537.36 (KHTML, like Gecko) Chrome/91.0.4472.114 Safari/537.36"
223.235.128.49 - - [24/Jun/2021:15:17:05 +0530] "GET /gebbs_new/css/ab-improve.css HTTP/1.1" 200 2655 "http://d.stratbeans.com/gebbs_new/index.php?r=tms/training" "Mozilla/5.0 (Windows NT 10.0; Win64; x64) AppleWebKit/537.36 (KHTML, like Gecko) Chrome/91.0.4472.114 Safari/537.36"
223.235.128.49 - - [24/Jun/2021:15:17:05 +0530] "GET /gebbs_new/js/ab-improve.js HTTP/1.1" 200 8413 "http://d.stratbeans.com/gebbs_new/index.php?r=tms/training" "Mozilla/5.0 (Windows NT 10.0; Win64; x64) AppleWebKit/537.36 (KHTML, like Gecko) Chrome/91.0.4472.114 Safari/537.36"
223.235.128.49 - - [24/Jun/2021:15:17:05 +0530] "GET /gebbs_new/css/pikaday.css HTTP/1.1" 200 1865 "http://d.stratbeans.com/gebbs_new/index.php?r=tms/training" "Mozilla/5.0 (Windows NT 10.0; Win64; x64) AppleWebKit/537.36 (KHTML, like Gecko) Chrome/91.0.4472.114 Safari/537.36"
223.235.128.49 - - [24/Jun/2021:15:17:05 +0530] "GET /gebbs_new/js/pikaday/pikaday.js HTTP/1.1" 200 8160 "http://d.stratbeans.com/gebbs_new/index.php?r=tms/training" "Mozilla/5.0 (Windows NT 10.0; Win64; x64) AppleWebKit/537.36 (KHTML, like Gecko) Chrome/91.0.4472.114 Safari/537.36"
223.235.128.49 - - [24/Jun/2021:15:17:05 +0530] "GET /gebbs_new/js/pikaday/pikaday.jquery.js HTTP/1.1" 200 878 "http://d.stratbeans.com/gebbs_new/index.php?r=tms/training" "Mozilla/5.0 (Windows NT 10.0; Win64; x64) AppleWebKit/537.36 (KHTML, like Gecko) Chrome/91.0.4472.114 Safari/537.36"
